<html>
<body>
<pre>
<h1>µVision Build Log</h1>
<h2>Tool Versions:</h2>
IDE-Version: ¦ÌVision V5.24.2.0
Copyright (C) 2017 ARM Ltd and ARM Germany GmbH. All rights reserved.
License Information: jk admin, yg, LIC=----
 
Tool Versions:
Toolchain:       MDK-Lite  Version: 5.24.1
Toolchain Path:  D:\32\ARM\ARMCC\Bin
C Compiler:      Armcc.exe V5.06 update 5 (build 528)
Assembler:       Armasm.exe V5.06 update 5 (build 528)
Linker/Locator:  ArmLink.exe V5.06 update 5 (build 528)
Library Manager: ArmAr.exe V5.06 update 5 (build 528)
Hex Converter:   FromElf.exe V5.06 update 5 (build 528)
CPU DLL:         SARMCM3.DLL V5.24.1
Dialog DLL:      DCM.DLL V1.16.0.0
Target DLL:      STLink\ST-LINKIII-KEIL_SWO.dll V3.0.1.0
Dialog DLL:      TCM.DLL V1.32.0.0
 
<h2>Project:</h2>
D:\zhuomian\32project\CubeMXTest\FreeRTOSLearn2_NoOsTest\MDK-ARM\FreeRTOSLearn2_NoOsTest.uvprojx
Project File Date:  09/03/2026

<h2>Output:</h2>
*** Using Compiler 'V5.06 update 5 (build 528)', folder: 'D:\32\ARM\ARMCC\Bin'
Build target 'FreeRTOSLearn2_NoOsTest'
compiling Task.c...
Task.c(16): warning:  #188-D: enumerated type mixed with another type
  		HAL_GPIO_WritePin(
PIOC,
PIO_PIN_13,0);
Task.c(20): warning:  #188-D: enumerated type mixed with another type
  		HAL_GPIO_WritePin(
PIOC,
PIO_PIN_13,1);
Task.c(65): warning:  #940-D: missing return statement at end of non-void function "fputc" 
  }
Task.c: 3 warnings, 0 errors
linking...
Program Size: Code=5308 RO-data=312 RW-data=36 ZI-data=1172  
FromELF: creating hex file...
"FreeRTOSLearn2_NoOsTest\FreeRTOSLearn2_NoOsTest.axf" - 0 Error(s), 3 Warning(s).

<h2>Software Packages used:</h2>

Package Vendor: ARM
                http://www.keil.com/pack/ARM.CMSIS.5.0.1.pack
                ARM.CMSIS.5.0.1
                CMSIS (Cortex Microcontroller Software Interface Standard)
   * Component: CORE Version: 5.0.1

Package Vendor: Keil
                http://www.keil.com/pack/Keil.STM32F1xx_DFP.2.2.0.pack
                Keil.STM32F1xx_DFP.2.2.0
                STMicroelectronics STM32F1 Series Device Support, Drivers and Examples

<h2>Collection of Component include folders:</h2>
  .\RTE\_FreeRTOSLearn2_NoOsTest
  D:\32\ARM\PACK\ARM\CMSIS\5.0.1\CMSIS\Include
  D:\32\ARM\PACK\Keil\STM32F1xx_DFP\2.2.0\Device\Include

<h2>Collection of Component Files used:</h2>

   * Component: ARM::CMSIS:CORE:5.0.1
Build Time Elapsed:  00:00:01
</pre>
</body>
</html>
