Component: ARM Compiler 5.06 update 5 (build 528) Tool: armlink [4d35e2]

==============================================================================

Section Cross References

    system_stm32f10x.o(i.SetSysClock) refers to system_stm32f10x.o(i.SetSysClockTo72) for SetSysClockTo72
    system_stm32f10x.o(i.SystemCoreClockUpdate) refers to system_stm32f10x.o(.data) for SystemCoreClock
    system_stm32f10x.o(i.SystemInit) refers to system_stm32f10x.o(i.SetSysClock) for SetSysClock
    startup_stm32f10x_md.o(STACK) refers (Special) to heapauxi.o(.text) for __use_two_region_memory
    startup_stm32f10x_md.o(HEAP) refers (Special) to heapauxi.o(.text) for __use_two_region_memory
    startup_stm32f10x_md.o(RESET) refers (Special) to heapauxi.o(.text) for __use_two_region_memory
    startup_stm32f10x_md.o(RESET) refers to startup_stm32f10x_md.o(STACK) for __initial_sp
    startup_stm32f10x_md.o(RESET) refers to startup_stm32f10x_md.o(.text) for Reset_Handler
    startup_stm32f10x_md.o(RESET) refers to stm32f10x_it.o(i.NMI_Handler) for NMI_Handler
    startup_stm32f10x_md.o(RESET) refers to stm32f10x_it.o(i.HardFault_Handler) for HardFault_Handler
    startup_stm32f10x_md.o(RESET) refers to stm32f10x_it.o(i.MemManage_Handler) for MemManage_Handler
    startup_stm32f10x_md.o(RESET) refers to stm32f10x_it.o(i.BusFault_Handler) for BusFault_Handler
    startup_stm32f10x_md.o(RESET) refers to stm32f10x_it.o(i.UsageFault_Handler) for UsageFault_Handler
    startup_stm32f10x_md.o(RESET) refers to stm32f10x_it.o(i.SVC_Handler) for SVC_Handler
    startup_stm32f10x_md.o(RESET) refers to stm32f10x_it.o(i.DebugMon_Handler) for DebugMon_Handler
    startup_stm32f10x_md.o(RESET) refers to stm32f10x_it.o(i.PendSV_Handler) for PendSV_Handler
    startup_stm32f10x_md.o(RESET) refers to stm32f10x_it.o(i.SysTick_Handler) for SysTick_Handler
    startup_stm32f10x_md.o(RESET) refers to serial.o(i.USART1_IRQHandler) for USART1_IRQHandler
    startup_stm32f10x_md.o(RESET) refers to counts.o(i.EXTI15_10_IRQHandler) for EXTI15_10_IRQHandler
    startup_stm32f10x_md.o(.text) refers (Special) to heapauxi.o(.text) for __use_two_region_memory
    startup_stm32f10x_md.o(.text) refers to system_stm32f10x.o(i.SystemInit) for SystemInit
    startup_stm32f10x_md.o(.text) refers to __main.o(!!!main) for __main
    startup_stm32f10x_md.o(.text) refers to startup_stm32f10x_md.o(HEAP) for Heap_Mem
    startup_stm32f10x_md.o(.text) refers to startup_stm32f10x_md.o(STACK) for Stack_Mem
    stm32f10x_adc.o(i.ADC_DeInit) refers to stm32f10x_rcc.o(i.RCC_APB2PeriphResetCmd) for RCC_APB2PeriphResetCmd
    stm32f10x_bkp.o(i.BKP_DeInit) refers to stm32f10x_rcc.o(i.RCC_BackupResetCmd) for RCC_BackupResetCmd
    stm32f10x_can.o(i.CAN_DeInit) refers to stm32f10x_rcc.o(i.RCC_APB1PeriphResetCmd) for RCC_APB1PeriphResetCmd
    stm32f10x_can.o(i.CAN_GetITStatus) refers to stm32f10x_can.o(i.CheckITStatus) for CheckITStatus
    stm32f10x_cec.o(i.CEC_DeInit) refers to stm32f10x_rcc.o(i.RCC_APB1PeriphResetCmd) for RCC_APB1PeriphResetCmd
    stm32f10x_dac.o(i.DAC_DeInit) refers to stm32f10x_rcc.o(i.RCC_APB1PeriphResetCmd) for RCC_APB1PeriphResetCmd
    stm32f10x_flash.o(i.FLASH_EnableWriteProtection) refers to stm32f10x_flash.o(i.FLASH_WaitForLastOperation) for FLASH_WaitForLastOperation
    stm32f10x_flash.o(i.FLASH_EraseAllBank1Pages) refers to stm32f10x_flash.o(i.FLASH_WaitForLastBank1Operation) for FLASH_WaitForLastBank1Operation
    stm32f10x_flash.o(i.FLASH_EraseAllPages) refers to stm32f10x_flash.o(i.FLASH_WaitForLastOperation) for FLASH_WaitForLastOperation
    stm32f10x_flash.o(i.FLASH_EraseOptionBytes) refers to stm32f10x_flash.o(i.FLASH_GetReadOutProtectionStatus) for FLASH_GetReadOutProtectionStatus
    stm32f10x_flash.o(i.FLASH_EraseOptionBytes) refers to stm32f10x_flash.o(i.FLASH_WaitForLastOperation) for FLASH_WaitForLastOperation
    stm32f10x_flash.o(i.FLASH_ErasePage) refers to stm32f10x_flash.o(i.FLASH_WaitForLastOperation) for FLASH_WaitForLastOperation
    stm32f10x_flash.o(i.FLASH_ProgramHalfWord) refers to stm32f10x_flash.o(i.FLASH_WaitForLastOperation) for FLASH_WaitForLastOperation
    stm32f10x_flash.o(i.FLASH_ProgramOptionByteData) refers to stm32f10x_flash.o(i.FLASH_WaitForLastOperation) for FLASH_WaitForLastOperation
    stm32f10x_flash.o(i.FLASH_ProgramWord) refers to stm32f10x_flash.o(i.FLASH_WaitForLastOperation) for FLASH_WaitForLastOperation
    stm32f10x_flash.o(i.FLASH_ReadOutProtection) refers to stm32f10x_flash.o(i.FLASH_WaitForLastOperation) for FLASH_WaitForLastOperation
    stm32f10x_flash.o(i.FLASH_UserOptionByteConfig) refers to stm32f10x_flash.o(i.FLASH_WaitForLastOperation) for FLASH_WaitForLastOperation
    stm32f10x_flash.o(i.FLASH_WaitForLastBank1Operation) refers to stm32f10x_flash.o(i.FLASH_GetBank1Status) for FLASH_GetBank1Status
    stm32f10x_flash.o(i.FLASH_WaitForLastOperation) refers to stm32f10x_flash.o(i.FLASH_GetBank1Status) for FLASH_GetBank1Status
[...]
    library\stm32f10x_sdio.c                 0x00000000   Number         0  stm32f10x_sdio.o ABSOLUTE
    library\stm32f10x_spi.c                  0x00000000   Number         0  stm32f10x_spi.o ABSOLUTE
    library\stm32f10x_tim.c                  0x00000000   Number         0  stm32f10x_tim.o ABSOLUTE
    library\stm32f10x_usart.c                0x00000000   Number         0  stm32f10x_usart.o ABSOLUTE
    library\stm32f10x_wwdg.c                 0x00000000   Number         0  stm32f10x_wwdg.o ABSOLUTE
    st\\core_cm3.c                           0x00000000   Number         0  core_cm3.o ABSOLUTE
    st\core_cm3.c                            0x00000000   Number         0  core_cm3.o ABSOLUTE
    st\startup_stm32f10x_md.s                0x00000000   Number         0  startup_stm32f10x_md.o ABSOLUTE
    st\system_stm32f10x.c                    0x00000000   Number         0  system_stm32f10x.o ABSOLUTE
    user\main.c                              0x00000000   Number         0  main.o ABSOLUTE
    user\stm32f10x_it.c                      0x00000000   Number         0  stm32f10x_it.o ABSOLUTE
    RESET                                    0x08000000   Section      236  startup_stm32f10x_md.o(RESET)
    !!!main                                  0x080000ec   Section        8  __main.o(!!!main)
    !!!scatter                               0x080000f4   Section       52  __scatter.o(!!!scatter)
    !!handler_copy                           0x08000128   Section       26  __scatter_copy.o(!!handler_copy)
    !!handler_zi                             0x08000144   Section       28  __scatter_zi.o(!!handler_zi)
    .ARM.Collect$$libinit$$00000000          0x08000160   Section        2  libinit.o(.ARM.Collect$$libinit$$00000000)
    .ARM.Collect$$libinit$$00000002          0x08000162   Section        0  libinit2.o(.ARM.Collect$$libinit$$00000002)
    .ARM.Collect$$libinit$$00000004          0x08000162   Section        0  libinit2.o(.ARM.Collect$$libinit$$00000004)
    .ARM.Collect$$libinit$$0000000A          0x08000162   Section        0  libinit2.o(.ARM.Collect$$libinit$$0000000A)
    .ARM.Collect$$libinit$$0000000C          0x08000162   Section        0  libinit2.o(.ARM.Collect$$libinit$$0000000C)
    .ARM.Collect$$libinit$$0000000E          0x08000162   Section        0  libinit2.o(.ARM.Collect$$libinit$$0000000E)
    .ARM.Collect$$libinit$$00000011          0x08000162   Section        0  libinit2.o(.ARM.Collect$$libinit$$00000011)
    .ARM.Collect$$libinit$$00000013          0x08000162   Section        0  libinit2.o(.ARM.Collect$$libinit$$00000013)
    .ARM.Collect$$libinit$$00000015          0x08000162   Section        0  libinit2.o(.ARM.Collect$$libinit$$00000015)
    .ARM.Collect$$libinit$$00000017          0x08000162   Section        0  libinit2.o(.ARM.Collect$$libinit$$00000017)
    .ARM.Collect$$libinit$$00000019          0x08000162   Section        0  libinit2.o(.ARM.Collect$$libinit$$00000019)
    .ARM.Collect$$libinit$$0000001B          0x08000162   Section        0  libinit2.o(.ARM.Collect$$libinit$$0000001B)
    .ARM.Collect$$libinit$$0000001D          0x08000162   Section        0  libinit2.o(.ARM.Collect$$libinit$$0000001D)
    .ARM.Collect$$libinit$$0000001F          0x08000162   Section        0  libinit2.o(.ARM.Collect$$libinit$$0000001F)
    .ARM.Collect$$libinit$$00000021          0x08000162   Section        0  libinit2.o(.ARM.Collect$$libinit$$00000021)
    .ARM.Collect$$libinit$$00000023          0x08000162   Section        0  libinit2.o(.ARM.Collect$$libinit$$00000023)
    .ARM.Collect$$libinit$$00000025          0x08000162   Section        0  libinit2.o(.ARM.Collect$$libinit$$00000025)
    .ARM.Collect$$libinit$$0000002C          0x08000162   Section        0  libinit2.o(.ARM.Collect$$libinit$$0000002C)
    .ARM.Collect$$libinit$$0000002E          0x08000162   Section        0  libinit2.o(.ARM.Collect$$libinit$$0000002E)
    .ARM.Collect$$libinit$$00000030          0x08000162   Section        0  libinit2.o(.ARM.Collect$$libinit$$00000030)
    .ARM.Collect$$libinit$$00000032          0x08000162   Section        0  libinit2.o(.ARM.Collect$$libinit$$00000032)
    .ARM.Collect$$libinit$$00000033          0x08000162   Section        2  libinit2.o(.ARM.Collect$$libinit$$00000033)
    .ARM.Collect$$libshutdown$$00000000      0x08000164   Section        2  libshutdown.o(.ARM.Collect$$libshutdown$$00000000)
    .ARM.Collect$$libshutdown$$00000002      0x08000166   Section        0  libshutdown2.o(.ARM.Collect$$libshutdown$$00000002)
    .ARM.Collect$$libshutdown$$00000004      0x08000166   Section        0  libshutdown2.o(.ARM.Collect$$libshutdown$$00000004)
    .ARM.Collect$$libshutdown$$00000007      0x08000166   Section        0  libshutdown2.o(.ARM.Collect$$libshutdown$$00000007)
    .ARM.Collect$$libshutdown$$0000000A      0x08000166   Section        0  libshutdown2.o(.ARM.Collect$$libshutdown$$0000000A)
    .ARM.Collect$$libshutdown$$0000000C      0x08000166   Section        0  libshutdown2.o(.ARM.Collect$$libshutdown$$0000000C)
    .ARM.Collect$$libshutdown$$0000000F      0x08000166   Section        0  libshutdown2.o(.ARM.Collect$$libshutdown$$0000000F)
    .ARM.Collect$$libshutdown$$00000010      0x08000166   Section        2  libshutdown2.o(.ARM.Collect$$libshutdown$$00000010)
    .ARM.Collect$$rtentry$$00000000          0x08000168   Section        0  __rtentry.o(.ARM.Collect$$rtentry$$00000000)
    .ARM.Collect$$rtentry$$00000002          0x08000168   Section        0  __rtentry2.o(.ARM.Collect$$rtentry$$00000002)
    .ARM.Collect$$rtentry$$00000004          0x08000168   Section        6  __rtentry4.o(.ARM.Collect$$rtentry$$00000004)
    .ARM.Collect$$rtentry$$00000009          0x0800016e   Section        0  __rtentry2.o(.ARM.Collect$$rtentry$$00000009)
    .ARM.Collect$$rtentry$$0000000A          0x0800016e   Section        4  __rtentry2.o(.ARM.Collect$$rtentry$$0000000A)
    .ARM.Collect$$rtentry$$0000000C          0x08000172   Section        0  __rtentry2.o(.ARM.Collect$$rtentry$$0000000C)
    .ARM.Collect$$rtentry$$0000000D          0x08000172   Section        8  __rtentry2.o(.ARM.Collect$$rtentry$$0000000D)
    .ARM.Collect$$rtexit$$00000000           0x0800017a   Section        2  rtexit.o(.ARM.Collect$$rtexit$$00000000)
    .ARM.Collect$$rtexit$$00000002           0x0800017c   Section        0  rtexit2.o(.ARM.Collect$$rtexit$$00000002)
    .ARM.Collect$$rtexit$$00000003           0x0800017c   Section        4  rtexit2.o(.ARM.Collect$$rtexit$$00000003)
    .ARM.Collect$$rtexit$$00000004           0x08000180   Section        6  rtexit2.o(.ARM.Collect$$rtexit$$00000004)
    .text                                    0x08000188   Section       64  startup_stm32f10x_md.o(.text)
    .text                                    0x080001c8   Section      100  rt_memcpy_w.o(.text)
    .text                                    0x0800022c   Section        0  localtime.o(.text)
    .text                                    0x08000238   Section        0  mktime.o(.text)
    _tm_carry                                0x08000239   Thumb Code    62  mktime.o(.text)
    .text                                    0x080003e4   Section        0  heapauxi.o(.text)
    .text                                    0x080003ec   Section        0  localtime_internal.o(.text)
    .text                                    0x080004a4   Section       78  rt_memclr_w.o(.text)
    .text                                    0x080004f2   Section       74  sys_stackheap_outer.o(.text)
    .text                                    0x0800053c   Section        0  exit.o(.text)
    .text                                    0x08000550   Section        8  libspace.o(.text)
    .text                                    0x08000558   Section        0  sys_exit.o(.text)
    .text                                    0x08000564   Section        2  use_no_semi.o(.text)
    .text                                    0x08000566   Section        0  indicate_semi.o(.text)
    i.AD1_GetValue                           0x08000568   Section        0  ad.o(i.AD1_GetValue)
    i.AD1_Init                               0x0800059c   Section        0  ad.o(i.AD1_Init)
    i.ADC_Cmd                                0x08000630   Section        0  stm32f10x_adc.o(i.ADC_Cmd)
    i.ADC_GetCalibrationStatus               0x08000646   Section        0  stm32f10x_adc.o(i.ADC_GetCalibrationStatus)
    i.ADC_GetConversionValue                 0x0800065a   Section        0  stm32f10x_adc.o(i.ADC_GetConversionValue)
    i.ADC_GetFlagStatus                      0x08000662   Section        0  stm32f10x_adc.o(i.ADC_GetFlagStatus)
    i.ADC_GetResetCalibrationStatus          0x08000674   Section        0  stm32f10x_adc.o(i.ADC_GetResetCalibrationStatus)
    i.ADC_Init                               0x08000688   Section        0  stm32f10x_adc.o(i.ADC_Init)
    i.ADC_RegularChannelConfig               0x080006d8   Section        0  stm32f10x_adc.o(i.ADC_RegularChannelConfig)
    i.ADC_ResetCalibration                   0x08000790   Section        0  stm32f10x_adc.o(i.ADC_ResetCalibration)
    i.ADC_SoftwareStartConvCmd               0x0800079a   Section        0  stm32f10x_adc.o(i.ADC_SoftwareStartConvCmd)
    i.ADC_StartCalibration                   0x080007b0   Section        0  stm32f10x_adc.o(i.ADC_StartCalibration)
    i.BKP_ReadBackupRegister                 0x080007bc   Section        0  stm32f10x_bkp.o(i.BKP_ReadBackupRegister)
    i.BKP_WriteBackupRegister                0x080007d8   Section        0  stm32f10x_bkp.o(i.BKP_WriteBackupRegister)
    i.BusFault_Handler                       0x080007f4   Section        0  stm32f10x_it.o(i.BusFault_Handler)
    i.CountS_Init                            0x080007f8   Section        0  counts.o(i.CountS_Init)
    i.DebugMon_Handler                       0x08000874   Section        0  stm32f10x_it.o(i.DebugMon_Handler)
    i.Delay_ms                               0x08000876   Section        0  delay.o(i.Delay_ms)
    i.Delay_us                               0x0800088e   Section        0  delay.o(i.Delay_us)
    i.EXTI15_10_IRQHandler                   0x080008bc   Section        0  counts.o(i.EXTI15_10_IRQHandler)
    i.EXTI_ClearITPendingBit                 0x080008e0   Section        0  stm32f10x_exti.o(i.EXTI_ClearITPendingBit)
    i.EXTI_GetITStatus                       0x080008ec   Section        0  stm32f10x_exti.o(i.EXTI_GetITStatus)
    i.EXTI_Init                              0x08000914   Section        0  stm32f10x_exti.o(i.EXTI_Init)
    i.GPIO_EXTILineConfig                    0x080009a8   Section        0  stm32f10x_gpio.o(i.GPIO_EXTILineConfig)
    i.GPIO_Init                              0x080009e8   Section        0  stm32f10x_gpio.o(i.GPIO_Init)
    i.GPIO_ReadInputDataBit                  0x08000afe   Section        0  stm32f10x_gpio.o(i.GPIO_ReadInputDataBit)
    i.GPIO_WriteBit                          0x08000b10   Section        0  stm32f10x_gpio.o(i.GPIO_WriteBit)
    i.HardFault_Handler                      0x08000b1a   Section        0  stm32f10x_it.o(i.HardFault_Handler)
    i.I2C_AcknowledgeConfig                  0x08000b1e   Section        0  stm32f10x_i2c.o(i.I2C_AcknowledgeConfig)
    i.I2C_CheckEvent                         0x08000b36   Section        0  stm32f10x_i2c.o(i.I2C_CheckEvent)
    i.I2C_Cmd                                0x08000b60   Section        0  stm32f10x_i2c.o(i.I2C_Cmd)
    i.I2C_GenerateSTART                      0x08000b78   Section        0  stm32f10x_i2c.o(i.I2C_GenerateSTART)
    i.I2C_GenerateSTOP                       0x08000b90   Section        0  stm32f10x_i2c.o(i.I2C_GenerateSTOP)
    i.I2C_Init                               0x08000ba8   Section        0  stm32f10x_i2c.o(i.I2C_Init)
    i.I2C_ReceiveData                        0x08000c94   Section        0  stm32f10x_i2c.o(i.I2C_ReceiveData)
    i.I2C_Send7bitAddress                    0x08000c9c   Section        0  stm32f10x_i2c.o(i.I2C_Send7bitAddress)
    i.I2C_SendData                           0x08000cae   Section        0  stm32f10x_i2c.o(i.I2C_SendData)
    i.K_Init                                 0x08000cb4   Section        0  k.o(i.K_Init)
    i.Key_Scan                               0x08000ce0   Section        0  k.o(i.Key_Scan)
    i.MPU6050_GetData                        0x08000df4   Section        0  mpu6050.o(i.MPU6050_GetData)
    i.MPU6050_Init                           0x08000ea0   Section        0  mpu6050.o(i.MPU6050_Init)
    i.MPU6050_ReadReg                        0x08000f14   Section        0  mpu6050.o(i.MPU6050_ReadReg)
    i.M_RTC_Init                             0x08000fd0   Section        0  m_rtc.o(i.M_RTC_Init)
    i.M_RTC_ReadTime                         0x08001050   Section        0  m_rtc.o(i.M_RTC_ReadTime)
    i.M_RTC_SetTime                          0x08001098   Section        0  m_rtc.o(i.M_RTC_SetTime)
    i.M_SPI_Init                             0x080010e4   Section        0  m_spi.o(i.M_SPI_Init)
    i.M_SPI_Start                            0x0800119c   Section        0  m_spi.o(i.M_SPI_Start)
    i.M_SPI_Stop                             0x080011a6   Section        0  m_spi.o(i.M_SPI_Stop)
    i.M_SPI_SwapByte                         0x080011b0   Section        0  m_spi.o(i.M_SPI_SwapByte)
    i.M_SPI_W_SS                             0x080011e8   Section        0  m_spi.o(i.M_SPI_W_SS)
    i.MemManage_Handler                      0x080011fc   Section        0  stm32f10x_it.o(i.MemManage_Handler)
    i.Menu_ADCRemind                         0x08001200   Section        0  menu.o(i.Menu_ADCRemind)
    i.Menu_ADCStart                          0x0800125c   Section        0  menu.o(i.Menu_ADCStart)
    i.Menu_AllInit                           0x080012b6   Section        0  menu.o(i.Menu_AllInit)
    i.Menu_Enter                             0x080012e0   Section        0  menu.o(i.Menu_Enter)
    i.Menu_MPU6050Remind                     0x08001324   Section        0  menu.o(i.Menu_MPU6050Remind)
    i.Menu_MPU6050Start                      0x08001384   Section        0  menu.o(i.Menu_MPU6050Start)
    i.Menu_PWMContolStart                    0x0800141c   Section        0  menu.o(i.Menu_PWMContolStart)
    i.Menu_PWMRemind                         0x08001440   Section        0  menu.o(i.Menu_PWMRemind)
    i.Menu_SPIFlashRemind                    0x08001460   Section        0  menu.o(i.Menu_SPIFlashRemind)
    i.Menu_SPIFlashStart                     0x080014c4   Section        0  menu.o(i.Menu_SPIFlashStart)
    i.Menu_ShowCursor                        0x08001528   Section        0  menu.o(i.Menu_ShowCursor)
    i.Menu_ShowLine                          0x0800156c   Section        0  menu.o(i.Menu_ShowLine)
    i.Menu_ShowTest                          0x08001668   Section        0  menu.o(i.Menu_ShowTest)
    i.Menu_Start                             0x080016ac   Section        0  menu.o(i.Menu_Start)
    i.Menu_TimeRemind                        0x08001768   Section        0  menu.o(i.Menu_TimeRemind)
    i.Menu_TimeStart                         0x080017b4   Section        0  menu.o(i.Menu_TimeStart)
    i.Menu_USARTSend                         0x08001828   Section        0  menu.o(i.Menu_USARTSend)
    i.Menu_USARTSendRemind                   0x080018cc   Section        0  menu.o(i.Menu_USARTSendRemind)
    i.NMI_Handler                            0x080018fc   Section        0  stm32f10x_it.o(i.NMI_Handler)
    i.NVIC_Init                              0x08001900   Section        0  misc.o(i.NVIC_Init)
    i.NVIC_PriorityGroupConfig               0x08001970   Section        0  misc.o(i.NVIC_PriorityGroupConfig)
    i.OLED_Clear                             0x08001984   Section        0  oled.o(i.OLED_Clear)
    i.OLED_I2C_Init                          0x080019b0   Section        0  oled.o(i.OLED_I2C_Init)
    i.OLED_I2C_SendByte                      0x08001a00   Section        0  oled.o(i.OLED_I2C_SendByte)
    i.OLED_I2C_Start                         0x08001a5c   Section        0  oled.o(i.OLED_I2C_Start)
    i.OLED_I2C_Stop                          0x08001a90   Section        0  oled.o(i.OLED_I2C_Stop)
    i.OLED_Init                              0x08001ab8   Section        0  oled.o(i.OLED_Init)
    i.OLED_Pow                               0x08001b66   Section        0  oled.o(i.OLED_Pow)
    i.OLED_SetCursor                         0x08001b7a   Section        0  oled.o(i.OLED_SetCursor)
    i.OLED_ShowChar                          0x08001b9c   Section        0  oled.o(i.OLED_ShowChar)
    i.OLED_ShowHexNum                        0x08001c10   Section        0  oled.o(i.OLED_ShowHexNum)
    i.OLED_ShowNum                           0x08001c64   Section        0  oled.o(i.OLED_ShowNum)
    i.OLED_ShowSignedNum                     0x08001ca8   Section        0  oled.o(i.OLED_ShowSignedNum)
    i.OLED_ShowString                        0x08001d0e   Section        0  oled.o(i.OLED_ShowString)
    i.OLED_WriteCommand                      0x08001d36   Section        0  oled.o(i.OLED_WriteCommand)
    i.OLED_WriteData                         0x08001d56   Section        0  oled.o(i.OLED_WriteData)
    i.PWM_Init                               0x08001d78   Section        0  pwm.o(i.PWM_Init)
    i.PWM_SetCompare1                        0x08001e10   Section        0  pwm.o(i.PWM_SetCompare1)
    i.PWR_BackupAccessCmd                    0x08001e54   Section        0  stm32f10x_pwr.o(i.PWR_BackupAccessCmd)
    i.PendSV_Handler                         0x08001e60   Section        0  stm32f10x_it.o(i.PendSV_Handler)
    i.RCC_ADCCLKConfig                       0x08001e64   Section        0  stm32f10x_rcc.o(i.RCC_ADCCLKConfig)
    i.RCC_APB1PeriphClockCmd                 0x08001e7c   Section        0  stm32f10x_rcc.o(i.RCC_APB1PeriphClockCmd)
    i.RCC_APB2PeriphClockCmd                 0x08001e9c   Section        0  stm32f10x_rcc.o(i.RCC_APB2PeriphClockCmd)
    i.RCC_GetClocksFreq                      0x08001ebc   Section        0  stm32f10x_rcc.o(i.RCC_GetClocksFreq)
    i.RCC_GetFlagStatus                      0x08001f90   Section        0  stm32f10x_rcc.o(i.RCC_GetFlagStatus)
    i.RCC_LSEConfig                          0x08001fcc   Section        0  stm32f10x_rcc.o(i.RCC_LSEConfig)
    i.RCC_RTCCLKCmd                          0x08002000   Section        0  stm32f10x_rcc.o(i.RCC_RTCCLKCmd)
    i.RCC_RTCCLKConfig                       0x0800200c   Section        0  stm32f10x_rcc.o(i.RCC_RTCCLKConfig)
    i.RTC_EnterConfigMode                    0x0800201c   Section        0  stm32f10x_rtc.o(i.RTC_EnterConfigMode)
    i.RTC_ExitConfigMode                     0x08002030   Section        0  stm32f10x_rtc.o(i.RTC_ExitConfigMode)
    i.RTC_GetCounter                         0x08002044   Section        0  stm32f10x_rtc.o(i.RTC_GetCounter)
    i.RTC_SetCounter                         0x08002058   Section        0  stm32f10x_rtc.o(i.RTC_SetCounter)
    i.RTC_SetPrescaler                       0x08002074   Section        0  stm32f10x_rtc.o(i.RTC_SetPrescaler)
    i.RTC_WaitForLastTask                    0x08002094   Section        0  stm32f10x_rtc.o(i.RTC_WaitForLastTask)
    i.RTC_WaitForSynchro                     0x080020a8   Section        0  stm32f10x_rtc.o(i.RTC_WaitForSynchro)
    i.SPI_Cmd                                0x080020cc   Section        0  stm32f10x_spi.o(i.SPI_Cmd)
    i.SPI_I2S_GetFlagStatus                  0x080020e4   Section        0  stm32f10x_spi.o(i.SPI_I2S_GetFlagStatus)
    i.SPI_I2S_ReceiveData                    0x080020f6   Section        0  stm32f10x_spi.o(i.SPI_I2S_ReceiveData)
    i.SPI_I2S_SendData                       0x080020fc   Section        0  stm32f10x_spi.o(i.SPI_I2S_SendData)
    i.SPI_Init                               0x08002100   Section        0  stm32f10x_spi.o(i.SPI_Init)
    i.SVC_Handler                            0x0800213c   Section        0  stm32f10x_it.o(i.SVC_Handler)
    i.Serial_Init                            0x08002140   Section        0  serial.o(i.Serial_Init)
    i.Serial_SendString                      0x080021f8   Section        0  serial.o(i.Serial_SendString)
    i.SetSysClock                            0x08002224   Section        0  system_stm32f10x.o(i.SetSysClock)
    SetSysClock                              0x08002225   Thumb Code     8  system_stm32f10x.o(i.SetSysClock)
    i.SetSysClockTo72                        0x0800222c   Section        0  system_stm32f10x.o(i.SetSysClockTo72)
    SetSysClockTo72                          0x0800222d   Thumb Code   214  system_stm32f10x.o(i.SetSysClockTo72)
    i.SysTick_Handler                        0x0800230c   Section        0  stm32f10x_it.o(i.SysTick_Handler)
    i.SystemInit                             0x08002310   Section        0  system_stm32f10x.o(i.SystemInit)
    i.TIM_Cmd                                0x08002370   Section        0  stm32f10x_tim.o(i.TIM_Cmd)
    i.TIM_InternalClockConfig                0x08002388   Section        0  stm32f10x_tim.o(i.TIM_InternalClockConfig)
    i.TIM_OC3Init                            0x08002394   Section        0  stm32f10x_tim.o(i.TIM_OC3Init)
    i.TIM_OCStructInit                       0x08002434   Section        0  stm32f10x_tim.o(i.TIM_OCStructInit)
    i.TIM_SetCompare3                        0x08002448   Section        0  stm32f10x_tim.o(i.TIM_SetCompare3)
    i.TIM_TimeBaseInit                       0x0800244c   Section        0  stm32f10x_tim.o(i.TIM_TimeBaseInit)
    i.USART1_IRQHandler                      0x080024f0   Section        0  serial.o(i.USART1_IRQHandler)
    i.USART_ClearITPendingBit                0x08002590   Section        0  stm32f10x_usart.o(i.USART_ClearITPendingBit)
    i.USART_Cmd                              0x080025ae   Section        0  stm32f10x_usart.o(i.USART_Cmd)
    i.USART_GetFlagStatus                    0x080025c6   Section        0  stm32f10x_usart.o(i.USART_GetFlagStatus)
    i.USART_GetITStatus                      0x080025e0   Section        0  stm32f10x_usart.o(i.USART_GetITStatus)
    i.USART_ITConfig                         0x08002634   Section        0  stm32f10x_usart.o(i.USART_ITConfig)
    i.USART_Init                             0x08002680   Section        0  stm32f10x_usart.o(i.USART_Init)
    i.USART_ReceiveData                      0x08002758   Section        0  stm32f10x_usart.o(i.USART_ReceiveData)
    i.USART_SendData                         0x08002762   Section        0  stm32f10x_usart.o(i.USART_SendData)
    i.UsageFault_Handler                     0x0800276a   Section        0  stm32f10x_it.o(i.UsageFault_Handler)
    i.W25Q64_Init                            0x0800276e   Section        0  w25q64.o(i.W25Q64_Init)
    i.W25Q64_PageProgram                     0x08002776   Section        0  w25q64.o(i.W25Q64_PageProgram)
    i.W25Q64_ReadData                        0x080027c2   Section        0  w25q64.o(i.W25Q64_ReadData)
    i.W25Q64_ReadID                          0x08002806   Section        0  w25q64.o(i.W25Q64_ReadID)
    i.W25Q64_SectorErase                     0x08002844   Section        0  w25q64.o(i.W25Q64_SectorErase)
    i.W25Q64_WaitBusy                        0x08002878   Section        0  w25q64.o(i.W25Q64_WaitBusy)
    i.W25Q64_WriteEable                      0x080028ac   Section        0  w25q64.o(i.W25Q64_WriteEable)
    i.main                                   0x080028be   Section        0  main.o(i.main)
    x$fpl$fadd                               0x080028cc   Section      196  faddsub_clz.o(x$fpl$fadd)
    _fadd1                                   0x080028db   Thumb Code     0  faddsub_clz.o(x$fpl$fadd)
    x$fpl$fdiv                               0x08002990   Section      388  fdiv.o(x$fpl$fdiv)
    _fdiv1                                   0x08002991   Thumb Code     0  fdiv.o(x$fpl$fdiv)
    x$fpl$ffixu                              0x08002b14   Section       62  ffixu.o(x$fpl$ffixu)
    x$fpl$ffltu                              0x08002b54   Section       38  fflt_clz.o(x$fpl$ffltu)
    x$fpl$fmul                               0x08002b7c   Section      258  fmul.o(x$fpl$fmul)
    x$fpl$fnaninf                            0x08002c7e   Section      140  fnaninf.o(x$fpl$fnaninf)
    x$fpl$fretinf                            0x08002d0a   Section       10  fretinf.o(x$fpl$fretinf)
    x$fpl$fsub                               0x08002d14   Section      234  faddsub_clz.o(x$fpl$fsub)
    _fsub1                                   0x08002d23   Thumb Code     0  faddsub_clz.o(x$fpl$fsub)
    .constdata                               0x08002dfe   Section     1520  oled.o(.constdata)
    x$fpl$usenofp                            0x08002dfe   Section        0  usenofp.o(x$fpl$usenofp)
    .constdata                               0x080033ee   Section       12  _monlen.o(.constdata)
    .data                                    0x20000000   Section       20  stm32f10x_rcc.o(.data)
    APBAHBPrescTable                         0x20000000   Data          16  stm32f10x_rcc.o(.data)
    ADCPrescTable                            0x20000010   Data           4  stm32f10x_rcc.o(.data)
    .data                                    0x20000014   Section       25  menu.o(.data)
    .data                                    0x2000002e   Section        7  k.o(.data)
    state                                    0x2000002f   Data           1  k.o(.data)
    press_counter                            0x20000030   Data           2  k.o(.data)
    release_counter                          0x20000032   Data           2  k.o(.data)
    is_first_click                           0x20000034   Data           1  k.o(.data)
    .data                                    0x20000036   Section        2  counts.o(.data)
    .data                                    0x20000038   Section        3  serial.o(.data)
    RxState                                  0x20000039   Data           1  serial.o(.data)
    pRxPacket                                0x2000003a   Data           1  serial.o(.data)
    .data                                    0x2000003c   Section       12  m_rtc.o(.data)
    .bss                                     0x20000048   Section      100  serial.o(.bss)
    .bss                                     0x200000ac   Section       44  localtime.o(.bss)
    _tms                                     0x200000ac   Data          44  localtime.o(.bss)
    .bss                                     0x200000d8   Section       96  libspace.o(.bss)
    HEAP                                     0x20000138   Section      512  startup_stm32f10x_md.o(HEAP)
    Heap_Mem                                 0x20000138   Data         512  startup_stm32f10x_md.o(HEAP)
    STACK                                    0x20000338   Section     1024  startup_stm32f10x_md.o(STACK)
    Stack_Mem                                0x20000338   Data        1024  startup_stm32f10x_md.o(STACK)
    __initial_sp                             0x20000738   Data           0  startup_stm32f10x_md.o(STACK)

    Global Symbols

    Symbol Name                              Value     Ov Type        Size  Object(Section)

    BuildAttributes$$THM_ISAv4$P$D$K$B$S$PE$A:L22UL41UL21$X:L11$S22US41US21$IEEE1$IW$USESV6$~STKCKD$USESV7$~SHL$OSPACE$ROPI$EBA8$UX$STANDARDLIB$REQ8$PRES8$EABIv2 0x00000000   Number         0  anon$$obj.o ABSOLUTE
    __ARM_use_no_argv                        0x00000000   Number         0  main.o ABSOLUTE
    __ARM_exceptions_init                     - Undefined Weak Reference
    __alloca_initialize                       - Undefined Weak Reference
    __arm_preinit_                            - Undefined Weak Reference
    __cpp_initialize__aeabi_                  - Undefined Weak Reference
    __cxa_finalize                            - Undefined Weak Reference
    __rt_locale                               - Undefined Weak Reference
    __sigvec_lookup                           - Undefined Weak Reference
    _atexit_init                              - Undefined Weak Reference
    _call_atexit_fns                          - Undefined Weak Reference
    _clock_init                               - Undefined Weak Reference
    _fp_trap_init                             - Undefined Weak Reference
    _fp_trap_shutdown                         - Undefined Weak Reference
    _get_lc_collate                           - Undefined Weak Reference
    _get_lc_ctype                             - Undefined Weak Reference
    _get_lc_monetary                          - Undefined Weak Reference
    _get_lc_numeric                           - Undefined Weak Reference
    _get_lc_time                              - Undefined Weak Reference
    _getenv_init                              - Undefined Weak Reference
    _handle_redirection                       - Undefined Weak Reference
    _init_alloc                               - Undefined Weak Reference
    _init_user_alloc                          - Undefined Weak Reference
    _initio                                   - Undefined Weak Reference
    _rand_init                                - Undefined Weak Reference
    _signal_finish                            - Undefined Weak Reference
    _signal_init                              - Undefined Weak Reference
    _terminate_alloc                          - Undefined Weak Reference
    _terminate_user_alloc                     - Undefined Weak Reference
    _terminateio                              - Undefined Weak Reference
    __Vectors_Size                           0x000000ec   Number         0  startup_stm32f10x_md.o ABSOLUTE
    __Vectors                                0x08000000   Data           4  startup_stm32f10x_md.o(RESET)
    __Vectors_End                            0x080000ec   Data           0  startup_stm32f10x_md.o(RESET)
    __main                                   0x080000ed   Thumb Code     8  __main.o(!!!main)
    __scatterload                            0x080000f5   Thumb Code     0  __scatter.o(!!!scatter)
    __scatterload_rt2                        0x080000f5   Thumb Code    44  __scatter.o(!!!scatter)
    __scatterload_rt2_thumb_only             0x080000f5   Thumb Code     0  __scatter.o(!!!scatter)
    __scatterload_null                       0x08000103   Thumb Code     0  __scatter.o(!!!scatter)
    __scatterload_copy                       0x08000129   Thumb Code    26  __scatter_copy.o(!!handler_copy)
    __scatterload_zeroinit                   0x08000145   Thumb Code    28  __scatter_zi.o(!!handler_zi)
    __rt_lib_init                            0x08000161   Thumb Code     0  libinit.o(.ARM.Collect$$libinit$$00000000)
    __rt_lib_init_alloca_1                   0x08000163   Thumb Code     0  libinit2.o(.ARM.Collect$$libinit$$0000002E)
    __rt_lib_init_argv_1                     0x08000163   Thumb Code     0  libinit2.o(.ARM.Collect$$libinit$$0000002C)
    __rt_lib_init_atexit_1                   0x08000163   Thumb Code     0  libinit2.o(.ARM.Collect$$libinit$$0000001B)
    __rt_lib_init_clock_1                    0x08000163   Thumb Code     0  libinit2.o(.ARM.Collect$$libinit$$00000021)
    __rt_lib_init_cpp_1                      0x08000163   Thumb Code     0  libinit2.o(.ARM.Collect$$libinit$$00000032)
    __rt_lib_init_exceptions_1               0x08000163   Thumb Code     0  libinit2.o(.ARM.Collect$$libinit$$00000030)
    __rt_lib_init_fp_1                       0x08000163   Thumb Code     0  libinit2.o(.ARM.Collect$$libinit$$00000002)
    __rt_lib_init_fp_trap_1                  0x08000163   Thumb Code     0  libinit2.o(.ARM.Collect$$libinit$$0000001F)
    __rt_lib_init_getenv_1                   0x08000163   Thumb Code     0  libinit2.o(.ARM.Collect$$libinit$$00000023)
    __rt_lib_init_heap_1                     0x08000163   Thumb Code     0  libinit2.o(.ARM.Collect$$libinit$$0000000A)
    __rt_lib_init_lc_collate_1               0x08000163   Thumb Code     0  libinit2.o(.ARM.Collect$$libinit$$00000011)
    __rt_lib_init_lc_ctype_1                 0x08000163   Thumb Code     0  libinit2.o(.ARM.Collect$$libinit$$00000013)
    __rt_lib_init_lc_monetary_1              0x08000163   Thumb Code     0  libinit2.o(.ARM.Collect$$libinit$$00000015)
    __rt_lib_init_lc_numeric_1               0x08000163   Thumb Code     0  libinit2.o(.ARM.Collect$$libinit$$00000017)
    __rt_lib_init_lc_time_1                  0x08000163   Thumb Code     0  libinit2.o(.ARM.Collect$$libinit$$00000019)
    __rt_lib_init_preinit_1                  0x08000163   Thumb Code     0  libinit2.o(.ARM.Collect$$libinit$$00000004)
    __rt_lib_init_rand_1                     0x08000163   Thumb Code     0  libinit2.o(.ARM.Collect$$libinit$$0000000E)
    __rt_lib_init_return                     0x08000163   Thumb Code     0  libinit2.o(.ARM.Collect$$libinit$$00000033)
    __rt_lib_init_signal_1                   0x08000163   Thumb Code     0  libinit2.o(.ARM.Collect$$libinit$$0000001D)
    __rt_lib_init_stdio_1                    0x08000163   Thumb Code     0  libinit2.o(.ARM.Collect$$libinit$$00000025)
    __rt_lib_init_user_alloc_1               0x08000163   Thumb Code     0  libinit2.o(.ARM.Collect$$libinit$$0000000C)
    __rt_lib_shutdown                        0x08000165   Thumb Code     0  libshutdown.o(.ARM.Collect$$libshutdown$$00000000)
    __rt_lib_shutdown_cpp_1                  0x08000167   Thumb Code     0  libshutdown2.o(.ARM.Collect$$libshutdown$$00000002)
    __rt_lib_shutdown_fp_trap_1              0x08000167   Thumb Code     0  libshutdown2.o(.ARM.Collect$$libshutdown$$00000007)
    __rt_lib_shutdown_heap_1                 0x08000167   Thumb Code     0  libshutdown2.o(.ARM.Collect$$libshutdown$$0000000F)
    __rt_lib_shutdown_return                 0x08000167   Thumb Code     0  libshutdown2.o(.ARM.Collect$$libshutdown$$00000010)
    __rt_lib_shutdown_signal_1               0x08000167   Thumb Code     0  libshutdown2.o(.ARM.Collect$$libshutdown$$0000000A)
    __rt_lib_shutdown_stdio_1                0x08000167   Thumb Code     0  libshutdown2.o(.ARM.Collect$$libshutdown$$00000004)
    __rt_lib_shutdown_user_alloc_1           0x08000167   Thumb Code     0  libshutdown2.o(.ARM.Collect$$libshutdown$$0000000C)
    __rt_entry                               0x08000169   Thumb Code     0  __rtentry.o(.ARM.Collect$$rtentry$$00000000)
    __rt_entry_presh_1                       0x08000169   Thumb Code     0  __rtentry2.o(.ARM.Collect$$rtentry$$00000002)
    __rt_entry_sh                            0x08000169   Thumb Code     0  __rtentry4.o(.ARM.Collect$$rtentry$$00000004)
    __rt_entry_li                            0x0800016f   Thumb Code     0  __rtentry2.o(.ARM.Collect$$rtentry$$0000000A)
    __rt_entry_postsh_1                      0x0800016f   Thumb Code     0  __rtentry2.o(.ARM.Collect$$rtentry$$00000009)
    __rt_entry_main                          0x08000173   Thumb Code     0  __rtentry2.o(.ARM.Collect$$rtentry$$0000000D)
    __rt_entry_postli_1                      0x08000173   Thumb Code     0  __rtentry2.o(.ARM.Collect$$rtentry$$0000000C)
    __rt_exit                                0x0800017b   Thumb Code     0  rtexit.o(.ARM.Collect$$rtexit$$00000000)
    __rt_exit_ls                             0x0800017d   Thumb Code     0  rtexit2.o(.ARM.Collect$$rtexit$$00000003)
    __rt_exit_prels_1                        0x0800017d   Thumb Code     0  rtexit2.o(.ARM.Collect$$rtexit$$00000002)
    __rt_exit_exit                           0x08000181   Thumb Code     0  rtexit2.o(.ARM.Collect$$rtexit$$00000004)
    Reset_Handler                            0x08000189   Thumb Code     8  startup_stm32f10x_md.o(.text)
    ADC1_2_IRQHandler                        0x080001a3   Thumb Code     0  startup_stm32f10x_md.o(.text)
    CAN1_RX1_IRQHandler                      0x080001a3   Thumb Code     0  startup_stm32f10x_md.o(.text)
    CAN1_SCE_IRQHandler                      0x080001a3   Thumb Code     0  startup_stm32f10x_md.o(.text)
    DMA1_Channel1_IRQHandler                 0x080001a3   Thumb Code     0  startup_stm32f10x_md.o(.text)
    DMA1_Channel2_IRQHandler                 0x080001a3   Thumb Code     0  startup_stm32f10x_md.o(.text)
    DMA1_Channel3_IRQHandler                 0x080001a3   Thumb Code     0  startup_stm32f10x_md.o(.text)
    DMA1_Channel4_IRQHandler                 0x080001a3   Thumb Code     0  startup_stm32f10x_md.o(.text)
    DMA1_Channel5_IRQHandler                 0x080001a3   Thumb Code     0  startup_stm32f10x_md.o(.text)
    DMA1_Channel6_IRQHandler                 0x080001a3   Thumb Code     0  startup_stm32f10x_md.o(.text)
    DMA1_Channel7_IRQHandler                 0x080001a3   Thumb Code     0  startup_stm32f10x_md.o(.text)
    EXTI0_IRQHandler                         0x080001a3   Thumb Code     0  startup_stm32f10x_md.o(.text)
    EXTI1_IRQHandler                         0x080001a3   Thumb Code     0  startup_stm32f10x_md.o(.text)
    EXTI2_IRQHandler                         0x080001a3   Thumb Code     0  startup_stm32f10x_md.o(.text)
    EXTI3_IRQHandler                         0x080001a3   Thumb Code     0  startup_stm32f10x_md.o(.text)
    EXTI4_IRQHandler                         0x080001a3   Thumb Code     0  startup_stm32f10x_md.o(.text)
    EXTI9_5_IRQHandler                       0x080001a3   Thumb Code     0  startup_stm32f10x_md.o(.text)
    FLASH_IRQHandler                         0x080001a3   Thumb Code     0  startup_stm32f10x_md.o(.text)
    I2C1_ER_IRQHandler                       0x080001a3   Thumb Code     0  startup_stm32f10x_md.o(.text)
    I2C1_EV_IRQHandler                       0x080001a3   Thumb Code     0  startup_stm32f10x_md.o(.text)
    I2C2_ER_IRQHandler                       0x080001a3   Thumb Code     0  startup_stm32f10x_md.o(.text)
    I2C2_EV_IRQHandler                       0x080001a3   Thumb Code     0  startup_stm32f10x_md.o(.text)
    PVD_IRQHandler                           0x080001a3   Thumb Code     0  startup_stm32f10x_md.o(.text)
    RCC_IRQHandler                           0x080001a3   Thumb Code     0  startup_stm32f10x_md.o(.text)
    RTCAlarm_IRQHandler                      0x080001a3   Thumb Code     0  startup_stm32f10x_md.o(.text)
    RTC_IRQHandler                           0x080001a3   Thumb Code     0  startup_stm32f10x_md.o(.text)
    SPI1_IRQHandler                          0x080001a3   Thumb Code     0  startup_stm32f10x_md.o(.text)
    SPI2_IRQHandler                          0x080001a3   Thumb Code     0  startup_stm32f10x_md.o(.text)
    TAMPER_IRQHandler                        0x080001a3   Thumb Code     0  startup_stm32f10x_md.o(.text)
    TIM1_BRK_IRQHandler                      0x080001a3   Thumb Code     0  startup_stm32f10x_md.o(.text)
    TIM1_CC_IRQHandler                       0x080001a3   Thumb Code     0  startup_stm32f10x_md.o(.text)
    TIM1_TRG_COM_IRQHandler                  0x080001a3   Thumb Code     0  startup_stm32f10x_md.o(.text)
    TIM1_UP_IRQHandler                       0x080001a3   Thumb Code     0  startup_stm32f10x_md.o(.text)
    TIM2_IRQHandler                          0x080001a3   Thumb Code     0  startup_stm32f10x_md.o(.text)
    TIM3_IRQHandler                          0x080001a3   Thumb Code     0  startup_stm32f10x_md.o(.text)
    TIM4_IRQHandler                          0x080001a3   Thumb Code     0  startup_stm32f10x_md.o(.text)
    USART2_IRQHandler                        0x080001a3   Thumb Code     0  startup_stm32f10x_md.o(.text)
    USART3_IRQHandler                        0x080001a3   Thumb Code     0  startup_stm32f10x_md.o(.text)
    USBWakeUp_IRQHandler                     0x080001a3   Thumb Code     0  startup_stm32f10x_md.o(.text)
    USB_HP_CAN1_TX_IRQHandler                0x080001a3   Thumb Code     0  startup_stm32f10x_md.o(.text)
    USB_LP_CAN1_RX0_IRQHandler               0x080001a3   Thumb Code     0  startup_stm32f10x_md.o(.text)
    WWDG_IRQHandler                          0x080001a3   Thumb Code     0  startup_stm32f10x_md.o(.text)
    __user_initial_stackheap                 0x080001a5   Thumb Code     0  startup_stm32f10x_md.o(.text)
    __aeabi_memcpy4                          0x080001c9   Thumb Code     0  rt_memcpy_w.o(.text)
    __aeabi_memcpy8                          0x080001c9   Thumb Code     0  rt_memcpy_w.o(.text)
    __rt_memcpy_w                            0x080001c9   Thumb Code   100  rt_memcpy_w.o(.text)
    _memcpy_lastbytes_aligned                0x08000211   Thumb Code     0  rt_memcpy_w.o(.text)
    localtime                                0x0800022d   Thumb Code     6  localtime.o(.text)
    mktime                                   0x08000277   Thumb Code   356  mktime.o(.text)
    __use_two_region_memory                  0x080003e5   Thumb Code     2  heapauxi.o(.text)
    __rt_heap_escrow$2region                 0x080003e7   Thumb Code     2  heapauxi.o(.text)
    __rt_heap_expand$2region                 0x080003e9   Thumb Code     2  heapauxi.o(.text)
    _localtime_r                             0x080003ed   Thumb Code   178  localtime_internal.o(.text)
    _n$localtime_r                           0x080003ed   Thumb Code     0  localtime_internal.o(.text)
    __aeabi_memclr4                          0x080004a5   Thumb Code     0  rt_memclr_w.o(.text)
    __aeabi_memclr8                          0x080004a5   Thumb Code     0  rt_memclr_w.o(.text)
    __rt_memclr_w                            0x080004a5   Thumb Code    78  rt_memclr_w.o(.text)
    _memset_w                                0x080004a9   Thumb Code     0  rt_memclr_w.o(.text)
    __user_setup_stackheap                   0x080004f3   Thumb Code    74  sys_stackheap_outer.o(.text)
    exit                                     0x0800053d   Thumb Code    18  exit.o(.text)
    __user_libspace                          0x08000551   Thumb Code     8  libspace.o(.text)
    __user_perproc_libspace                  0x08000551   Thumb Code     0  libspace.o(.text)
    __user_perthread_libspace                0x08000551   Thumb Code     0  libspace.o(.text)
    _sys_exit                                0x08000559   Thumb Code     8  sys_exit.o(.text)
    __I$use$semihosting                      0x08000565   Thumb Code     0  use_no_semi.o(.text)
    __use_no_semihosting_swi                 0x08000565   Thumb Code     2  use_no_semi.o(.text)
    __semihosting_library_function           0x08000567   Thumb Code     0  indicate_semi.o(.text)
    AD1_GetValue                             0x08000569   Thumb Code    46  ad.o(i.AD1_GetValue)
    AD1_Init                                 0x0800059d   Thumb Code   138  ad.o(i.AD1_Init)
    ADC_Cmd                                  0x08000631   Thumb Code    22  stm32f10x_adc.o(i.ADC_Cmd)
    ADC_GetCalibrationStatus                 0x08000647   Thumb Code    20  stm32f10x_adc.o(i.ADC_GetCalibrationStatus)
    ADC_GetConversionValue                   0x0800065b   Thumb Code     8  stm32f10x_adc.o(i.ADC_GetConversionValue)
    ADC_GetFlagStatus                        0x08000663   Thumb Code    18  stm32f10x_adc.o(i.ADC_GetFlagStatus)
    ADC_GetResetCalibrationStatus            0x08000675   Thumb Code    20  stm32f10x_adc.o(i.ADC_GetResetCalibrationStatus)
    ADC_Init                                 0x08000689   Thumb Code    70  stm32f10x_adc.o(i.ADC_Init)
    ADC_RegularChannelConfig                 0x080006d9   Thumb Code   184  stm32f10x_adc.o(i.ADC_RegularChannelConfig)
    ADC_ResetCalibration                     0x08000791   Thumb Code    10  stm32f10x_adc.o(i.ADC_ResetCalibration)
    ADC_SoftwareStartConvCmd                 0x0800079b   Thumb Code    22  stm32f10x_adc.o(i.ADC_SoftwareStartConvCmd)
    ADC_StartCalibration                     0x080007b1   Thumb Code    10  stm32f10x_adc.o(i.ADC_StartCalibration)
    BKP_ReadBackupRegister                   0x080007bd   Thumb Code    24  stm32f10x_bkp.o(i.BKP_ReadBackupRegister)
    BKP_WriteBackupRegister                  0x080007d9   Thumb Code    22  stm32f10x_bkp.o(i.BKP_WriteBackupRegister)
    BusFault_Handler                         0x080007f5   Thumb Code     4  stm32f10x_it.o(i.BusFault_Handler)
    CountS_Init                              0x080007f9   Thumb Code   120  counts.o(i.CountS_Init)
    DebugMon_Handler                         0x08000875   Thumb Code     2  stm32f10x_it.o(i.DebugMon_Handler)
    Delay_ms                                 0x08000877   Thumb Code    24  delay.o(i.Delay_ms)
    Delay_us                                 0x0800088f   Thumb Code    46  delay.o(i.Delay_us)
    EXTI15_10_IRQHandler                     0x080008bd   Thumb Code    30  counts.o(i.EXTI15_10_IRQHandler)
    EXTI_ClearITPendingBit                   0x080008e1   Thumb Code     6  stm32f10x_exti.o(i.EXTI_ClearITPendingBit)
    EXTI_GetITStatus                         0x080008ed   Thumb Code    34  stm32f10x_exti.o(i.EXTI_GetITStatus)
    EXTI_Init                                0x08000915   Thumb Code   142  stm32f10x_exti.o(i.EXTI_Init)
    GPIO_EXTILineConfig                      0x080009a9   Thumb Code    60  stm32f10x_gpio.o(i.GPIO_EXTILineConfig)
    GPIO_Init                                0x080009e9   Thumb Code   278  stm32f10x_gpio.o(i.GPIO_Init)
    GPIO_ReadInputDataBit                    0x08000aff   Thumb Code    18  stm32f10x_gpio.o(i.GPIO_ReadInputDataBit)
    GPIO_WriteBit                            0x08000b11   Thumb Code    10  stm32f10x_gpio.o(i.GPIO_WriteBit)
    HardFault_Handler                        0x08000b1b   Thumb Code     4  stm32f10x_it.o(i.HardFault_Handler)
    I2C_AcknowledgeConfig                    0x08000b1f   Thumb Code    24  stm32f10x_i2c.o(i.I2C_AcknowledgeConfig)
    I2C_CheckEvent                           0x08000b37   Thumb Code    42  stm32f10x_i2c.o(i.I2C_CheckEvent)
    I2C_Cmd                                  0x08000b61   Thumb Code    24  stm32f10x_i2c.o(i.I2C_Cmd)
    I2C_GenerateSTART                        0x08000b79   Thumb Code    24  stm32f10x_i2c.o(i.I2C_GenerateSTART)
    I2C_GenerateSTOP                         0x08000b91   Thumb Code    24  stm32f10x_i2c.o(i.I2C_GenerateSTOP)
    I2C_Init                                 0x08000ba9   Thumb Code   222  stm32f10x_i2c.o(i.I2C_Init)
    I2C_ReceiveData                          0x08000c95   Thumb Code     8  stm32f10x_i2c.o(i.I2C_ReceiveData)
    I2C_Send7bitAddress                      0x08000c9d   Thumb Code    18  stm32f10x_i2c.o(i.I2C_Send7bitAddress)
    I2C_SendData                             0x08000caf   Thumb Code     4  stm32f10x_i2c.o(i.I2C_SendData)
    K_Init                                   0x08000cb5   Thumb Code    40  k.o(i.K_Init)
    Key_Scan                                 0x08000ce1   Thumb Code   254  k.o(i.Key_Scan)
    MPU6050_GetData                          0x08000df5   Thumb Code   172  mpu6050.o(i.MPU6050_GetData)
    MPU6050_Init                             0x08000ea1   Thumb Code   108  mpu6050.o(i.MPU6050_Init)
    MPU6050_ReadReg                          0x08000f15   Thumb Code   174  mpu6050.o(i.MPU6050_ReadReg)
    M_RTC_Init                               0x08000fd1   Thumb Code   124  m_rtc.o(i.M_RTC_Init)
    M_RTC_ReadTime                           0x08001051   Thumb Code    68  m_rtc.o(i.M_RTC_ReadTime)
    M_RTC_SetTime                            0x08001099   Thumb Code    70  m_rtc.o(i.M_RTC_SetTime)
    M_SPI_Init                               0x080010e5   Thumb Code   176  m_spi.o(i.M_SPI_Init)
    M_SPI_Start                              0x0800119d   Thumb Code    10  m_spi.o(i.M_SPI_Start)
    M_SPI_Stop                               0x080011a7   Thumb Code    10  m_spi.o(i.M_SPI_Stop)
    M_SPI_SwapByte                           0x080011b1   Thumb Code    50  m_spi.o(i.M_SPI_SwapByte)
    M_SPI_W_SS                               0x080011e9   Thumb Code    16  m_spi.o(i.M_SPI_W_SS)
    MemManage_Handler                        0x080011fd   Thumb Code     4  stm32f10x_it.o(i.MemManage_Handler)
    Menu_ADCRemind                           0x08001201   Thumb Code    44  menu.o(i.Menu_ADCRemind)
    Menu_ADCStart                            0x0800125d   Thumb Code    90  menu.o(i.Menu_ADCStart)
    Menu_AllInit                             0x080012b7   Thumb Code    40  menu.o(i.Menu_AllInit)
    Menu_Enter                               0x080012e1   Thumb Code    62  menu.o(i.Menu_Enter)
    Menu_MPU6050Remind                       0x08001325   Thumb Code    44  menu.o(i.Menu_MPU6050Remind)
    Menu_MPU6050Start                        0x08001385   Thumb Code   126  menu.o(i.Menu_MPU6050Start)
    Menu_PWMContolStart                      0x0800141d   Thumb Code    36  menu.o(i.Menu_PWMContolStart)
    Menu_PWMRemind                           0x08001441   Thumb Code    14  menu.o(i.Menu_PWMRemind)
    Menu_SPIFlashRemind                      0x08001461   Thumb Code    70  menu.o(i.Menu_SPIFlashRemind)
    Menu_SPIFlashStart                       0x080014c5   Thumb Code    90  menu.o(i.Menu_SPIFlashStart)
    Menu_ShowCursor                          0x08001529   Thumb Code    54  menu.o(i.Menu_ShowCursor)
    Menu_ShowLine                            0x0800156d   Thumb Code   176  menu.o(i.Menu_ShowLine)
    Menu_ShowTest                            0x08001669   Thumb Code    62  menu.o(i.Menu_ShowTest)
    Menu_Start                               0x080016ad   Thumb Code   172  menu.o(i.Menu_Start)
    Menu_TimeRemind                          0x08001769   Thumb Code    34  menu.o(i.Menu_TimeRemind)
    Menu_TimeStart                           0x080017b5   Thumb Code   110  menu.o(i.Menu_TimeStart)
    Menu_USARTSend                           0x08001829   Thumb Code    78  menu.o(i.Menu_USARTSend)
    Menu_USARTSendRemind                     0x080018cd   Thumb Code    24  menu.o(i.Menu_USARTSendRemind)
    NMI_Handler                              0x080018fd   Thumb Code     2  stm32f10x_it.o(i.NMI_Handler)
    NVIC_Init                                0x08001901   Thumb Code   100  misc.o(i.NVIC_Init)
    NVIC_PriorityGroupConfig                 0x08001971   Thumb Code    10  misc.o(i.NVIC_PriorityGroupConfig)
    OLED_Clear                               0x08001985   Thumb Code    42  oled.o(i.OLED_Clear)
    OLED_I2C_Init                            0x080019b1   Thumb Code    76  oled.o(i.OLED_I2C_Init)
    OLED_I2C_SendByte                        0x08001a01   Thumb Code    88  oled.o(i.OLED_I2C_SendByte)
    OLED_I2C_Start                           0x08001a5d   Thumb Code    48  oled.o(i.OLED_I2C_Start)
    OLED_I2C_Stop                            0x08001a91   Thumb Code    36  oled.o(i.OLED_I2C_Stop)
    OLED_Init                                0x08001ab9   Thumb Code   174  oled.o(i.OLED_Init)
    OLED_Pow                                 0x08001b67   Thumb Code    20  oled.o(i.OLED_Pow)
    OLED_SetCursor                           0x08001b7b   Thumb Code    34  oled.o(i.OLED_SetCursor)
    OLED_ShowChar                            0x08001b9d   Thumb Code   110  oled.o(i.OLED_ShowChar)
    OLED_ShowHexNum                          0x08001c11   Thumb Code    84  oled.o(i.OLED_ShowHexNum)
    OLED_ShowNum                             0x08001c65   Thumb Code    68  oled.o(i.OLED_ShowNum)
    OLED_ShowSignedNum                       0x08001ca9   Thumb Code   102  oled.o(i.OLED_ShowSignedNum)
    OLED_ShowString                          0x08001d0f   Thumb Code    40  oled.o(i.OLED_ShowString)
    OLED_WriteCommand                        0x08001d37   Thumb Code    32  oled.o(i.OLED_WriteCommand)
    OLED_WriteData                           0x08001d57   Thumb Code    32  oled.o(i.OLED_WriteData)
    PWM_Init                                 0x08001d79   Thumb Code   142  pwm.o(i.PWM_Init)
    PWM_SetCompare1                          0x08001e11   Thumb Code    50  pwm.o(i.PWM_SetCompare1)
    PWR_BackupAccessCmd                      0x08001e55   Thumb Code     6  stm32f10x_pwr.o(i.PWR_BackupAccessCmd)
    PendSV_Handler                           0x08001e61   Thumb Code     2  stm32f10x_it.o(i.PendSV_Handler)
    RCC_ADCCLKConfig                         0x08001e65   Thumb Code    18  stm32f10x_rcc.o(i.RCC_ADCCLKConfig)
    RCC_APB1PeriphClockCmd                   0x08001e7d   Thumb Code    26  stm32f10x_rcc.o(i.RCC_APB1PeriphClockCmd)
    RCC_APB2PeriphClockCmd                   0x08001e9d   Thumb Code    26  stm32f10x_rcc.o(i.RCC_APB2PeriphClockCmd)
    RCC_GetClocksFreq                        0x08001ebd   Thumb Code   192  stm32f10x_rcc.o(i.RCC_GetClocksFreq)
    RCC_GetFlagStatus                        0x08001f91   Thumb Code    56  stm32f10x_rcc.o(i.RCC_GetFlagStatus)
    RCC_LSEConfig                            0x08001fcd   Thumb Code    46  stm32f10x_rcc.o(i.RCC_LSEConfig)
    RCC_RTCCLKCmd                            0x08002001   Thumb Code     6  stm32f10x_rcc.o(i.RCC_RTCCLKCmd)
    RCC_RTCCLKConfig                         0x0800200d   Thumb Code    12  stm32f10x_rcc.o(i.RCC_RTCCLKConfig)
    RTC_EnterConfigMode                      0x0800201d   Thumb Code    14  stm32f10x_rtc.o(i.RTC_EnterConfigMode)
    RTC_ExitConfigMode                       0x08002031   Thumb Code    16  stm32f10x_rtc.o(i.RTC_ExitConfigMode)
    RTC_GetCounter                           0x08002045   Thumb Code    16  stm32f10x_rtc.o(i.RTC_GetCounter)
    RTC_SetCounter                           0x08002059   Thumb Code    24  stm32f10x_rtc.o(i.RTC_SetCounter)
    RTC_SetPrescaler                         0x08002075   Thumb Code    26  stm32f10x_rtc.o(i.RTC_SetPrescaler)
    RTC_WaitForLastTask                      0x08002095   Thumb Code    16  stm32f10x_rtc.o(i.RTC_WaitForLastTask)
    RTC_WaitForSynchro                       0x080020a9   Thumb Code    30  stm32f10x_rtc.o(i.RTC_WaitForSynchro)
    SPI_Cmd                                  0x080020cd   Thumb Code    24  stm32f10x_spi.o(i.SPI_Cmd)
    SPI_I2S_GetFlagStatus                    0x080020e5   Thumb Code    18  stm32f10x_spi.o(i.SPI_I2S_GetFlagStatus)
    SPI_I2S_ReceiveData                      0x080020f7   Thumb Code     6  stm32f10x_spi.o(i.SPI_I2S_ReceiveData)
    SPI_I2S_SendData                         0x080020fd   Thumb Code     4  stm32f10x_spi.o(i.SPI_I2S_SendData)
    SPI_Init                                 0x08002101   Thumb Code    60  stm32f10x_spi.o(i.SPI_Init)
    SVC_Handler                              0x0800213d   Thumb Code     2  stm32f10x_it.o(i.SVC_Handler)
    Serial_Init                              0x08002141   Thumb Code   174  serial.o(i.Serial_Init)
    Serial_SendString                        0x080021f9   Thumb Code    40  serial.o(i.Serial_SendString)
    SysTick_Handler                          0x0800230d   Thumb Code     2  stm32f10x_it.o(i.SysTick_Handler)
    SystemInit                               0x08002311   Thumb Code    78  system_stm32f10x.o(i.SystemInit)
    TIM_Cmd                                  0x08002371   Thumb Code    24  stm32f10x_tim.o(i.TIM_Cmd)
    TIM_InternalClockConfig                  0x08002389   Thumb Code    12  stm32f10x_tim.o(i.TIM_InternalClockConfig)
    TIM_OC3Init                              0x08002395   Thumb Code   150  stm32f10x_tim.o(i.TIM_OC3Init)
    TIM_OCStructInit                         0x08002435   Thumb Code    20  stm32f10x_tim.o(i.TIM_OCStructInit)
    TIM_SetCompare3                          0x08002449   Thumb Code     4  stm32f10x_tim.o(i.TIM_SetCompare3)
    TIM_TimeBaseInit                         0x0800244d   Thumb Code   122  stm32f10x_tim.o(i.TIM_TimeBaseInit)
    USART1_IRQHandler                        0x080024f1   Thumb Code   140  serial.o(i.USART1_IRQHandler)
    USART_ClearITPendingBit                  0x08002591   Thumb Code    30  stm32f10x_usart.o(i.USART_ClearITPendingBit)
    USART_Cmd                                0x080025af   Thumb Code    24  stm32f10x_usart.o(i.USART_Cmd)
    USART_GetFlagStatus                      0x080025c7   Thumb Code    26  stm32f10x_usart.o(i.USART_GetFlagStatus)
    USART_GetITStatus                        0x080025e1   Thumb Code    84  stm32f10x_usart.o(i.USART_GetITStatus)
    USART_ITConfig                           0x08002635   Thumb Code    74  stm32f10x_usart.o(i.USART_ITConfig)
    USART_Init                               0x08002681   Thumb Code   210  stm32f10x_usart.o(i.USART_Init)
    USART_ReceiveData                        0x08002759   Thumb Code    10  stm32f10x_usart.o(i.USART_ReceiveData)
    USART_SendData                           0x08002763   Thumb Code     8  stm32f10x_usart.o(i.USART_SendData)
    UsageFault_Handler                       0x0800276b   Thumb Code     4  stm32f10x_it.o(i.UsageFault_Handler)
    W25Q64_Init                              0x0800276f   Thumb Code     8  w25q64.o(i.W25Q64_Init)
    W25Q64_PageProgram                       0x08002777   Thumb Code    76  w25q64.o(i.W25Q64_PageProgram)
    W25Q64_ReadData                          0x080027c3   Thumb Code    68  w25q64.o(i.W25Q64_ReadData)
    W25Q64_ReadID                            0x08002807   Thumb Code    62  w25q64.o(i.W25Q64_ReadID)
    W25Q64_SectorErase                       0x08002845   Thumb Code    50  w25q64.o(i.W25Q64_SectorErase)
    W25Q64_WaitBusy                          0x08002879   Thumb Code    48  w25q64.o(i.W25Q64_WaitBusy)
    W25Q64_WriteEable                        0x080028ad   Thumb Code    18  w25q64.o(i.W25Q64_WriteEable)
    main                                     0x080028bf   Thumb Code    12  main.o(i.main)
    __aeabi_fadd                             0x080028cd   Thumb Code     0  faddsub_clz.o(x$fpl$fadd)
    _fadd                                    0x080028cd   Thumb Code   196  faddsub_clz.o(x$fpl$fadd)
    __aeabi_fdiv                             0x08002991   Thumb Code     0  fdiv.o(x$fpl$fdiv)
    _fdiv                                    0x08002991   Thumb Code   384  fdiv.o(x$fpl$fdiv)
    __aeabi_f2uiz                            0x08002b15   Thumb Code     0  ffixu.o(x$fpl$ffixu)
    _ffixu                                   0x08002b15   Thumb Code    62  ffixu.o(x$fpl$ffixu)
    __aeabi_ui2f                             0x08002b55   Thumb Code     0  fflt_clz.o(x$fpl$ffltu)
    _ffltu                                   0x08002b55   Thumb Code    38  fflt_clz.o(x$fpl$ffltu)
    __aeabi_fmul                             0x08002b7d   Thumb Code     0  fmul.o(x$fpl$fmul)
    _fmul                                    0x08002b7d   Thumb Code   258  fmul.o(x$fpl$fmul)
    __fpl_fnaninf                            0x08002c7f   Thumb Code   140  fnaninf.o(x$fpl$fnaninf)
    __fpl_fretinf                            0x08002d0b   Thumb Code    10  fretinf.o(x$fpl$fretinf)
    __aeabi_fsub                             0x08002d15   Thumb Code     0  faddsub_clz.o(x$fpl$fsub)
    _fsub                                    0x08002d15   Thumb Code   234  faddsub_clz.o(x$fpl$fsub)
    OLED_F8x16                               0x08002dfe   Data        1520  oled.o(.constdata)
    __I$use$fp                               0x08002dfe   Number         0  usenofp.o(x$fpl$usenofp)
    _monlen                                  0x080033ee   Data          12  _monlen.o(.constdata)
    Region$$Table$$Base                      0x080033fc   Number         0  anon$$obj.o(Region$$Table)
    Region$$Table$$Limit                     0x0800341c   Number         0  anon$$obj.o(Region$$Table)
    Serial_TxFlag                            0x20000014   Data           1  menu.o(.data)
    MID                                      0x20000015   Data           1  menu.o(.data)
    DID                                      0x20000016   Data           2  menu.o(.data)
    ArrayWrite                               0x20000018   Data           4  menu.o(.data)
    ArrayRead                                0x2000001c   Data           4  menu.o(.data)
    AX                                       0x20000020   Data           2  menu.o(.data)
    AY                                       0x20000022   Data           2  menu.o(.data)
    AZ                                       0x20000024   Data           2  menu.o(.data)
    GX                                       0x20000026   Data           2  menu.o(.data)
    GY                                       0x20000028   Data           2  menu.o(.data)
    GZ                                       0x2000002a   Data           2  menu.o(.data)
    Line                                     0x2000002c   Data           1  menu.o(.data)
    KeyAction                                0x2000002e   Data           1  k.o(.data)
    Menu_ExitFlag                            0x20000036   Data           2  counts.o(.data)
    Serial_RxFlag                            0x20000038   Data           1  serial.o(.data)
    M_RTCNum                                 0x2000003c   Data          12  m_rtc.o(.data)
    Serial_RxPacket                          0x20000048   Data         100  serial.o(.bss)
    __libspace_start                         0x200000d8   Data          96  libspace.o(.bss)
    __temporary_stack_top$libspace           0x20000138   Data           0  libspace.o(.bss)



==============================================================================

Memory Map of the image

  Image Entry point : 0x08000189

  Load Region LR_1 (Base: 0x08000000, Size: 0x00003464, Max: 0xffffffff, ABSOLUTE)

    Execution Region ER_RO (Exec base: 0x08000000, Load base: 0x08000000, Size: 0x0000341c, Max: 0xffffffff, ABSOLUTE)

    Exec Addr    Load Addr    Size         Type   Attr      Idx    E Section Name        Object

    0x08000000   0x08000000   0x000000ec   Data   RO          132    RESET               startup_stm32f10x_md.o
    0x080000ec   0x080000ec   0x00000008   Code   RO         3903  * !!!main             c_w.l(__main.o)
    0x080000f4   0x080000f4   0x00000034   Code   RO         4092    !!!scatter          c_w.l(__scatter.o)
    0x08000128   0x08000128   0x0000001a   Code   RO         4094    !!handler_copy      c_w.l(__scatter_copy.o)
    0x08000142   0x08000142   0x00000002   PAD
    0x08000144   0x08000144   0x0000001c   Code   RO         4096    !!handler_zi        c_w.l(__scatter_zi.o)
    0x08000160   0x08000160   0x00000002   Code   RO         3962    .ARM.Collect$$libinit$$00000000  c_w.l(libinit.o)
    0x08000162   0x08000162   0x00000000   Code   RO         3969    .ARM.Collect$$libinit$$00000002  c_w.l(libinit2.o)
    0x08000162   0x08000162   0x00000000   Code   RO         3971    .ARM.Collect$$libinit$$00000004  c_w.l(libinit2.o)
    0x08000162   0x08000162   0x00000000   Code   RO         3974    .ARM.Collect$$libinit$$0000000A  c_w.l(libinit2.o)
    0x08000162   0x08000162   0x00000000   Code   RO         3976    .ARM.Collect$$libinit$$0000000C  c_w.l(libinit2.o)
    0x08000162   0x08000162   0x00000000   Code   RO         3978    .ARM.Collect$$libinit$$0000000E  c_w.l(libinit2.o)
    0x08000162   0x08000162   0x00000000   Code   RO         3981    .ARM.Collect$$libinit$$00000011  c_w.l(libinit2.o)
    0x08000162   0x08000162   0x00000000   Code   RO         3983    .ARM.Collect$$libinit$$00000013  c_w.l(libinit2.o)
    0x08000162   0x08000162   0x00000000   Code   RO         3985    .ARM.Collect$$libinit$$00000015  c_w.l(libinit2.o)
    0x08000162   0x08000162   0x00000000   Code   RO         3987    .ARM.Collect$$libinit$$00000017  c_w.l(libinit2.o)
    0x08000162   0x08000162   0x00000000   Code   RO         3989    .ARM.Collect$$libinit$$00000019  c_w.l(libinit2.o)
    0x08000162   0x08000162   0x00000000   Code   RO         3991    .ARM.Collect$$libinit$$0000001B  c_w.l(libinit2.o)
    0x08000162   0x08000162   0x00000000   Code   RO         3993    .ARM.Collect$$libinit$$0000001D  c_w.l(libinit2.o)
    0x08000162   0x08000162   0x00000000   Code   RO         3995    .ARM.Collect$$libinit$$0000001F  c_w.l(libinit2.o)
    0x08000162   0x08000162   0x00000000   Code   RO         3997    .ARM.Collect$$libinit$$00000021  c_w.l(libinit2.o)
    0x08000162   0x08000162   0x00000000   Code   RO         3999    .ARM.Collect$$libinit$$00000023  c_w.l(libinit2.o)
    0x08000162   0x08000162   0x00000000   Code   RO         4001    .ARM.Collect$$libinit$$00000025  c_w.l(libinit2.o)
    0x08000162   0x08000162   0x00000000   Code   RO         4005    .ARM.Collect$$libinit$$0000002C  c_w.l(libinit2.o)
    0x08000162   0x08000162   0x00000000   Code   RO         4007    .ARM.Collect$$libinit$$0000002E  c_w.l(libinit2.o)
    0x08000162   0x08000162   0x00000000   Code   RO         4009    .ARM.Collect$$libinit$$00000030  c_w.l(libinit2.o)
    0x08000162   0x08000162   0x00000000   Code   RO         4011    .ARM.Collect$$libinit$$00000032  c_w.l(libinit2.o)
    0x08000162   0x08000162   0x00000002   Code   RO         4012    .ARM.Collect$$libinit$$00000033  c_w.l(libinit2.o)
    0x08000164   0x08000164   0x00000002   Code   RO         4032    .ARM.Collect$$libshutdown$$00000000  c_w.l(libshutdown.o)
    0x08000166   0x08000166   0x00000000   Code   RO         4045    .ARM.Collect$$libshutdown$$00000002  c_w.l(libshutdown2.o)
    0x08000166   0x08000166   0x00000000   Code   RO         4047    .ARM.Collect$$libshutdown$$00000004  c_w.l(libshutdown2.o)
    0x08000166   0x08000166   0x00000000   Code   RO         4050    .ARM.Collect$$libshutdown$$00000007  c_w.l(libshutdown2.o)
    0x08000166   0x08000166   0x00000000   Code   RO         4053    .ARM.Collect$$libshutdown$$0000000A  c_w.l(libshutdown2.o)
    0x08000166   0x08000166   0x00000000   Code   RO         4055    .ARM.Collect$$libshutdown$$0000000C  c_w.l(libshutdown2.o)
    0x08000166   0x08000166   0x00000000   Code   RO         4058    .ARM.Collect$$libshutdown$$0000000F  c_w.l(libshutdown2.o)
    0x08000166   0x08000166   0x00000002   Code   RO         4059    .ARM.Collect$$libshutdown$$00000010  c_w.l(libshutdown2.o)
    0x08000168   0x08000168   0x00000000   Code   RO         3927    .ARM.Collect$$rtentry$$00000000  c_w.l(__rtentry.o)
    0x08000168   0x08000168   0x00000000   Code   RO         3937    .ARM.Collect$$rtentry$$00000002  c_w.l(__rtentry2.o)
    0x08000168   0x08000168   0x00000006   Code   RO         3949    .ARM.Collect$$rtentry$$00000004  c_w.l(__rtentry4.o)
    0x0800016e   0x0800016e   0x00000000   Code   RO         3939    .ARM.Collect$$rtentry$$00000009  c_w.l(__rtentry2.o)
    0x0800016e   0x0800016e   0x00000004   Code   RO         3940    .ARM.Collect$$rtentry$$0000000A  c_w.l(__rtentry2.o)
    0x08000172   0x08000172   0x00000000   Code   RO         3942    .ARM.Collect$$rtentry$$0000000C  c_w.l(__rtentry2.o)
    0x08000172   0x08000172   0x00000008   Code   RO         3943    .ARM.Collect$$rtentry$$0000000D  c_w.l(__rtentry2.o)
    0x0800017a   0x0800017a   0x00000002   Code   RO         3966    .ARM.Collect$$rtexit$$00000000  c_w.l(rtexit.o)
    0x0800017c   0x0800017c   0x00000000   Code   RO         4014    .ARM.Collect$$rtexit$$00000002  c_w.l(rtexit2.o)
    0x0800017c   0x0800017c   0x00000004   Code   RO         4015    .ARM.Collect$$rtexit$$00000003  c_w.l(rtexit2.o)
    0x08000180   0x08000180   0x00000006   Code   RO         4016    .ARM.Collect$$rtexit$$00000004  c_w.l(rtexit2.o)
    0x08000186   0x08000186   0x00000002   PAD
    0x08000188   0x08000188   0x00000040   Code   RO          133  * .text               startup_stm32f10x_md.o
    0x080001c8   0x080001c8   0x00000064   Code   RO         3894    .text               c_w.l(rt_memcpy_w.o)
    0x0800022c   0x0800022c   0x0000000c   Code   RO         3896    .text               c_w.l(localtime.o)
    0x08000238   0x08000238   0x000001ac   Code   RO         3899    .text               c_w.l(mktime.o)
    0x080003e4   0x080003e4   0x00000006   Code   RO         3901    .text               c_w.l(heapauxi.o)
    0x080003ea   0x080003ea   0x00000002   PAD
    0x080003ec   0x080003ec   0x000000b8   Code   RO         3929    .text               c_w.l(localtime_internal.o)
    0x080004a4   0x080004a4   0x0000004e   Code   RO         3951    .text               c_w.l(rt_memclr_w.o)
    0x080004f2   0x080004f2   0x0000004a   Code   RO         3953    .text               c_w.l(sys_stackheap_outer.o)
    0x0800053c   0x0800053c   0x00000012   Code   RO         3955    .text               c_w.l(exit.o)
    0x0800054e   0x0800054e   0x00000002   PAD
    0x08000550   0x08000550   0x00000008   Code   RO         3963    .text               c_w.l(libspace.o)
    0x08000558   0x08000558   0x0000000c   Code   RO         4024    .text               c_w.l(sys_exit.o)
    0x08000564   0x08000564   0x00000002   Code   RO         4035    .text               c_w.l(use_no_semi.o)
    0x08000566   0x08000566   0x00000000   Code   RO         4037    .text               c_w.l(indicate_semi.o)
    0x08000566   0x08000566   0x00000002   PAD
    0x08000568   0x08000568   0x00000034   Code   RO         3585    i.AD1_GetValue      ad.o
    0x0800059c   0x0800059c   0x00000094   Code   RO         3586    i.AD1_Init          ad.o
    0x08000630   0x08000630   0x00000016   Code   RO          202    i.ADC_Cmd           stm32f10x_adc.o
    0x08000646   0x08000646   0x00000014   Code   RO          210    i.ADC_GetCalibrationStatus  stm32f10x_adc.o
    0x0800065a   0x0800065a   0x00000008   Code   RO          211    i.ADC_GetConversionValue  stm32f10x_adc.o
    0x08000662   0x08000662   0x00000012   Code   RO          213    i.ADC_GetFlagStatus  stm32f10x_adc.o
    0x08000674   0x08000674   0x00000014   Code   RO          216    i.ADC_GetResetCalibrationStatus  stm32f10x_adc.o
    0x08000688   0x08000688   0x00000050   Code   RO          220    i.ADC_Init          stm32f10x_adc.o
    0x080006d8   0x080006d8   0x000000b8   Code   RO          224    i.ADC_RegularChannelConfig  stm32f10x_adc.o
    0x08000790   0x08000790   0x0000000a   Code   RO          225    i.ADC_ResetCalibration  stm32f10x_adc.o
    0x0800079a   0x0800079a   0x00000016   Code   RO          227    i.ADC_SoftwareStartConvCmd  stm32f10x_adc.o
    0x080007b0   0x080007b0   0x0000000a   Code   RO          229    i.ADC_StartCalibration  stm32f10x_adc.o
    0x080007ba   0x080007ba   0x00000002   PAD
    0x080007bc   0x080007bc   0x0000001c   Code   RO          431    i.BKP_ReadBackupRegister  stm32f10x_bkp.o
    0x080007d8   0x080007d8   0x0000001c   Code   RO          435    i.BKP_WriteBackupRegister  stm32f10x_bkp.o
    0x080007f4   0x080007f4   0x00000004   Code   RO         3217    i.BusFault_Handler  stm32f10x_it.o
    0x080007f8   0x080007f8   0x0000007c   Code   RO         3603    i.CountS_Init       counts.o
    0x08000874   0x08000874   0x00000002   Code   RO         3218    i.DebugMon_Handler  stm32f10x_it.o
    0x08000876   0x08000876   0x00000018   Code   RO         3280    i.Delay_ms          delay.o
    0x0800088e   0x0800088e   0x0000002e   Code   RO         3282    i.Delay_us          delay.o
    0x080008bc   0x080008bc   0x00000024   Code   RO         3604    i.EXTI15_10_IRQHandler  counts.o
    0x080008e0   0x080008e0   0x0000000c   Code   RO          985    i.EXTI_ClearITPendingBit  stm32f10x_exti.o
    0x080008ec   0x080008ec   0x00000028   Code   RO          989    i.EXTI_GetITStatus  stm32f10x_exti.o
    0x08000914   0x08000914   0x00000094   Code   RO          990    i.EXTI_Init         stm32f10x_exti.o
    0x080009a8   0x080009a8   0x00000040   Code   RO         1344    i.GPIO_EXTILineConfig  stm32f10x_gpio.o
    0x080009e8   0x080009e8   0x00000116   Code   RO         1347    i.GPIO_Init         stm32f10x_gpio.o
    0x08000afe   0x08000afe   0x00000012   Code   RO         1351    i.GPIO_ReadInputDataBit  stm32f10x_gpio.o
    0x08000b10   0x08000b10   0x0000000a   Code   RO         1358    i.GPIO_WriteBit     stm32f10x_gpio.o
    0x08000b1a   0x08000b1a   0x00000004   Code   RO         3219    i.HardFault_Handler  stm32f10x_it.o
    0x08000b1e   0x08000b1e   0x00000018   Code   RO         1459    i.I2C_AcknowledgeConfig  stm32f10x_i2c.o
    0x08000b36   0x08000b36   0x0000002a   Code   RO         1461    i.I2C_CheckEvent    stm32f10x_i2c.o
    0x08000b60   0x08000b60   0x00000018   Code   RO         1464    i.I2C_Cmd           stm32f10x_i2c.o
    0x08000b78   0x08000b78   0x00000018   Code   RO         1471    i.I2C_GenerateSTART  stm32f10x_i2c.o
    0x08000b90   0x08000b90   0x00000018   Code   RO         1472    i.I2C_GenerateSTOP  stm32f10x_i2c.o
    0x08000ba8   0x08000ba8   0x000000ec   Code   RO         1478    i.I2C_Init          stm32f10x_i2c.o
    0x08000c94   0x08000c94   0x00000008   Code   RO         1483    i.I2C_ReceiveData   stm32f10x_i2c.o
    0x08000c9c   0x08000c9c   0x00000012   Code   RO         1485    i.I2C_Send7bitAddress  stm32f10x_i2c.o
    0x08000cae   0x08000cae   0x00000004   Code   RO         1486    i.I2C_SendData      stm32f10x_i2c.o
    0x08000cb2   0x08000cb2   0x00000002   PAD
    0x08000cb4   0x08000cb4   0x0000002c   Code   RO         3564    i.K_Init            k.o
    0x08000ce0   0x08000ce0   0x00000114   Code   RO         3565    i.Key_Scan          k.o
    0x08000df4   0x08000df4   0x000000ac   Code   RO         3648    i.MPU6050_GetData   mpu6050.o
    0x08000ea0   0x08000ea0   0x00000074   Code   RO         3650    i.MPU6050_Init      mpu6050.o
    0x08000f14   0x08000f14   0x000000bc   Code   RO         3651    i.MPU6050_ReadReg   mpu6050.o
    0x08000fd0   0x08000fd0   0x00000080   Code   RO         3859    i.M_RTC_Init        m_rtc.o
    0x08001050   0x08001050   0x00000048   Code   RO         3860    i.M_RTC_ReadTime    m_rtc.o
    0x08001098   0x08001098   0x0000004c   Code   RO         3861    i.M_RTC_SetTime     m_rtc.o
    0x080010e4   0x080010e4   0x000000b8   Code   RO         3747    i.M_SPI_Init        m_spi.o
    0x0800119c   0x0800119c   0x0000000a   Code   RO         3749    i.M_SPI_Start       m_spi.o
    0x080011a6   0x080011a6   0x0000000a   Code   RO         3750    i.M_SPI_Stop        m_spi.o
    0x080011b0   0x080011b0   0x00000038   Code   RO         3751    i.M_SPI_SwapByte    m_spi.o
    0x080011e8   0x080011e8   0x00000014   Code   RO         3754    i.M_SPI_W_SS        m_spi.o
    0x080011fc   0x080011fc   0x00000004   Code   RO         3220    i.MemManage_Handler  stm32f10x_it.o
    0x08001200   0x08001200   0x0000005c   Code   RO         3412    i.Menu_ADCRemind    menu.o
    0x0800125c   0x0800125c   0x0000005a   Code   RO         3413    i.Menu_ADCStart     menu.o
    0x080012b6   0x080012b6   0x00000028   Code   RO         3414    i.Menu_AllInit      menu.o
    0x080012de   0x080012de   0x00000002   PAD
    0x080012e0   0x080012e0   0x00000044   Code   RO         3415    i.Menu_Enter        menu.o
    0x08001324   0x08001324   0x00000060   Code   RO         3416    i.Menu_MPU6050Remind  menu.o
    0x08001384   0x08001384   0x00000098   Code   RO         3417    i.Menu_MPU6050Start  menu.o
    0x0800141c   0x0800141c   0x00000024   Code   RO         3418    i.Menu_PWMContolStart  menu.o
    0x08001440   0x08001440   0x00000020   Code   RO         3419    i.Menu_PWMRemind    menu.o
    0x08001460   0x08001460   0x00000064   Code   RO         3420    i.Menu_SPIFlashRemind  menu.o
    0x080014c4   0x080014c4   0x00000064   Code   RO         3421    i.Menu_SPIFlashStart  menu.o
    0x08001528   0x08001528   0x00000044   Code   RO         3422    i.Menu_ShowCursor   menu.o
    0x0800156c   0x0800156c   0x000000fc   Code   RO         3423    i.Menu_ShowLine     menu.o
    0x08001668   0x08001668   0x00000044   Code   RO         3424    i.Menu_ShowTest     menu.o
    0x080016ac   0x080016ac   0x000000bc   Code   RO         3425    i.Menu_Start        menu.o
    0x08001768   0x08001768   0x0000004c   Code   RO         3426    i.Menu_TimeRemind   menu.o
    0x080017b4   0x080017b4   0x00000074   Code   RO         3427    i.Menu_TimeStart    menu.o
    0x08001828   0x08001828   0x000000a4   Code   RO         3428    i.Menu_USARTSend    menu.o
    0x080018cc   0x080018cc   0x00000030   Code   RO         3429    i.Menu_USARTSendRemind  menu.o
    0x080018fc   0x080018fc   0x00000002   Code   RO         3221    i.NMI_Handler       stm32f10x_it.o
    0x080018fe   0x080018fe   0x00000002   PAD
    0x08001900   0x08001900   0x00000070   Code   RO          137    i.NVIC_Init         misc.o
    0x08001970   0x08001970   0x00000014   Code   RO          138    i.NVIC_PriorityGroupConfig  misc.o
    0x08001984   0x08001984   0x0000002a   Code   RO         3304    i.OLED_Clear        oled.o
    0x080019ae   0x080019ae   0x00000002   PAD
    0x080019b0   0x080019b0   0x00000050   Code   RO         3305    i.OLED_I2C_Init     oled.o
    0x08001a00   0x08001a00   0x0000005c   Code   RO         3306    i.OLED_I2C_SendByte  oled.o
    0x08001a5c   0x08001a5c   0x00000034   Code   RO         3307    i.OLED_I2C_Start    oled.o
    0x08001a90   0x08001a90   0x00000028   Code   RO         3308    i.OLED_I2C_Stop     oled.o
    0x08001ab8   0x08001ab8   0x000000ae   Code   RO         3309    i.OLED_Init         oled.o
    0x08001b66   0x08001b66   0x00000014   Code   RO         3310    i.OLED_Pow          oled.o
    0x08001b7a   0x08001b7a   0x00000022   Code   RO         3311    i.OLED_SetCursor    oled.o
    0x08001b9c   0x08001b9c   0x00000074   Code   RO         3313    i.OLED_ShowChar     oled.o
    0x08001c10   0x08001c10   0x00000054   Code   RO         3314    i.OLED_ShowHexNum   oled.o
    0x08001c64   0x08001c64   0x00000044   Code   RO         3315    i.OLED_ShowNum      oled.o
    0x08001ca8   0x08001ca8   0x00000066   Code   RO         3316    i.OLED_ShowSignedNum  oled.o
    0x08001d0e   0x08001d0e   0x00000028   Code   RO         3317    i.OLED_ShowString   oled.o
    0x08001d36   0x08001d36   0x00000020   Code   RO         3318    i.OLED_WriteCommand  oled.o
    0x08001d56   0x08001d56   0x00000020   Code   RO         3319    i.OLED_WriteData    oled.o
    0x08001d76   0x08001d76   0x00000002   PAD
    0x08001d78   0x08001d78   0x00000098   Code   RO         3630    i.PWM_Init          pwm.o
    0x08001e10   0x08001e10   0x00000044   Code   RO         3631    i.PWM_SetCompare1   pwm.o
    0x08001e54   0x08001e54   0x0000000c   Code   RO         1710    i.PWR_BackupAccessCmd  stm32f10x_pwr.o
    0x08001e60   0x08001e60   0x00000002   Code   RO         3222    i.PendSV_Handler    stm32f10x_it.o
    0x08001e62   0x08001e62   0x00000002   PAD
    0x08001e64   0x08001e64   0x00000018   Code   RO         1773    i.RCC_ADCCLKConfig  stm32f10x_rcc.o
    0x08001e7c   0x08001e7c   0x00000020   Code   RO         1775    i.RCC_APB1PeriphClockCmd  stm32f10x_rcc.o
    0x08001e9c   0x08001e9c   0x00000020   Code   RO         1777    i.RCC_APB2PeriphClockCmd  stm32f10x_rcc.o
    0x08001ebc   0x08001ebc   0x000000d4   Code   RO         1785    i.RCC_GetClocksFreq  stm32f10x_rcc.o
    0x08001f90   0x08001f90   0x0000003c   Code   RO         1786    i.RCC_GetFlagStatus  stm32f10x_rcc.o
    0x08001fcc   0x08001fcc   0x00000034   Code   RO         1793    i.RCC_LSEConfig     stm32f10x_rcc.o
    0x08002000   0x08002000   0x0000000c   Code   RO         1800    i.RCC_RTCCLKCmd     stm32f10x_rcc.o
    0x0800200c   0x0800200c   0x00000010   Code   RO         1801    i.RCC_RTCCLKConfig  stm32f10x_rcc.o
    0x0800201c   0x0800201c   0x00000014   Code   RO         1978    i.RTC_EnterConfigMode  stm32f10x_rtc.o
    0x08002030   0x08002030   0x00000014   Code   RO         1979    i.RTC_ExitConfigMode  stm32f10x_rtc.o
    0x08002044   0x08002044   0x00000014   Code   RO         1980    i.RTC_GetCounter    stm32f10x_rtc.o
    0x08002058   0x08002058   0x0000001c   Code   RO         1986    i.RTC_SetCounter    stm32f10x_rtc.o
    0x08002074   0x08002074   0x00000020   Code   RO         1987    i.RTC_SetPrescaler  stm32f10x_rtc.o
    0x08002094   0x08002094   0x00000014   Code   RO         1988    i.RTC_WaitForLastTask  stm32f10x_rtc.o
    0x080020a8   0x080020a8   0x00000024   Code   RO         1989    i.RTC_WaitForSynchro  stm32f10x_rtc.o
    0x080020cc   0x080020cc   0x00000018   Code   RO         2263    i.SPI_Cmd           stm32f10x_spi.o
    0x080020e4   0x080020e4   0x00000012   Code   RO         2271    i.SPI_I2S_GetFlagStatus  stm32f10x_spi.o
    0x080020f6   0x080020f6   0x00000006   Code   RO         2274    i.SPI_I2S_ReceiveData  stm32f10x_spi.o
    0x080020fc   0x080020fc   0x00000004   Code   RO         2275    i.SPI_I2S_SendData  stm32f10x_spi.o
    0x08002100   0x08002100   0x0000003c   Code   RO         2276    i.SPI_Init          stm32f10x_spi.o
    0x0800213c   0x0800213c   0x00000002   Code   RO         3223    i.SVC_Handler       stm32f10x_it.o
    0x0800213e   0x0800213e   0x00000002   PAD
    0x08002140   0x08002140   0x000000b8   Code   RO         3801    i.Serial_Init       serial.o
    0x080021f8   0x080021f8   0x0000002c   Code   RO         3806    i.Serial_SendString  serial.o
    0x08002224   0x08002224   0x00000008   Code   RO           17    i.SetSysClock       system_stm32f10x.o
    0x0800222c   0x0800222c   0x000000e0   Code   RO           18    i.SetSysClockTo72   system_stm32f10x.o
    0x0800230c   0x0800230c   0x00000002   Code   RO         3224    i.SysTick_Handler   stm32f10x_it.o
    0x0800230e   0x0800230e   0x00000002   PAD
    0x08002310   0x08002310   0x00000060   Code   RO           20    i.SystemInit        system_stm32f10x.o
    0x08002370   0x08002370   0x00000018   Code   RO         2421    i.TIM_Cmd           stm32f10x_tim.o
    0x08002388   0x08002388   0x0000000c   Code   RO         2448    i.TIM_InternalClockConfig  stm32f10x_tim.o
    0x08002394   0x08002394   0x000000a0   Code   RO         2460    i.TIM_OC3Init       stm32f10x_tim.o
    0x08002434   0x08002434   0x00000014   Code   RO         2468    i.TIM_OCStructInit  stm32f10x_tim.o
    0x08002448   0x08002448   0x00000004   Code   RO         2484    i.TIM_SetCompare3   stm32f10x_tim.o
    0x0800244c   0x0800244c   0x000000a4   Code   RO         2492    i.TIM_TimeBaseInit  stm32f10x_tim.o
    0x080024f0   0x080024f0   0x000000a0   Code   RO         3807    i.USART1_IRQHandler  serial.o
    0x08002590   0x08002590   0x0000001e   Code   RO         2957    i.USART_ClearITPendingBit  stm32f10x_usart.o
    0x080025ae   0x080025ae   0x00000018   Code   RO         2960    i.USART_Cmd         stm32f10x_usart.o
    0x080025c6   0x080025c6   0x0000001a   Code   RO         2963    i.USART_GetFlagStatus  stm32f10x_usart.o
    0x080025e0   0x080025e0   0x00000054   Code   RO         2964    i.USART_GetITStatus  stm32f10x_usart.o
    0x08002634   0x08002634   0x0000004a   Code   RO         2966    i.USART_ITConfig    stm32f10x_usart.o
    0x0800267e   0x0800267e   0x00000002   PAD
    0x08002680   0x08002680   0x000000d8   Code   RO         2967    i.USART_Init        stm32f10x_usart.o
    0x08002758   0x08002758   0x0000000a   Code   RO         2974    i.USART_ReceiveData  stm32f10x_usart.o
    0x08002762   0x08002762   0x00000008   Code   RO         2977    i.USART_SendData    stm32f10x_usart.o
    0x0800276a   0x0800276a   0x00000004   Code   RO         3225    i.UsageFault_Handler  stm32f10x_it.o
    0x0800276e   0x0800276e   0x00000008   Code   RO         3693    i.W25Q64_Init       w25q64.o
    0x08002776   0x08002776   0x0000004c   Code   RO         3694    i.W25Q64_PageProgram  w25q64.o
    0x080027c2   0x080027c2   0x00000044   Code   RO         3695    i.W25Q64_ReadData   w25q64.o
    0x08002806   0x08002806   0x0000003e   Code   RO         3696    i.W25Q64_ReadID     w25q64.o
    0x08002844   0x08002844   0x00000032   Code   RO         3697    i.W25Q64_SectorErase  w25q64.o
    0x08002876   0x08002876   0x00000002   PAD
    0x08002878   0x08002878   0x00000034   Code   RO         3698    i.W25Q64_WaitBusy   w25q64.o
    0x080028ac   0x080028ac   0x00000012   Code   RO         3699    i.W25Q64_WriteEable  w25q64.o
    0x080028be   0x080028be   0x0000000c   Code   RO         3196    i.main              main.o
    0x080028ca   0x080028ca   0x00000002   PAD
    0x080028cc   0x080028cc   0x000000c4   Code   RO         3905    x$fpl$fadd          fz_ws.l(faddsub_clz.o)
    0x08002990   0x08002990   0x00000184   Code   RO         3912    x$fpl$fdiv          fz_ws.l(fdiv.o)
    0x08002b14   0x08002b14   0x0000003e   Code   RO         3915    x$fpl$ffixu         fz_ws.l(ffixu.o)
    0x08002b52   0x08002b52   0x00000002   PAD
    0x08002b54   0x08002b54   0x00000026   Code   RO         3919    x$fpl$ffltu         fz_ws.l(fflt_clz.o)
    0x08002b7a   0x08002b7a   0x00000002   PAD
    0x08002b7c   0x08002b7c   0x00000102   Code   RO         3925    x$fpl$fmul          fz_ws.l(fmul.o)
    0x08002c7e   0x08002c7e   0x0000008c   Code   RO         3931    x$fpl$fnaninf       fz_ws.l(fnaninf.o)
    0x08002d0a   0x08002d0a   0x0000000a   Code   RO         3933    x$fpl$fretinf       fz_ws.l(fretinf.o)
    0x08002d14   0x08002d14   0x000000ea   Code   RO         3907    x$fpl$fsub          fz_ws.l(faddsub_clz.o)
    0x08002dfe   0x08002dfe   0x00000000   Code   RO         3935    x$fpl$usenofp       fz_ws.l(usenofp.o)
    0x08002dfe   0x08002dfe   0x000005f0   Data   RO         3320    .constdata          oled.o
    0x080033ee   0x080033ee   0x0000000c   Data   RO         3928    .constdata          c_w.l(_monlen.o)
    0x080033fa   0x080033fa   0x00000002   PAD
    0x080033fc   0x080033fc   0x00000020   Data   RO         4090    Region$$Table       anon$$obj.o


    Execution Region ER_RW (Exec base: 0x20000000, Load base: 0x0800341c, Size: 0x00000048, Max: 0xffffffff, ABSOLUTE)

    Exec Addr    Load Addr    Size         Type   Attr      Idx    E Section Name        Object

    0x20000000   0x0800341c   0x00000014   Data   RW         1805    .data               stm32f10x_rcc.o
    0x20000014   0x08003430   0x00000019   Data   RW         3430    .data               menu.o
    0x2000002d   0x08003449   0x00000001   PAD
    0x2000002e   0x0800344a   0x00000007   Data   RW         3566    .data               k.o
    0x20000035   0x08003451   0x00000001   PAD
    0x20000036   0x08003452   0x00000002   Data   RW         3606    .data               counts.o
    0x20000038   0x08003454   0x00000003   Data   RW         3810    .data               serial.o
    0x2000003b   0x08003457   0x00000001   PAD
    0x2000003c   0x08003458   0x0000000c   Data   RW         3862    .data               m_rtc.o


    Execution Region ER_ZI (Exec base: 0x20000048, Load base: 0x08003464, Size: 0x000006f0, Max: 0xffffffff, ABSOLUTE)

    Exec Addr    Load Addr    Size         Type   Attr      Idx    E Section Name        Object

    0x20000048        -       0x00000064   Zero   RW         3809    .bss                serial.o
    0x200000ac        -       0x0000002c   Zero   RW         3897    .bss                c_w.l(localtime.o)
    0x200000d8        -       0x00000060   Zero   RW         3964    .bss                c_w.l(libspace.o)
    0x20000138        -       0x00000200   Zero   RW          131    HEAP                startup_stm32f10x_md.o
    0x20000338        -       0x00000400   Zero   RW          130    STACK               startup_stm32f10x_md.o


==============================================================================

Image component sizes


      Code (inc. data)   RO Data    RW Data    ZI Data      Debug   Object Name

       200         16          0          0          0       1070   ad.o
         0          0          0          0          0       4524   core_cm3.o
       160         10          0          2          0       1221   counts.o
        70          0          0          0          0        898   delay.o
       320         26          0          7          0       1384   k.o
       276         14          0         12          0       2953   m_rtc.o
       280         18          0          0          0       2410   m_spi.o
        12          0          0          0          0        415   main.o
      1786        482          0         25          0       9562   menu.o
       132         22          0          0          0     215851   misc.o
       476         22          0          0          0       2267   mpu6050.o
      1008         22       1520          0          0       8684   oled.o
       220         28          0          0          0       1077   pwm.o
       388         34          0          3        100       2406   serial.o
        64         26        236          0       1536        768   startup_stm32f10x_md.o
       394         10          0          0          0      18209   stm32f10x_adc.o
        56         10          0          0          0       2067   stm32f10x_bkp.o
       200         18          0          0          0       4060   stm32f10x_exti.o
       370          4          0          0          0      11882   stm32f10x_gpio.o
       404         14          0          0          0      14484   stm32f10x_i2c.o
        26          0          0          0          0       3686   stm32f10x_it.o
        12          6          0          0          0        470   stm32f10x_pwr.o
       440         58          0         20          0      15484   stm32f10x_rcc.o
       176         34          0          0          0       3235   stm32f10x_rtc.o
       112          0          0          0          0      10442   stm32f10x_spi.o
       384         52          0          0          0      24038   stm32f10x_tim.o
       472          6          0          0          0      12415   stm32f10x_usart.o
       328         28          0          0          0      59925   system_stm32f10x.o
       334          4          0          0          0       4004   w25q64.o

    ----------------------------------------------------------------------
      9124        964       1788         72       1636     439891   Object Totals
         0          0         32          0          0          0   (incl. Generated)
        24          0          0          3          0          0   (incl. Padding)

    ----------------------------------------------------------------------

      Code (inc. data)   RO Data    RW Data    ZI Data      Debug   Library Member Name

         8          0          0          0          0         68   __main.o
         0          0          0          0          0          0   __rtentry.o
        12          0          0          0          0          0   __rtentry2.o
         6          0          0          0          0          0   __rtentry4.o
        52          8          0          0          0          0   __scatter.o
        26          0          0          0          0          0   __scatter_copy.o
        28          0          0          0          0          0   __scatter_zi.o
         0          0         12          0          0          0   _monlen.o
        18          0          0          0          0         80   exit.o
         6          0          0          0          0        152   heapauxi.o
         0          0          0          0          0          0   indicate_semi.o
         2          0          0          0          0          0   libinit.o
         2          0          0          0          0          0   libinit2.o
         2          0          0          0          0          0   libshutdown.o
         2          0          0          0          0          0   libshutdown2.o
         8          4          0          0         96         68   libspace.o
        12          6          0          0         44         68   localtime.o
       184          6          0          0          0         80   localtime_internal.o
       428         10          0          0          0        116   mktime.o
        78          0          0          0          0         80   rt_memclr_w.o
       100          0          0          0          0         80   rt_memcpy_w.o
         2          0          0          0          0          0   rtexit.o
        10          0          0          0          0          0   rtexit2.o
        12          4          0          0          0         68   sys_exit.o
        74          0          0          0          0         80   sys_stackheap_outer.o
         2          0          0          0          0         68   use_no_semi.o
       430          8          0          0          0        168   faddsub_clz.o
       388         76          0          0          0         96   fdiv.o
        62          4          0          0          0         84   ffixu.o
        38          0          0          0          0         68   fflt_clz.o
       258          4          0          0          0         84   fmul.o
       140          4          0          0          0         84   fnaninf.o
        10          0          0          0          0         68   fretinf.o
         0          0          0          0          0          0   usenofp.o

    ----------------------------------------------------------------------
      2414        134         14          0        140       1660   Library Totals
        14          0          2          0          0          0   (incl. Padding)

    ----------------------------------------------------------------------

      Code (inc. data)   RO Data    RW Data    ZI Data      Debug   Library Name

      1074         38         12          0        140       1008   c_w.l
      1326         96          0          0          0        652   fz_ws.l

    ----------------------------------------------------------------------
      2414        134         14          0        140       1660   Library Totals

    ----------------------------------------------------------------------

==============================================================================


      Code (inc. data)   RO Data    RW Data    ZI Data      Debug   

     11538       1098       1802         72       1776     433643   Grand Totals
     11538       1098       1802         72       1776     433643   ELF Image Totals
     11538       1098       1802         72          0          0   ROM Totals

==============================================================================

    Total RO  Size (Code + RO Data)                13340 (  13.03kB)
    Total RW  Size (RW Data + ZI Data)              1848 (   1.80kB)
    Total ROM Size (Code + RO Data + RW Data)      13412 (  13.10kB)

==============================================================================

