Component: ARM Compiler 5.06 update 5 (build 528) Tool: armlink [4d35e2]

==============================================================================

Section Cross References

    test.o(i.vDht11Init) refers to dht11device.o(i.vDht11DeviceInit) for vDht11DeviceInit
    test.o(i.vLedInit) refers to leddevice.o(i.vLedDeviceRunningParamInit) for vLedDeviceRunningParamInit
    test.o(i.vLedInit) refers to leddevice.o(i.vLedDeviceInit) for vLedDeviceInit
    test.o(i.vRingBufferInit) refers to ringbufferdevice.o(i.vRingBufferDeviceInit) for vRingBufferDeviceInit
    test.o(i.vRingBufferInit) refers to test.o(.bss) for .bss
    test.o(i.vTaskExecute) refers to ringbufferdevice.o(i.pvRingBufferFindElementFirstPosition) for pvRingBufferFindElementFirstPosition
    test.o(i.vTaskExecute) refers to ringbufferdevice.o(i.emRingBufferReadSingleElement) for emRingBufferReadSingleElement
    test.o(i.vTaskExecute) refers to ringbufferdevice.o(i.c_pstGetRingBufferDeviceParam) for c_pstGetRingBufferDeviceParam
    test.o(i.vTaskExecute) refers to memcmp.o(.text) for memcmp
    test.o(i.vTaskExecute) refers to dht11device.o(i.c_pstGetDht11DeviceParam) for c_pstGetDht11DeviceParam
    test.o(i.vTaskExecute) refers to stm32f1xx_hal_uart.o(i.HAL_UART_Transmit) for HAL_UART_Transmit
    test.o(i.vTaskExecute) refers to leddevice.o(i.vLedOn) for vLedOn
    test.o(i.vTaskExecute) refers to leddevice.o(i.vLedOFF) for vLedOFF
    test.o(i.vTaskExecute) refers to test.o(.bss) for .bss
    test.o(i.vTaskExecute) refers to test.o(.constdata) for .constdata
    test.o(i.vTaskExecute) refers to test.o(.data) for .data
    test.o(i.vTaskExecute) refers to main.o(.bss) for huart1
    dht11device.o(i.c_pstGetDht11DeviceParam) refers to dht11device.o(.bss) for .bss
    dht11device.o(i.ucDht11ReadBit) refers to dht11device.o(i.vDht11SetPinDirInput) for vDht11SetPinDirInput
    dht11device.o(i.ucDht11ReadBit) refers to stm32f1xx_hal_gpio.o(i.HAL_GPIO_ReadPin) for HAL_GPIO_ReadPin
    dht11device.o(i.ucDht11ReadBit) refers to dht11device.o(i.s_vDelay2Us) for s_vDelay2Us
    dht11device.o(i.ucDht11ReadBit) refers to dht11device.o(.bss) for .bss
    dht11device.o(i.ucDht11ReadData) refers to dht11device.o(i.vDht11Start) for vDht11Start
    dht11device.o(i.ucDht11ReadData) refers to dht11device.o(i.ucDht11WaitForAck) for ucDht11WaitForAck
    dht11device.o(i.ucDht11ReadData) refers to dht11device.o(i.ucDht11ReadBit) for ucDht11ReadBit
    dht11device.o(i.ucDht11ReadData) refers to dht11device.o(i.vDht11Stop) for vDht11Stop
    dht11device.o(i.ucDht11ReadData) refers to dht11device.o(.bss) for .bss
    dht11device.o(i.ucDht11WaitForAck) refers to dht11device.o(i.vDht11SetPinDirInput) for vDht11SetPinDirInput
    dht11device.o(i.ucDht11WaitForAck) refers to stm32f1xx_hal_gpio.o(i.HAL_GPIO_ReadPin) for HAL_GPIO_ReadPin
    dht11device.o(i.ucDht11WaitForAck) refers to dht11device.o(i.s_vDelay2Us) for s_vDelay2Us
    dht11device.o(i.ucDht11WaitForAck) refers to dht11device.o(.bss) for .bss
    dht11device.o(i.vDht11DeviceInit) refers to dht11device.o(.bss) for .bss
    dht11device.o(i.vDht11DeviceRunningParamInit) refers to memcpya.o(.text) for __aeabi_memcpy4
    dht11device.o(i.vDht11DeviceRunningParamInit) refers to dht11device.o(.bss) for .bss
    dht11device.o(i.vDht11FsmCallback) refers to dht11device.o(i.vDht11StatusExecute_Idle) for vDht11StatusExecute_Idle
    dht11device.o(i.vDht11FsmCallback) refers to dht11device.o(i.vDht11StatusExecute_StartLow) for vDht11StatusExecute_StartLow
    dht11device.o(i.vDht11FsmCallback) refers to dht11device.o(i.vDht11StatusExecute_StartHigh) for vDht11StatusExecute_StartHigh
    dht11device.o(i.vDht11FsmCallback) refers to dht11device.o(i.vDht11StatusExecute_WaitAckLow) for vDht11StatusExecute_WaitAckLow
    dht11device.o(i.vDht11FsmCallback) refers to dht11device.o(i.vDht11StatusExecute_WaitAckHigh) for vDht11StatusExecute_WaitAckHigh
    dht11device.o(i.vDht11FsmCallback) refers to dht11device.o(i.vDht11StatusExecute_WaitReadStart) for vDht11StatusExecute_WaitReadStart
    dht11device.o(i.vDht11FsmCallback) refers to dht11device.o(i.vDht11StatusExecute_Reading) for vDht11StatusExecute_Reading
    dht11device.o(i.vDht11FsmCallback) refers to dht11device.o(.bss) for .bss
    dht11device.o(i.vDht11SetPinDirInput) refers to stm32f1xx_hal_gpio.o(i.HAL_GPIO_Init) for HAL_GPIO_Init
    dht11device.o(i.vDht11SetPinDirInput) refers to dht11device.o(.bss) for .bss
    dht11device.o(i.vDht11SetPinDirOutput) refers to stm32f1xx_hal_gpio.o(i.HAL_GPIO_Init) for HAL_GPIO_Init
    dht11device.o(i.vDht11SetPinDirOutput) refers to dht11device.o(.bss) for .bss
    dht11device.o(i.vDht11SetPinHigh) refers to stm32f1xx_hal_gpio.o(i.HAL_GPIO_WritePin) for HAL_GPIO_WritePin
    dht11device.o(i.vDht11SetPinHigh) refers to dht11device.o(.bss) for .bss
    dht11device.o(i.vDht11SetPinLow) refers to stm32f1xx_hal_gpio.o(i.HAL_GPIO_WritePin) for HAL_GPIO_WritePin
[...]
    ../Drivers/STM32F1xx_HAL_Driver/Src/stm32f1xx_hal_flash.c 0x00000000   Number         0  stm32f1xx_hal_flash.o ABSOLUTE
    ../Drivers/STM32F1xx_HAL_Driver/Src/stm32f1xx_hal_flash_ex.c 0x00000000   Number         0  stm32f1xx_hal_flash_ex.o ABSOLUTE
    ../Drivers/STM32F1xx_HAL_Driver/Src/stm32f1xx_hal_gpio.c 0x00000000   Number         0  stm32f1xx_hal_gpio.o ABSOLUTE
    ../Drivers/STM32F1xx_HAL_Driver/Src/stm32f1xx_hal_gpio_ex.c 0x00000000   Number         0  stm32f1xx_hal_gpio_ex.o ABSOLUTE
    ../Drivers/STM32F1xx_HAL_Driver/Src/stm32f1xx_hal_pwr.c 0x00000000   Number         0  stm32f1xx_hal_pwr.o ABSOLUTE
    ../Drivers/STM32F1xx_HAL_Driver/Src/stm32f1xx_hal_rcc.c 0x00000000   Number         0  stm32f1xx_hal_rcc.o ABSOLUTE
    ../Drivers/STM32F1xx_HAL_Driver/Src/stm32f1xx_hal_rcc_ex.c 0x00000000   Number         0  stm32f1xx_hal_rcc_ex.o ABSOLUTE
    ../Drivers/STM32F1xx_HAL_Driver/Src/stm32f1xx_hal_tim.c 0x00000000   Number         0  stm32f1xx_hal_tim.o ABSOLUTE
    ../Drivers/STM32F1xx_HAL_Driver/Src/stm32f1xx_hal_tim_ex.c 0x00000000   Number         0  stm32f1xx_hal_tim_ex.o ABSOLUTE
    ../Drivers/STM32F1xx_HAL_Driver/Src/stm32f1xx_hal_uart.c 0x00000000   Number         0  stm32f1xx_hal_uart.o ABSOLUTE
    ../Middlewares/Third_Party/FreeRTOS/Source/CMSIS_RTOS_V2/cmsis_os2.c 0x00000000   Number         0  cmsis_os2.o ABSOLUTE
    ../Middlewares/Third_Party/FreeRTOS/Source/croutine.c 0x00000000   Number         0  croutine.o ABSOLUTE
    ../Middlewares/Third_Party/FreeRTOS/Source/event_groups.c 0x00000000   Number         0  event_groups.o ABSOLUTE
    ../Middlewares/Third_Party/FreeRTOS/Source/list.c 0x00000000   Number         0  list.o ABSOLUTE
    ../Middlewares/Third_Party/FreeRTOS/Source/portable/MemMang/heap_4.c 0x00000000   Number         0  heap_4.o ABSOLUTE
    ../Middlewares/Third_Party/FreeRTOS/Source/portable/RVDS/ARM_CM3/port.c 0x00000000   Number         0  port.o ABSOLUTE
    ../Middlewares/Third_Party/FreeRTOS/Source/queue.c 0x00000000   Number         0  queue.o ABSOLUTE
    ../Middlewares/Third_Party/FreeRTOS/Source/stream_buffer.c 0x00000000   Number         0  stream_buffer.o ABSOLUTE
    ../Middlewares/Third_Party/FreeRTOS/Source/tasks.c 0x00000000   Number         0  tasks.o ABSOLUTE
    ../Middlewares/Third_Party/FreeRTOS/Source/timers.c 0x00000000   Number         0  timers.o ABSOLUTE
    ../clib/microlib/errno.c                 0x00000000   Number         0  errno.o ABSOLUTE
    ../clib/microlib/init/entry.s            0x00000000   Number         0  entry5.o ABSOLUTE
    ../clib/microlib/init/entry.s            0x00000000   Number         0  entry11b.o ABSOLUTE
    ../clib/microlib/init/entry.s            0x00000000   Number         0  entry11a.o ABSOLUTE
    ../clib/microlib/init/entry.s            0x00000000   Number         0  entry10b.o ABSOLUTE
    ../clib/microlib/init/entry.s            0x00000000   Number         0  entry9b.o ABSOLUTE
    ../clib/microlib/init/entry.s            0x00000000   Number         0  entry2.o ABSOLUTE
    ../clib/microlib/init/entry.s            0x00000000   Number         0  entry9a.o ABSOLUTE
    ../clib/microlib/init/entry.s            0x00000000   Number         0  entry8b.o ABSOLUTE
    ../clib/microlib/init/entry.s            0x00000000   Number         0  entry8a.o ABSOLUTE
    ../clib/microlib/init/entry.s            0x00000000   Number         0  entry10a.o ABSOLUTE
    ../clib/microlib/init/entry.s            0x00000000   Number         0  entry.o ABSOLUTE
    ../clib/microlib/init/entry.s            0x00000000   Number         0  entry7b.o ABSOLUTE
    ../clib/microlib/init/entry.s            0x00000000   Number         0  entry7a.o ABSOLUTE
    ../clib/microlib/longlong.c              0x00000000   Number         0  llshl.o ABSOLUTE
    ../clib/microlib/longlong.c              0x00000000   Number         0  llushr.o ABSOLUTE
    ../clib/microlib/longlong.c              0x00000000   Number         0  llsshr.o ABSOLUTE
    ../clib/microlib/string/memcmp.c         0x00000000   Number         0  memcmp.o ABSOLUTE
    ../clib/microlib/string/memcpy.c         0x00000000   Number         0  memcpya.o ABSOLUTE
    ../clib/microlib/string/memcpy.c         0x00000000   Number         0  memcpyb.o ABSOLUTE
    ../clib/microlib/string/memset.c         0x00000000   Number         0  memset.o ABSOLUTE
    ../clib/microlib/string/memset.c         0x00000000   Number         0  memseta.o ABSOLUTE
    ../clib/microlib/string/strlen.c         0x00000000   Number         0  strlen.o ABSOLUTE
    ../clib/microlib/stubs.s                 0x00000000   Number         0  iusefp.o ABSOLUTE
    ../fplib/microlib/fpadd.c                0x00000000   Number         0  dadd.o ABSOLUTE
    ../fplib/microlib/fpdiv.c                0x00000000   Number         0  ddiv.o ABSOLUTE
    ../fplib/microlib/fpepilogue.c           0x00000000   Number         0  depilogue.o ABSOLUTE
    ../fplib/microlib/fpfix.c                0x00000000   Number         0  dfixui.o ABSOLUTE
    ../fplib/microlib/fpfix.c                0x00000000   Number         0  dfixi.o ABSOLUTE
    ../fplib/microlib/fpflt.c                0x00000000   Number         0  dfltui.o ABSOLUTE
    ../fplib/microlib/fpflt.c                0x00000000   Number         0  dflti.o ABSOLUTE
    ../fplib/microlib/fpmul.c                0x00000000   Number         0  dmul.o ABSOLUTE
    ../fplib/microlib/fpscalb.c              0x00000000   Number         0  dscalb.o ABSOLUTE
    ../mathlib/cos_i.c                       0x00000000   Number         0  cos_i.o ABSOLUTE
    ../mathlib/dunder.c                      0x00000000   Number         0  dunder.o ABSOLUTE
    ../mathlib/fpclassify.c                  0x00000000   Number         0  fpclassify.o ABSOLUTE
    ../mathlib/poly.c                        0x00000000   Number         0  poly.o ABSOLUTE
    ../mathlib/rred.c                        0x00000000   Number         0  rred.o ABSOLUTE
    ../mathlib/sin.c                         0x00000000   Number         0  sin_x.o ABSOLUTE
    ../mathlib/sin.c                         0x00000000   Number         0  sin.o ABSOLUTE
    ../mathlib/sin_i.c                       0x00000000   Number         0  sin_i_x.o ABSOLUTE
    ../mathlib/sin_i.c                       0x00000000   Number         0  sin_i.o ABSOLUTE
    ..\Core\Src\freertos.c                   0x00000000   Number         0  freertos.o ABSOLUTE
    ..\Core\Src\main.c                       0x00000000   Number         0  main.o ABSOLUTE
    ..\Core\Src\stm32f1xx_hal_msp.c          0x00000000   Number         0  stm32f1xx_hal_msp.o ABSOLUTE
    ..\Core\Src\stm32f1xx_it.c               0x00000000   Number         0  stm32f1xx_it.o ABSOLUTE
    ..\Core\Src\system_stm32f1xx.c           0x00000000   Number         0  system_stm32f1xx.o ABSOLUTE
    ..\Drivers\STM32F1xx_HAL_Driver\Src\stm32f1xx_hal.c 0x00000000   Number         0  stm32f1xx_hal.o ABSOLUTE
    ..\Drivers\STM32F1xx_HAL_Driver\Src\stm32f1xx_hal_cortex.c 0x00000000   Number         0  stm32f1xx_hal_cortex.o ABSOLUTE
    ..\Drivers\STM32F1xx_HAL_Driver\Src\stm32f1xx_hal_dma.c 0x00000000   Number         0  stm32f1xx_hal_dma.o ABSOLUTE
    ..\Drivers\STM32F1xx_HAL_Driver\Src\stm32f1xx_hal_exti.c 0x00000000   Number         0  stm32f1xx_hal_exti.o ABSOLUTE
    ..\Drivers\STM32F1xx_HAL_Driver\Src\stm32f1xx_hal_flash.c 0x00000000   Number         0  stm32f1xx_hal_flash.o ABSOLUTE
    ..\Drivers\STM32F1xx_HAL_Driver\Src\stm32f1xx_hal_flash_ex.c 0x00000000   Number         0  stm32f1xx_hal_flash_ex.o ABSOLUTE
    ..\Drivers\STM32F1xx_HAL_Driver\Src\stm32f1xx_hal_gpio.c 0x00000000   Number         0  stm32f1xx_hal_gpio.o ABSOLUTE
    ..\Drivers\STM32F1xx_HAL_Driver\Src\stm32f1xx_hal_gpio_ex.c 0x00000000   Number         0  stm32f1xx_hal_gpio_ex.o ABSOLUTE
    ..\Drivers\STM32F1xx_HAL_Driver\Src\stm32f1xx_hal_pwr.c 0x00000000   Number         0  stm32f1xx_hal_pwr.o ABSOLUTE
    ..\Drivers\STM32F1xx_HAL_Driver\Src\stm32f1xx_hal_rcc.c 0x00000000   Number         0  stm32f1xx_hal_rcc.o ABSOLUTE
    ..\Drivers\STM32F1xx_HAL_Driver\Src\stm32f1xx_hal_rcc_ex.c 0x00000000   Number         0  stm32f1xx_hal_rcc_ex.o ABSOLUTE
    ..\Drivers\STM32F1xx_HAL_Driver\Src\stm32f1xx_hal_tim.c 0x00000000   Number         0  stm32f1xx_hal_tim.o ABSOLUTE
    ..\Drivers\STM32F1xx_HAL_Driver\Src\stm32f1xx_hal_tim_ex.c 0x00000000   Number         0  stm32f1xx_hal_tim_ex.o ABSOLUTE
    ..\Drivers\STM32F1xx_HAL_Driver\Src\stm32f1xx_hal_uart.c 0x00000000   Number         0  stm32f1xx_hal_uart.o ABSOLUTE
    ..\Middlewares\Third_Party\FreeRTOS\Source\CMSIS_RTOS_V2\cmsis_os2.c 0x00000000   Number         0  cmsis_os2.o ABSOLUTE
    ..\Middlewares\Third_Party\FreeRTOS\Source\portable\RVDS\ARM_CM3\port.c 0x00000000   Number         0  port.o ABSOLUTE
    ..\User\App\Test.c                       0x00000000   Number         0  test.o ABSOLUTE
    ..\User\Device\DHT11Device.c             0x00000000   Number         0  dht11device.o ABSOLUTE
    ..\User\Device\LedDevice.c               0x00000000   Number         0  leddevice.o ABSOLUTE
    ..\User\Device\RingBufferDevice.c        0x00000000   Number         0  ringbufferdevice.o ABSOLUTE
    ..\\User\\App\\Test.c                    0x00000000   Number         0  test.o ABSOLUTE
    ..\\User\\Device\\DHT11Device.c          0x00000000   Number         0  dht11device.o ABSOLUTE
    ..\\User\\Device\\LedDevice.c            0x00000000   Number         0  leddevice.o ABSOLUTE
    ..\\User\\Device\\RingBufferDevice.c     0x00000000   Number         0  ringbufferdevice.o ABSOLUTE
    dc.s                                     0x00000000   Number         0  dc.o ABSOLUTE
    handlers.s                               0x00000000   Number         0  handlers.o ABSOLUTE
    init.s                                   0x00000000   Number         0  init.o ABSOLUTE
    startup_stm32f103xb.s                    0x00000000   Number         0  startup_stm32f103xb.o ABSOLUTE
    RESET                                    0x08000000   Section      236  startup_stm32f103xb.o(RESET)
    .ARM.Collect$$$$00000000                 0x080000ec   Section        0  entry.o(.ARM.Collect$$$$00000000)
    .ARM.Collect$$$$00000001                 0x080000ec   Section        4  entry2.o(.ARM.Collect$$$$00000001)
    .ARM.Collect$$$$00000004                 0x080000f0   Section        4  entry5.o(.ARM.Collect$$$$00000004)
    .ARM.Collect$$$$00000008                 0x080000f4   Section        0  entry7b.o(.ARM.Collect$$$$00000008)
    .ARM.Collect$$$$0000000A                 0x080000f4   Section        0  entry8b.o(.ARM.Collect$$$$0000000A)
    .ARM.Collect$$$$0000000B                 0x080000f4   Section        8  entry9a.o(.ARM.Collect$$$$0000000B)
    .ARM.Collect$$$$0000000D                 0x080000fc   Section        0  entry10a.o(.ARM.Collect$$$$0000000D)
    .ARM.Collect$$$$0000000F                 0x080000fc   Section        0  entry11a.o(.ARM.Collect$$$$0000000F)
    .ARM.Collect$$$$00002712                 0x080000fc   Section        4  entry2.o(.ARM.Collect$$$$00002712)
    __lit__00000000                          0x080000fc   Data           4  entry2.o(.ARM.Collect$$$$00002712)
    .emb_text                                0x08000100   Section      150  port.o(.emb_text)
    .text                                    0x08000198   Section       36  startup_stm32f103xb.o(.text)
    .text                                    0x080001bc   Section        0  memcpya.o(.text)
    .text                                    0x080001e0   Section        0  memseta.o(.text)
    .text                                    0x08000204   Section        0  memcmp.o(.text)
    .text                                    0x08000220   Section       36  init.o(.text)
    i.BusFault_Handler                       0x08000244   Section        0  stm32f1xx_it.o(i.BusFault_Handler)
    i.DebugMon_Handler                       0x08000246   Section        0  stm32f1xx_it.o(i.DebugMon_Handler)
    i.HAL_GPIO_Init                          0x08000248   Section        0  stm32f1xx_hal_gpio.o(i.HAL_GPIO_Init)
    i.HAL_GPIO_ReadPin                       0x08000428   Section        0  stm32f1xx_hal_gpio.o(i.HAL_GPIO_ReadPin)
    i.HAL_GPIO_WritePin                      0x08000432   Section        0  stm32f1xx_hal_gpio.o(i.HAL_GPIO_WritePin)
    i.HAL_GetTick                            0x0800043c   Section        0  stm32f1xx_hal.o(i.HAL_GetTick)
    i.HAL_IncTick                            0x08000448   Section        0  stm32f1xx_hal.o(i.HAL_IncTick)
    i.HAL_Init                               0x08000458   Section        0  stm32f1xx_hal.o(i.HAL_Init)
    i.HAL_InitTick                           0x0800047c   Section        0  stm32f1xx_hal.o(i.HAL_InitTick)
    i.HAL_MspInit                            0x080004bc   Section        0  stm32f1xx_hal_msp.o(i.HAL_MspInit)
    i.HAL_NVIC_EnableIRQ                     0x08000504   Section        0  stm32f1xx_hal_cortex.o(i.HAL_NVIC_EnableIRQ)
    i.HAL_NVIC_SetPriority                   0x08000520   Section        0  stm32f1xx_hal_cortex.o(i.HAL_NVIC_SetPriority)
    i.HAL_NVIC_SetPriorityGrouping           0x08000560   Section        0  stm32f1xx_hal_cortex.o(i.HAL_NVIC_SetPriorityGrouping)
    i.HAL_RCC_ClockConfig                    0x08000584   Section        0  stm32f1xx_hal_rcc.o(i.HAL_RCC_ClockConfig)
    i.HAL_RCC_GetPCLK1Freq                   0x080006b0   Section        0  stm32f1xx_hal_rcc.o(i.HAL_RCC_GetPCLK1Freq)
    i.HAL_RCC_GetPCLK2Freq                   0x080006d0   Section        0  stm32f1xx_hal_rcc.o(i.HAL_RCC_GetPCLK2Freq)
    i.HAL_RCC_GetSysClockFreq                0x080006f0   Section        0  stm32f1xx_hal_rcc.o(i.HAL_RCC_GetSysClockFreq)
    i.HAL_RCC_OscConfig                      0x0800073c   Section        0  stm32f1xx_hal_rcc.o(i.HAL_RCC_OscConfig)
    i.HAL_SYSTICK_Config                     0x08000a5c   Section        0  stm32f1xx_hal_cortex.o(i.HAL_SYSTICK_Config)
    i.HAL_TIMEx_BreakCallback                0x08000a84   Section        0  stm32f1xx_hal_tim_ex.o(i.HAL_TIMEx_BreakCallback)
    i.HAL_TIMEx_CommutCallback               0x08000a86   Section        0  stm32f1xx_hal_tim_ex.o(i.HAL_TIMEx_CommutCallback)
    i.HAL_TIMEx_MasterConfigSynchronization  0x08000a88   Section        0  stm32f1xx_hal_tim_ex.o(i.HAL_TIMEx_MasterConfigSynchronization)
    i.HAL_TIM_Base_Init                      0x08000af0   Section        0  stm32f1xx_hal_tim.o(i.HAL_TIM_Base_Init)
    i.HAL_TIM_Base_MspInit                   0x08000b4c   Section        0  stm32f1xx_hal_msp.o(i.HAL_TIM_Base_MspInit)
    i.HAL_TIM_Base_Start                     0x08000b84   Section        0  stm32f1xx_hal_tim.o(i.HAL_TIM_Base_Start)
    i.HAL_TIM_ConfigClockSource              0x08000bd4   Section        0  stm32f1xx_hal_tim.o(i.HAL_TIM_ConfigClockSource)
    i.HAL_TIM_IC_CaptureCallback             0x08000cb0   Section        0  stm32f1xx_hal_tim.o(i.HAL_TIM_IC_CaptureCallback)
    i.HAL_TIM_IRQHandler                     0x08000cb2   Section        0  stm32f1xx_hal_tim.o(i.HAL_TIM_IRQHandler)
    i.HAL_TIM_OC_DelayElapsedCallback        0x08000de2   Section        0  stm32f1xx_hal_tim.o(i.HAL_TIM_OC_DelayElapsedCallback)
    i.HAL_TIM_PWM_PulseFinishedCallback      0x08000de4   Section        0  stm32f1xx_hal_tim.o(i.HAL_TIM_PWM_PulseFinishedCallback)
    i.HAL_TIM_PeriodElapsedCallback          0x08000de6   Section        0  stm32f1xx_hal_tim.o(i.HAL_TIM_PeriodElapsedCallback)
    i.HAL_TIM_TriggerCallback                0x08000de8   Section        0  stm32f1xx_hal_tim.o(i.HAL_TIM_TriggerCallback)
    i.HAL_UART_Init                          0x08000dea   Section        0  stm32f1xx_hal_uart.o(i.HAL_UART_Init)
    i.HAL_UART_MspInit                       0x08000e50   Section        0  stm32f1xx_hal_msp.o(i.HAL_UART_MspInit)
    i.HAL_UART_Transmit                      0x08000ed0   Section        0  stm32f1xx_hal_uart.o(i.HAL_UART_Transmit)
    i.HardFault_Handler                      0x08000f70   Section        0  stm32f1xx_it.o(i.HardFault_Handler)
    i.MX_GPIO_Init                           0x08000f74   Section        0  main.o(i.MX_GPIO_Init)
    MX_GPIO_Init                             0x08000f75   Thumb Code   218  main.o(i.MX_GPIO_Init)
    i.MX_TIM2_Init                           0x08001060   Section        0  main.o(i.MX_TIM2_Init)
    MX_TIM2_Init                             0x08001061   Thumb Code    94  main.o(i.MX_TIM2_Init)
    i.MX_USART1_UART_Init                    0x080010c4   Section        0  main.o(i.MX_USART1_UART_Init)
    MX_USART1_UART_Init                      0x080010c5   Thumb Code    64  main.o(i.MX_USART1_UART_Init)
    i.MemManage_Handler                      0x0800110c   Section        0  stm32f1xx_it.o(i.MemManage_Handler)
    i.NMI_Handler                            0x0800110e   Section        0  stm32f1xx_it.o(i.NMI_Handler)
    i.StartDefaultTask                       0x08001110   Section        0  main.o(i.StartDefaultTask)
    i.SysTick_Handler                        0x08001116   Section        0  stm32f1xx_it.o(i.SysTick_Handler)
    i.SystemClock_Config                     0x0800112e   Section        0  main.o(i.SystemClock_Config)
    i.SystemInit                             0x0800118c   Section        0  system_stm32f1xx.o(i.SystemInit)
    i.TIM2_IRQHandler                        0x08001190   Section        0  stm32f1xx_it.o(i.TIM2_IRQHandler)
    i.TIM_Base_SetConfig                     0x080011a8   Section        0  stm32f1xx_hal_tim.o(i.TIM_Base_SetConfig)
    i.TIM_ETR_SetConfig                      0x08001220   Section        0  stm32f1xx_hal_tim.o(i.TIM_ETR_SetConfig)
    i.TIM_ITRx_SetConfig                     0x08001234   Section        0  stm32f1xx_hal_tim.o(i.TIM_ITRx_SetConfig)
    TIM_ITRx_SetConfig                       0x08001235   Thumb Code    16  stm32f1xx_hal_tim.o(i.TIM_ITRx_SetConfig)
    i.TIM_TI1_ConfigInputStage               0x08001244   Section        0  stm32f1xx_hal_tim.o(i.TIM_TI1_ConfigInputStage)
    TIM_TI1_ConfigInputStage                 0x08001245   Thumb Code    34  stm32f1xx_hal_tim.o(i.TIM_TI1_ConfigInputStage)
    i.TIM_TI2_ConfigInputStage               0x08001266   Section        0  stm32f1xx_hal_tim.o(i.TIM_TI2_ConfigInputStage)
    TIM_TI2_ConfigInputStage                 0x08001267   Thumb Code    36  stm32f1xx_hal_tim.o(i.TIM_TI2_ConfigInputStage)
    i.UART_EndRxTransfer                     0x0800128a   Section        0  stm32f1xx_hal_uart.o(i.UART_EndRxTransfer)
    UART_EndRxTransfer                       0x0800128b   Thumb Code    78  stm32f1xx_hal_uart.o(i.UART_EndRxTransfer)
    i.UART_SetConfig                         0x080012d8   Section        0  stm32f1xx_hal_uart.o(i.UART_SetConfig)
    UART_SetConfig                           0x080012d9   Thumb Code   178  stm32f1xx_hal_uart.o(i.UART_SetConfig)
    i.UART_WaitOnFlagUntilTimeout            0x08001390   Section        0  stm32f1xx_hal_uart.o(i.UART_WaitOnFlagUntilTimeout)
    UART_WaitOnFlagUntilTimeout              0x08001391   Thumb Code   114  stm32f1xx_hal_uart.o(i.UART_WaitOnFlagUntilTimeout)
    i.USART1_IRQHandler                      0x08001404   Section        0  stm32f1xx_it.o(i.USART1_IRQHandler)
    i.UsageFault_Handler                     0x08001420   Section        0  stm32f1xx_it.o(i.UsageFault_Handler)
    i.__NVIC_SetPriority                     0x08001422   Section        0  stm32f1xx_hal_cortex.o(i.__NVIC_SetPriority)
    __NVIC_SetPriority                       0x08001423   Thumb Code    32  stm32f1xx_hal_cortex.o(i.__NVIC_SetPriority)
    i.__scatterload_copy                     0x08001442   Section       14  handlers.o(i.__scatterload_copy)
    i.__scatterload_null                     0x08001450   Section        2  handlers.o(i.__scatterload_null)
    i.__scatterload_zeroinit                 0x08001452   Section       14  handlers.o(i.__scatterload_zeroinit)
    i.c_pstGetDht11DeviceParam               0x08001460   Section        0  dht11device.o(i.c_pstGetDht11DeviceParam)
    i.c_pstGetRingBufferDeviceParam          0x08001470   Section        0  ringbufferdevice.o(i.c_pstGetRingBufferDeviceParam)
    i.emRingBufferReadSingleElement          0x08001480   Section        0  ringbufferdevice.o(i.emRingBufferReadSingleElement)
    i.main                                   0x080014d4   Section        0  main.o(i.main)
    i.osKernelInitialize                     0x08001558   Section        0  cmsis_os2.o(i.osKernelInitialize)
    i.osKernelStart                          0x0800157c   Section        0  cmsis_os2.o(i.osKernelStart)
    i.osMutexNew                             0x080015b4   Section        0  cmsis_os2.o(i.osMutexNew)
    i.osSemaphoreNew                         0x0800161c   Section        0  cmsis_os2.o(i.osSemaphoreNew)
    i.osThreadNew                            0x080016b4   Section        0  cmsis_os2.o(i.osThreadNew)
    i.prvAddCurrentTaskToDelayedList         0x08001740   Section        0  tasks.o(i.prvAddCurrentTaskToDelayedList)
    prvAddCurrentTaskToDelayedList           0x08001741   Thumb Code    84  tasks.o(i.prvAddCurrentTaskToDelayedList)
    i.prvAddNewTaskToReadyList               0x0800179c   Section        0  tasks.o(i.prvAddNewTaskToReadyList)
    prvAddNewTaskToReadyList                 0x0800179d   Thumb Code   190  tasks.o(i.prvAddNewTaskToReadyList)
    i.prvCheckForValidListAndQueue           0x0800186c   Section        0  timers.o(i.prvCheckForValidListAndQueue)
    prvCheckForValidListAndQueue             0x0800186d   Thumb Code    72  timers.o(i.prvCheckForValidListAndQueue)
    i.prvCopyDataFromQueue                   0x080018c4   Section        0  queue.o(i.prvCopyDataFromQueue)
    prvCopyDataFromQueue                     0x080018c5   Thumb Code    38  queue.o(i.prvCopyDataFromQueue)
    i.prvCopyDataToQueue                     0x080018ea   Section        0  queue.o(i.prvCopyDataToQueue)
    prvCopyDataToQueue                       0x080018eb   Thumb Code   108  queue.o(i.prvCopyDataToQueue)
    i.prvDeleteTCB                           0x08001956   Section        0  tasks.o(i.prvDeleteTCB)
    prvDeleteTCB                             0x08001957   Thumb Code    52  tasks.o(i.prvDeleteTCB)
    i.prvHeapInit                            0x0800198c   Section        0  heap_4.o(i.prvHeapInit)
    prvHeapInit                              0x0800198d   Thumb Code    66  heap_4.o(i.prvHeapInit)
    i.prvIdleTask                            0x080019d8   Section        0  tasks.o(i.prvIdleTask)
    prvIdleTask                              0x080019d9   Thumb Code    82  tasks.o(i.prvIdleTask)
    i.prvInitialiseMutex                     0x08001a38   Section        0  queue.o(i.prvInitialiseMutex)
    prvInitialiseMutex                       0x08001a39   Thumb Code    22  queue.o(i.prvInitialiseMutex)
    i.prvInitialiseNewQueue                  0x08001a50   Section        0  queue.o(i.prvInitialiseNewQueue)
    prvInitialiseNewQueue                    0x08001a51   Thumb Code    34  queue.o(i.prvInitialiseNewQueue)
    i.prvInitialiseNewTask                   0x08001a74   Section        0  tasks.o(i.prvInitialiseNewTask)
    prvInitialiseNewTask                     0x08001a75   Thumb Code   176  tasks.o(i.prvInitialiseNewTask)
    i.prvInsertBlockIntoFreeList             0x08001b24   Section        0  heap_4.o(i.prvInsertBlockIntoFreeList)
    prvInsertBlockIntoFreeList               0x08001b25   Thumb Code    72  heap_4.o(i.prvInsertBlockIntoFreeList)
    i.prvInsertTimerInActiveList             0x08001b70   Section        0  timers.o(i.prvInsertTimerInActiveList)
    prvInsertTimerInActiveList               0x08001b71   Thumb Code    52  timers.o(i.prvInsertTimerInActiveList)
    i.prvIsQueueEmpty                        0x08001ba8   Section        0  queue.o(i.prvIsQueueEmpty)
    prvIsQueueEmpty                          0x08001ba9   Thumb Code    28  queue.o(i.prvIsQueueEmpty)
    i.prvProcessReceivedCommands             0x08001bc4   Section        0  timers.o(i.prvProcessReceivedCommands)
    prvProcessReceivedCommands               0x08001bc5   Thumb Code   248  timers.o(i.prvProcessReceivedCommands)
    i.prvProcessTimerOrBlockTask             0x08001cc0   Section        0  timers.o(i.prvProcessTimerOrBlockTask)
    prvProcessTimerOrBlockTask               0x08001cc1   Thumb Code   182  timers.o(i.prvProcessTimerOrBlockTask)
    i.prvResetNextTaskUnblockTime            0x08001d80   Section        0  tasks.o(i.prvResetNextTaskUnblockTime)
    prvResetNextTaskUnblockTime              0x08001d81   Thumb Code    26  tasks.o(i.prvResetNextTaskUnblockTime)
    i.prvSampleTimeNow                       0x08001da0   Section        0  timers.o(i.prvSampleTimeNow)
    prvSampleTimeNow                         0x08001da1   Thumb Code    36  timers.o(i.prvSampleTimeNow)
    i.prvSwitchTimerLists                    0x08001dc8   Section        0  timers.o(i.prvSwitchTimerLists)
    prvSwitchTimerLists                      0x08001dc9   Thumb Code   104  timers.o(i.prvSwitchTimerLists)
    i.prvTaskExitError                       0x08001e34   Section        0  port.o(i.prvTaskExitError)
    prvTaskExitError                         0x08001e35   Thumb Code    36  port.o(i.prvTaskExitError)
    i.prvTimerTask                           0x08001e5c   Section        0  timers.o(i.prvTimerTask)
    prvTimerTask                             0x08001e5d   Thumb Code    32  timers.o(i.prvTimerTask)
    i.prvUnlockQueue                         0x08001e80   Section        0  queue.o(i.prvUnlockQueue)
    prvUnlockQueue                           0x08001e81   Thumb Code   106  queue.o(i.prvUnlockQueue)
    i.pvPortMalloc                           0x08001eec   Section        0  heap_4.o(i.pvPortMalloc)
    i.pvRingBufferFindElementFirstPosition   0x08001fc8   Section        0  ringbufferdevice.o(i.pvRingBufferFindElementFirstPosition)
    i.pxPortInitialiseStack                  0x08002010   Section        0  port.o(i.pxPortInitialiseStack)
    i.uxListRemove                           0x08002034   Section        0  list.o(i.uxListRemove)
    i.vApplicationGetIdleTaskMemory          0x0800205c   Section        0  cmsis_os2.o(i.vApplicationGetIdleTaskMemory)
    i.vApplicationGetTimerTaskMemory         0x08002070   Section        0  cmsis_os2.o(i.vApplicationGetTimerTaskMemory)
    i.vDht11DeviceInit                       0x08002088   Section        0  dht11device.o(i.vDht11DeviceInit)
    i.vDht11FsmCallback                      0x080020a0   Section        0  dht11device.o(i.vDht11FsmCallback)
    i.vDht11Init                             0x080020e0   Section        0  test.o(i.vDht11Init)
    i.vDht11SetPinDirInput                   0x08002100   Section        0  dht11device.o(i.vDht11SetPinDirInput)
    i.vDht11SetPinDirOutput                  0x08002128   Section        0  dht11device.o(i.vDht11SetPinDirOutput)
    i.vDht11SetPinHigh                       0x08002150   Section        0  dht11device.o(i.vDht11SetPinHigh)
    i.vDht11SetPinLow                        0x08002168   Section        0  dht11device.o(i.vDht11SetPinLow)
    i.vDht11StatusExecute_Idle               0x08002180   Section        0  dht11device.o(i.vDht11StatusExecute_Idle)
    i.vDht11StatusExecute_Reading            0x080021c8   Section        0  dht11device.o(i.vDht11StatusExecute_Reading)
    i.vDht11StatusExecute_StartHigh          0x080022b4   Section        0  dht11device.o(i.vDht11StatusExecute_StartHigh)
    i.vDht11StatusExecute_StartLow           0x080022e8   Section        0  dht11device.o(i.vDht11StatusExecute_StartLow)
    i.vDht11StatusExecute_WaitAckHigh        0x0800232c   Section        0  dht11device.o(i.vDht11StatusExecute_WaitAckHigh)
    i.vDht11StatusExecute_WaitAckLow         0x0800237c   Section        0  dht11device.o(i.vDht11StatusExecute_WaitAckLow)
    i.vDht11StatusExecute_WaitReadStart      0x080023cc   Section        0  dht11device.o(i.vDht11StatusExecute_WaitReadStart)
    i.vLedDeviceInit                         0x0800241c   Section        0  leddevice.o(i.vLedDeviceInit)
    i.vLedDeviceRunningParamInit             0x08002434   Section        0  leddevice.o(i.vLedDeviceRunningParamInit)
    i.vLedInit                               0x0800244c   Section        0  test.o(i.vLedInit)
    i.vLedOFF                                0x08002538   Section        0  leddevice.o(i.vLedOFF)
    i.vLedOn                                 0x0800254c   Section        0  leddevice.o(i.vLedOn)
    i.vLedUpdatePinLevel                     0x08002560   Section        0  leddevice.o(i.vLedUpdatePinLevel)
    i.vListInitialise                        0x08002588   Section        0  list.o(i.vListInitialise)
    i.vListInitialiseItem                    0x0800259e   Section        0  list.o(i.vListInitialiseItem)
    i.vListInsert                            0x080025a4   Section        0  list.o(i.vListInsert)
    i.vListInsertEnd                         0x080025d4   Section        0  list.o(i.vListInsertEnd)
    i.vPortEnterCritical                     0x080025ec   Section        0  port.o(i.vPortEnterCritical)
    i.vPortExitCritical                      0x0800262c   Section        0  port.o(i.vPortExitCritical)
    i.vPortFree                              0x08002654   Section        0  heap_4.o(i.vPortFree)
    i.vPortSetupTimerInterrupt               0x080026b8   Section        0  port.o(i.vPortSetupTimerInterrupt)
    i.vPortValidateInterruptPriority         0x080026dc   Section        0  port.o(i.vPortValidateInterruptPriority)
    i.vQueueAddToRegistry                    0x08002730   Section        0  queue.o(i.vQueueAddToRegistry)
    i.vQueueDelete                           0x08002758   Section        0  queue.o(i.vQueueDelete)
    i.vQueueUnregisterQueue                  0x08002788   Section        0  queue.o(i.vQueueUnregisterQueue)
    i.vQueueWaitForMessageRestricted         0x080027b0   Section        0  queue.o(i.vQueueWaitForMessageRestricted)
    i.vTaskExecute                           0x080027f4   Section        0  test.o(i.vTaskExecute)
    i.vTaskInternalSetTimeOutState           0x08002904   Section        0  tasks.o(i.vTaskInternalSetTimeOutState)
    i.vTaskMissedYield                       0x08002914   Section        0  tasks.o(i.vTaskMissedYield)
    i.vTaskPlaceOnEventList                  0x08002920   Section        0  tasks.o(i.vTaskPlaceOnEventList)
    i.vTaskPlaceOnEventListRestricted        0x08002950   Section        0  tasks.o(i.vTaskPlaceOnEventListRestricted)
    i.vTaskStartScheduler                    0x08002988   Section        0  tasks.o(i.vTaskStartScheduler)
    i.vTaskSuspendAll                        0x08002a10   Section        0  tasks.o(i.vTaskSuspendAll)
    i.vTaskSwitchContext                     0x08002a20   Section        0  tasks.o(i.vTaskSwitchContext)
    i.xPortStartScheduler                    0x08002a84   Section        0  port.o(i.xPortStartScheduler)
    i.xPortSysTickHandler                    0x08002b2c   Section        0  port.o(i.xPortSysTickHandler)
    i.xQueueCreateCountingSemaphore          0x08002b58   Section        0  queue.o(i.xQueueCreateCountingSemaphore)
    i.xQueueCreateCountingSemaphoreStatic    0x08002b92   Section        0  queue.o(i.xQueueCreateCountingSemaphoreStatic)
    i.xQueueCreateMutex                      0x08002bd2   Section        0  queue.o(i.xQueueCreateMutex)
    i.xQueueCreateMutexStatic                0x08002be8   Section        0  queue.o(i.xQueueCreateMutexStatic)
    i.xQueueGenericCreate                    0x08002c02   Section        0  queue.o(i.xQueueGenericCreate)
    i.xQueueGenericCreateStatic              0x08002c44   Section        0  queue.o(i.xQueueGenericCreateStatic)
    i.xQueueGenericReset                     0x08002cac   Section        0  queue.o(i.xQueueGenericReset)
    i.xQueueGenericSend                      0x08002d34   Section        0  queue.o(i.xQueueGenericSend)
    i.xQueueGenericSendFromISR               0x08002e94   Section        0  queue.o(i.xQueueGenericSendFromISR)
    i.xQueueReceive                          0x08002f54   Section        0  queue.o(i.xQueueReceive)
    i.xTaskCheckForTimeOut                   0x0800308c   Section        0  tasks.o(i.xTaskCheckForTimeOut)
    i.xTaskCreate                            0x08003100   Section        0  tasks.o(i.xTaskCreate)
    i.xTaskCreateStatic                      0x0800315a   Section        0  tasks.o(i.xTaskCreateStatic)
    i.xTaskGetSchedulerState                 0x080031b0   Section        0  tasks.o(i.xTaskGetSchedulerState)
    i.xTaskGetTickCount                      0x080031cc   Section        0  tasks.o(i.xTaskGetTickCount)
    i.xTaskIncrementTick                     0x080031d8   Section        0  tasks.o(i.xTaskIncrementTick)
    i.xTaskPriorityDisinherit                0x080032a0   Section        0  tasks.o(i.xTaskPriorityDisinherit)
    i.xTaskRemoveFromEventList               0x08003320   Section        0  tasks.o(i.xTaskRemoveFromEventList)
    i.xTaskResumeAll                         0x08003390   Section        0  tasks.o(i.xTaskResumeAll)
    i.xTimerCreateTimerTask                  0x08003454   Section        0  timers.o(i.xTimerCreateTimerTask)
    i.xTimerGenericCommand                   0x080034b4   Section        0  timers.o(i.xTimerGenericCommand)
    .constdata                               0x0800351c   Section       33  test.o(.constdata)
    .constdata                               0x08003540   Section       84  main.o(.constdata)
    .constdata                               0x08003594   Section       18  stm32f1xx_hal_rcc.o(.constdata)
    aPredivFactorTable                       0x08003594   Data           2  stm32f1xx_hal_rcc.o(.constdata)
    aPLLMULFactorTable                       0x08003596   Data          16  stm32f1xx_hal_rcc.o(.constdata)
    .constdata                               0x080035a6   Section       16  system_stm32f1xx.o(.constdata)
    .constdata                               0x080035b6   Section        8  system_stm32f1xx.o(.constdata)
    .conststring                             0x080035c0   Section       56  main.o(.conststring)
    .data                                    0x20000000   Section       38  test.o(.data)
    .data                                    0x20000028   Section       16  main.o(.data)
    .data                                    0x20000038   Section       12  stm32f1xx_hal.o(.data)
    .data                                    0x20000044   Section        4  system_stm32f1xx.o(.data)
    .data                                    0x20000048   Section       60  tasks.o(.data)
    uxDeletedTasksWaitingCleanUp             0x2000004c   Data           4  tasks.o(.data)
    uxCurrentNumberOfTasks                   0x20000050   Data           4  tasks.o(.data)
    xTickCount                               0x20000054   Data           4  tasks.o(.data)
    uxTopReadyPriority                       0x20000058   Data           4  tasks.o(.data)
    xSchedulerRunning                        0x2000005c   Data           4  tasks.o(.data)
    xPendedTicks                             0x20000060   Data           4  tasks.o(.data)
    xYieldPending                            0x20000064   Data           4  tasks.o(.data)
    xNumOfOverflows                          0x20000068   Data           4  tasks.o(.data)
    uxTaskNumber                             0x2000006c   Data           4  tasks.o(.data)
    xNextTaskUnblockTime                     0x20000070   Data           4  tasks.o(.data)
    xIdleTaskHandle                          0x20000074   Data           4  tasks.o(.data)
    uxSchedulerSuspended                     0x20000078   Data           4  tasks.o(.data)
    pxDelayedTaskList                        0x2000007c   Data           4  tasks.o(.data)
    pxOverflowDelayedTaskList                0x20000080   Data           4  tasks.o(.data)
    .data                                    0x20000084   Section       20  timers.o(.data)
    xTimerQueue                              0x20000084   Data           4  timers.o(.data)
    xTimerTaskHandle                         0x20000088   Data           4  timers.o(.data)
    xLastTime                                0x2000008c   Data           4  timers.o(.data)
    pxCurrentTimerList                       0x20000090   Data           4  timers.o(.data)
    pxOverflowTimerList                      0x20000094   Data           4  timers.o(.data)
    .data                                    0x20000098   Section        4  cmsis_os2.o(.data)
    KernelState                              0x20000098   Data           4  cmsis_os2.o(.data)
    .data                                    0x2000009c   Section       32  heap_4.o(.data)
    pxEnd                                    0x2000009c   Data           4  heap_4.o(.data)
    xFreeBytesRemaining                      0x200000a0   Data           4  heap_4.o(.data)
    xMinimumEverFreeBytesRemaining           0x200000a4   Data           4  heap_4.o(.data)
    xNumberOfSuccessfulAllocations           0x200000a8   Data           4  heap_4.o(.data)
    xNumberOfSuccessfulFrees                 0x200000ac   Data           4  heap_4.o(.data)
    xBlockAllocatedBit                       0x200000b0   Data           4  heap_4.o(.data)
    xStart                                   0x200000b4   Data           8  heap_4.o(.data)
    .data                                    0x200000bc   Section       12  port.o(.data)
    ucMaxSysCallPriority                     0x200000bc   Data           1  port.o(.data)
    uxCriticalNesting                        0x200000c0   Data           4  port.o(.data)
    ulMaxPRIGROUPValue                       0x200000c4   Data           4  port.o(.data)
    .bss                                     0x200000c8   Section       20  test.o(.bss)
    .bss                                     0x200000dc   Section       40  dht11device.o(.bss)
    .bss                                     0x20000104   Section      252  leddevice.o(.bss)
    .bss                                     0x20000200   Section       24  ringbufferdevice.o(.bss)
    .bss                                     0x20000218   Section      144  main.o(.bss)
    .bss                                     0x200002a8   Section       64  queue.o(.bss)
    .bss                                     0x200002e8   Section     1220  tasks.o(.bss)
    pxReadyTasksLists                        0x200002e8   Data        1120  tasks.o(.bss)
    xDelayedTaskList1                        0x20000748   Data          20  tasks.o(.bss)
    xDelayedTaskList2                        0x2000075c   Data          20  tasks.o(.bss)
    xPendingReadyList                        0x20000770   Data          20  tasks.o(.bss)
    xTasksWaitingTermination                 0x20000784   Data          20  tasks.o(.bss)
    xSuspendedTaskList                       0x20000798   Data          20  tasks.o(.bss)
    .bss                                     0x200007ac   Section      280  timers.o(.bss)
    xStaticTimerQueue                        0x200007ac   Data          80  timers.o(.bss)
    ucStaticTimerQueueStorage                0x200007fc   Data         160  timers.o(.bss)
    xActiveTimerList1                        0x2000089c   Data          20  timers.o(.bss)
    xActiveTimerList2                        0x200008b0   Data          20  timers.o(.bss)
    .bss                                     0x200008c4   Section     1720  cmsis_os2.o(.bss)
    Idle_TCB                                 0x200008c4   Data          92  cmsis_os2.o(.bss)
    Idle_Stack                               0x20000920   Data         512  cmsis_os2.o(.bss)
    Timer_TCB                                0x20000b20   Data          92  cmsis_os2.o(.bss)
    Timer_Stack                              0x20000b7c   Data        1024  cmsis_os2.o(.bss)
    .bss                                     0x20000f7c   Section     4096  heap_4.o(.bss)
    ucHeap                                   0x20000f7c   Data        4096  heap_4.o(.bss)
    STACK                                    0x20001f80   Section     1024  startup_stm32f103xb.o(STACK)

    Global Symbols

    Symbol Name                              Value     Ov Type        Size  Object(Section)

    BuildAttributes$$THM_ISAv4$P$D$K$B$S$PE$A:L22UL41UL21$X:L11$S22US41US21$IEEE1$IW$USESV6$~STKCKD$USESV7$~SHL$OTIME$ROPI$IEEEX$EBA8$MICROLIB$REQ8$PRES8$EABIv2 0x00000000   Number         0  anon$$obj.o ABSOLUTE
    __ARM_use_no_argv                        0x00000000   Number         0  main.o ABSOLUTE
    __cpp_initialize__aeabi_                  - Undefined Weak Reference
    __cxa_finalize                            - Undefined Weak Reference
    __decompress                              - Undefined Weak Reference
    _clock_init                               - Undefined Weak Reference
    _microlib_exit                            - Undefined Weak Reference
    __Vectors_Size                           0x000000ec   Number         0  startup_stm32f103xb.o ABSOLUTE
    __Vectors                                0x08000000   Data           4  startup_stm32f103xb.o(RESET)
    __Vectors_End                            0x080000ec   Data           0  startup_stm32f103xb.o(RESET)
    __main                                   0x080000ed   Thumb Code     0  entry.o(.ARM.Collect$$$$00000000)
    _main_stk                                0x080000ed   Thumb Code     0  entry2.o(.ARM.Collect$$$$00000001)
    _main_scatterload                        0x080000f1   Thumb Code     0  entry5.o(.ARM.Collect$$$$00000004)
    __main_after_scatterload                 0x080000f5   Thumb Code     0  entry5.o(.ARM.Collect$$$$00000004)
    _main_clock                              0x080000f5   Thumb Code     0  entry7b.o(.ARM.Collect$$$$00000008)
    _main_cpp_init                           0x080000f5   Thumb Code     0  entry8b.o(.ARM.Collect$$$$0000000A)
    _main_init                               0x080000f5   Thumb Code     0  entry9a.o(.ARM.Collect$$$$0000000B)
    __rt_final_cpp                           0x080000fd   Thumb Code     0  entry10a.o(.ARM.Collect$$$$0000000D)
    __rt_final_exit                          0x080000fd   Thumb Code     0  entry11a.o(.ARM.Collect$$$$0000000F)
    SVC_Handler                              0x08000101   Thumb Code    32  port.o(.emb_text)
    __asm___6_port_c_39a90d8d__prvStartFirstTask 0x08000125   Thumb Code    28  port.o(.emb_text)
    PendSV_Handler                           0x08000145   Thumb Code    72  port.o(.emb_text)
    vPortGetIPSR                             0x08000191   Thumb Code     6  port.o(.emb_text)
    Reset_Handler                            0x08000199   Thumb Code     8  startup_stm32f103xb.o(.text)
    ADC1_2_IRQHandler                        0x080001b3   Thumb Code     0  startup_stm32f103xb.o(.text)
    CAN1_RX1_IRQHandler                      0x080001b3   Thumb Code     0  startup_stm32f103xb.o(.text)
    CAN1_SCE_IRQHandler                      0x080001b3   Thumb Code     0  startup_stm32f103xb.o(.text)
    DMA1_Channel1_IRQHandler                 0x080001b3   Thumb Code     0  startup_stm32f103xb.o(.text)
    DMA1_Channel2_IRQHandler                 0x080001b3   Thumb Code     0  startup_stm32f103xb.o(.text)
    DMA1_Channel3_IRQHandler                 0x080001b3   Thumb Code     0  startup_stm32f103xb.o(.text)
    DMA1_Channel4_IRQHandler                 0x080001b3   Thumb Code     0  startup_stm32f103xb.o(.text)
    DMA1_Channel5_IRQHandler                 0x080001b3   Thumb Code     0  startup_stm32f103xb.o(.text)
    DMA1_Channel6_IRQHandler                 0x080001b3   Thumb Code     0  startup_stm32f103xb.o(.text)
    DMA1_Channel7_IRQHandler                 0x080001b3   Thumb Code     0  startup_stm32f103xb.o(.text)
    EXTI0_IRQHandler                         0x080001b3   Thumb Code     0  startup_stm32f103xb.o(.text)
    EXTI15_10_IRQHandler                     0x080001b3   Thumb Code     0  startup_stm32f103xb.o(.text)
    EXTI1_IRQHandler                         0x080001b3   Thumb Code     0  startup_stm32f103xb.o(.text)
    EXTI2_IRQHandler                         0x080001b3   Thumb Code     0  startup_stm32f103xb.o(.text)
    EXTI3_IRQHandler                         0x080001b3   Thumb Code     0  startup_stm32f103xb.o(.text)
    EXTI4_IRQHandler                         0x080001b3   Thumb Code     0  startup_stm32f103xb.o(.text)
    EXTI9_5_IRQHandler                       0x080001b3   Thumb Code     0  startup_stm32f103xb.o(.text)
    FLASH_IRQHandler                         0x080001b3   Thumb Code     0  startup_stm32f103xb.o(.text)
    I2C1_ER_IRQHandler                       0x080001b3   Thumb Code     0  startup_stm32f103xb.o(.text)
    I2C1_EV_IRQHandler                       0x080001b3   Thumb Code     0  startup_stm32f103xb.o(.text)
    I2C2_ER_IRQHandler                       0x080001b3   Thumb Code     0  startup_stm32f103xb.o(.text)
    I2C2_EV_IRQHandler                       0x080001b3   Thumb Code     0  startup_stm32f103xb.o(.text)
    PVD_IRQHandler                           0x080001b3   Thumb Code     0  startup_stm32f103xb.o(.text)
    RCC_IRQHandler                           0x080001b3   Thumb Code     0  startup_stm32f103xb.o(.text)
    RTC_Alarm_IRQHandler                     0x080001b3   Thumb Code     0  startup_stm32f103xb.o(.text)
    RTC_IRQHandler                           0x080001b3   Thumb Code     0  startup_stm32f103xb.o(.text)
    SPI1_IRQHandler                          0x080001b3   Thumb Code     0  startup_stm32f103xb.o(.text)
    SPI2_IRQHandler                          0x080001b3   Thumb Code     0  startup_stm32f103xb.o(.text)
    TAMPER_IRQHandler                        0x080001b3   Thumb Code     0  startup_stm32f103xb.o(.text)
    TIM1_BRK_IRQHandler                      0x080001b3   Thumb Code     0  startup_stm32f103xb.o(.text)
    TIM1_CC_IRQHandler                       0x080001b3   Thumb Code     0  startup_stm32f103xb.o(.text)
    TIM1_TRG_COM_IRQHandler                  0x080001b3   Thumb Code     0  startup_stm32f103xb.o(.text)
    TIM1_UP_IRQHandler                       0x080001b3   Thumb Code     0  startup_stm32f103xb.o(.text)
    TIM3_IRQHandler                          0x080001b3   Thumb Code     0  startup_stm32f103xb.o(.text)
    TIM4_IRQHandler                          0x080001b3   Thumb Code     0  startup_stm32f103xb.o(.text)
    USART2_IRQHandler                        0x080001b3   Thumb Code     0  startup_stm32f103xb.o(.text)
    USART3_IRQHandler                        0x080001b3   Thumb Code     0  startup_stm32f103xb.o(.text)
    USBWakeUp_IRQHandler                     0x080001b3   Thumb Code     0  startup_stm32f103xb.o(.text)
    USB_HP_CAN1_TX_IRQHandler                0x080001b3   Thumb Code     0  startup_stm32f103xb.o(.text)
    USB_LP_CAN1_RX0_IRQHandler               0x080001b3   Thumb Code     0  startup_stm32f103xb.o(.text)
    WWDG_IRQHandler                          0x080001b3   Thumb Code     0  startup_stm32f103xb.o(.text)
    __aeabi_memcpy                           0x080001bd   Thumb Code    36  memcpya.o(.text)
    __aeabi_memcpy4                          0x080001bd   Thumb Code     0  memcpya.o(.text)
    __aeabi_memcpy8                          0x080001bd   Thumb Code     0  memcpya.o(.text)
    __aeabi_memset                           0x080001e1   Thumb Code    14  memseta.o(.text)
    __aeabi_memset4                          0x080001e1   Thumb Code     0  memseta.o(.text)
    __aeabi_memset8                          0x080001e1   Thumb Code     0  memseta.o(.text)
    __aeabi_memclr                           0x080001ef   Thumb Code     4  memseta.o(.text)
    __aeabi_memclr4                          0x080001ef   Thumb Code     0  memseta.o(.text)
    __aeabi_memclr8                          0x080001ef   Thumb Code     0  memseta.o(.text)
    memset                                   0x080001f3   Thumb Code    18  memseta.o(.text)
    memcmp                                   0x08000205   Thumb Code    26  memcmp.o(.text)
    __scatterload                            0x08000221   Thumb Code    28  init.o(.text)
    __scatterload_rt2                        0x08000221   Thumb Code     0  init.o(.text)
    BusFault_Handler                         0x08000245   Thumb Code     2  stm32f1xx_it.o(i.BusFault_Handler)
    DebugMon_Handler                         0x08000247   Thumb Code     2  stm32f1xx_it.o(i.DebugMon_Handler)
    HAL_GPIO_Init                            0x08000249   Thumb Code   446  stm32f1xx_hal_gpio.o(i.HAL_GPIO_Init)
    HAL_GPIO_ReadPin                         0x08000429   Thumb Code    10  stm32f1xx_hal_gpio.o(i.HAL_GPIO_ReadPin)
    HAL_GPIO_WritePin                        0x08000433   Thumb Code    10  stm32f1xx_hal_gpio.o(i.HAL_GPIO_WritePin)
    HAL_GetTick                              0x0800043d   Thumb Code     6  stm32f1xx_hal.o(i.HAL_GetTick)
    HAL_IncTick                              0x08000449   Thumb Code    12  stm32f1xx_hal.o(i.HAL_IncTick)
    HAL_Init                                 0x08000459   Thumb Code    32  stm32f1xx_hal.o(i.HAL_Init)
    HAL_InitTick                             0x0800047d   Thumb Code    54  stm32f1xx_hal.o(i.HAL_InitTick)
    HAL_MspInit                              0x080004bd   Thumb Code    62  stm32f1xx_hal_msp.o(i.HAL_MspInit)
    HAL_NVIC_EnableIRQ                       0x08000505   Thumb Code    26  stm32f1xx_hal_cortex.o(i.HAL_NVIC_EnableIRQ)
    HAL_NVIC_SetPriority                     0x08000521   Thumb Code    60  stm32f1xx_hal_cortex.o(i.HAL_NVIC_SetPriority)
    HAL_NVIC_SetPriorityGrouping             0x08000561   Thumb Code    26  stm32f1xx_hal_cortex.o(i.HAL_NVIC_SetPriorityGrouping)
    HAL_RCC_ClockConfig                      0x08000585   Thumb Code   280  stm32f1xx_hal_rcc.o(i.HAL_RCC_ClockConfig)
    HAL_RCC_GetPCLK1Freq                     0x080006b1   Thumb Code    20  stm32f1xx_hal_rcc.o(i.HAL_RCC_GetPCLK1Freq)
    HAL_RCC_GetPCLK2Freq                     0x080006d1   Thumb Code    20  stm32f1xx_hal_rcc.o(i.HAL_RCC_GetPCLK2Freq)
    HAL_RCC_GetSysClockFreq                  0x080006f1   Thumb Code    58  stm32f1xx_hal_rcc.o(i.HAL_RCC_GetSysClockFreq)
    HAL_RCC_OscConfig                        0x0800073d   Thumb Code   778  stm32f1xx_hal_rcc.o(i.HAL_RCC_OscConfig)
    HAL_SYSTICK_Config                       0x08000a5d   Thumb Code    40  stm32f1xx_hal_cortex.o(i.HAL_SYSTICK_Config)
    HAL_TIMEx_BreakCallback                  0x08000a85   Thumb Code     2  stm32f1xx_hal_tim_ex.o(i.HAL_TIMEx_BreakCallback)
    HAL_TIMEx_CommutCallback                 0x08000a87   Thumb Code     2  stm32f1xx_hal_tim_ex.o(i.HAL_TIMEx_CommutCallback)
    HAL_TIMEx_MasterConfigSynchronization    0x08000a89   Thumb Code    92  stm32f1xx_hal_tim_ex.o(i.HAL_TIMEx_MasterConfigSynchronization)
    HAL_TIM_Base_Init                        0x08000af1   Thumb Code    90  stm32f1xx_hal_tim.o(i.HAL_TIM_Base_Init)
    HAL_TIM_Base_MspInit                     0x08000b4d   Thumb Code    50  stm32f1xx_hal_msp.o(i.HAL_TIM_Base_MspInit)
    HAL_TIM_Base_Start                       0x08000b85   Thumb Code    66  stm32f1xx_hal_tim.o(i.HAL_TIM_Base_Start)
    HAL_TIM_ConfigClockSource                0x08000bd5   Thumb Code   220  stm32f1xx_hal_tim.o(i.HAL_TIM_ConfigClockSource)
    HAL_TIM_IC_CaptureCallback               0x08000cb1   Thumb Code     2  stm32f1xx_hal_tim.o(i.HAL_TIM_IC_CaptureCallback)
    HAL_TIM_IRQHandler                       0x08000cb3   Thumb Code   304  stm32f1xx_hal_tim.o(i.HAL_TIM_IRQHandler)
    HAL_TIM_OC_DelayElapsedCallback          0x08000de3   Thumb Code     2  stm32f1xx_hal_tim.o(i.HAL_TIM_OC_DelayElapsedCallback)
    HAL_TIM_PWM_PulseFinishedCallback        0x08000de5   Thumb Code     2  stm32f1xx_hal_tim.o(i.HAL_TIM_PWM_PulseFinishedCallback)
    HAL_TIM_PeriodElapsedCallback            0x08000de7   Thumb Code     2  stm32f1xx_hal_tim.o(i.HAL_TIM_PeriodElapsedCallback)
    HAL_TIM_TriggerCallback                  0x08000de9   Thumb Code     2  stm32f1xx_hal_tim.o(i.HAL_TIM_TriggerCallback)
    HAL_UART_Init                            0x08000deb   Thumb Code   100  stm32f1xx_hal_uart.o(i.HAL_UART_Init)
    HAL_UART_MspInit                         0x08000e51   Thumb Code   116  stm32f1xx_hal_msp.o(i.HAL_UART_MspInit)
    HAL_UART_Transmit                        0x08000ed1   Thumb Code   160  stm32f1xx_hal_uart.o(i.HAL_UART_Transmit)
    HardFault_Handler                        0x08000f71   Thumb Code     2  stm32f1xx_it.o(i.HardFault_Handler)
    MemManage_Handler                        0x0800110d   Thumb Code     2  stm32f1xx_it.o(i.MemManage_Handler)
    NMI_Handler                              0x0800110f   Thumb Code     2  stm32f1xx_it.o(i.NMI_Handler)
    StartDefaultTask                         0x08001111   Thumb Code     6  main.o(i.StartDefaultTask)
    SysTick_Handler                          0x08001117   Thumb Code    24  stm32f1xx_it.o(i.SysTick_Handler)
    SystemClock_Config                       0x0800112f   Thumb Code    94  main.o(i.SystemClock_Config)
    SystemInit                               0x0800118d   Thumb Code     2  system_stm32f1xx.o(i.SystemInit)
    TIM2_IRQHandler                          0x08001191   Thumb Code    18  stm32f1xx_it.o(i.TIM2_IRQHandler)
    TIM_Base_SetConfig                       0x080011a9   Thumb Code   108  stm32f1xx_hal_tim.o(i.TIM_Base_SetConfig)
    TIM_ETR_SetConfig                        0x08001221   Thumb Code    20  stm32f1xx_hal_tim.o(i.TIM_ETR_SetConfig)
    USART1_IRQHandler                        0x08001405   Thumb Code    22  stm32f1xx_it.o(i.USART1_IRQHandler)
    UsageFault_Handler                       0x08001421   Thumb Code     2  stm32f1xx_it.o(i.UsageFault_Handler)
    __scatterload_copy                       0x08001443   Thumb Code    14  handlers.o(i.__scatterload_copy)
    __scatterload_null                       0x08001451   Thumb Code     2  handlers.o(i.__scatterload_null)
    __scatterload_zeroinit                   0x08001453   Thumb Code    14  handlers.o(i.__scatterload_zeroinit)
    c_pstGetDht11DeviceParam                 0x08001461   Thumb Code    12  dht11device.o(i.c_pstGetDht11DeviceParam)
    c_pstGetRingBufferDeviceParam            0x08001471   Thumb Code    12  ringbufferdevice.o(i.c_pstGetRingBufferDeviceParam)
    emRingBufferReadSingleElement            0x08001481   Thumb Code    78  ringbufferdevice.o(i.emRingBufferReadSingleElement)
    main                                     0x080014d5   Thumb Code   114  main.o(i.main)
    osKernelInitialize                       0x08001559   Thumb Code    32  cmsis_os2.o(i.osKernelInitialize)
    osKernelStart                            0x0800157d   Thumb Code    48  cmsis_os2.o(i.osKernelStart)
    osMutexNew                               0x080015b5   Thumb Code   104  cmsis_os2.o(i.osMutexNew)
    osSemaphoreNew                           0x0800161d   Thumb Code   152  cmsis_os2.o(i.osSemaphoreNew)
    osThreadNew                              0x080016b5   Thumb Code   138  cmsis_os2.o(i.osThreadNew)
    pvPortMalloc                             0x08001eed   Thumb Code   216  heap_4.o(i.pvPortMalloc)
    pvRingBufferFindElementFirstPosition     0x08001fc9   Thumb Code    66  ringbufferdevice.o(i.pvRingBufferFindElementFirstPosition)
    pxPortInitialiseStack                    0x08002011   Thumb Code    32  port.o(i.pxPortInitialiseStack)
    uxListRemove                             0x08002035   Thumb Code    38  list.o(i.uxListRemove)
    vApplicationGetIdleTaskMemory            0x0800205d   Thumb Code    16  cmsis_os2.o(i.vApplicationGetIdleTaskMemory)
    vApplicationGetTimerTaskMemory           0x08002071   Thumb Code    18  cmsis_os2.o(i.vApplicationGetTimerTaskMemory)
    vDht11DeviceInit                         0x08002089   Thumb Code    20  dht11device.o(i.vDht11DeviceInit)
    vDht11FsmCallback                        0x080020a1   Thumb Code    58  dht11device.o(i.vDht11FsmCallback)
    vDht11Init                               0x080020e1   Thumb Code    26  test.o(i.vDht11Init)
    vDht11SetPinDirInput                     0x08002101   Thumb Code    36  dht11device.o(i.vDht11SetPinDirInput)
    vDht11SetPinDirOutput                    0x08002129   Thumb Code    36  dht11device.o(i.vDht11SetPinDirOutput)
    vDht11SetPinHigh                         0x08002151   Thumb Code    20  dht11device.o(i.vDht11SetPinHigh)
    vDht11SetPinLow                          0x08002169   Thumb Code    20  dht11device.o(i.vDht11SetPinLow)
    vDht11StatusExecute_Idle                 0x08002181   Thumb Code    62  dht11device.o(i.vDht11StatusExecute_Idle)
    vDht11StatusExecute_Reading              0x080021c9   Thumb Code   232  dht11device.o(i.vDht11StatusExecute_Reading)
    vDht11StatusExecute_StartHigh            0x080022b5   Thumb Code    46  dht11device.o(i.vDht11StatusExecute_StartHigh)
    vDht11StatusExecute_StartLow             0x080022e9   Thumb Code    64  dht11device.o(i.vDht11StatusExecute_StartLow)
    vDht11StatusExecute_WaitAckHigh          0x0800232d   Thumb Code    76  dht11device.o(i.vDht11StatusExecute_WaitAckHigh)
    vDht11StatusExecute_WaitAckLow           0x0800237d   Thumb Code    76  dht11device.o(i.vDht11StatusExecute_WaitAckLow)
    vDht11StatusExecute_WaitReadStart        0x080023cd   Thumb Code    76  dht11device.o(i.vDht11StatusExecute_WaitReadStart)
    vLedDeviceInit                           0x0800241d   Thumb Code    20  leddevice.o(i.vLedDeviceInit)
    vLedDeviceRunningParamInit               0x08002435   Thumb Code    20  leddevice.o(i.vLedDeviceRunningParamInit)
    vLedInit                                 0x0800244d   Thumb Code   222  test.o(i.vLedInit)
    vLedOFF                                  0x08002539   Thumb Code    16  leddevice.o(i.vLedOFF)
    vLedOn                                   0x0800254d   Thumb Code    16  leddevice.o(i.vLedOn)
    vLedUpdatePinLevel                       0x08002561   Thumb Code    34  leddevice.o(i.vLedUpdatePinLevel)
    vListInitialise                          0x08002589   Thumb Code    22  list.o(i.vListInitialise)
    vListInitialiseItem                      0x0800259f   Thumb Code     6  list.o(i.vListInitialiseItem)
    vListInsert                              0x080025a5   Thumb Code    48  list.o(i.vListInsert)
    vListInsertEnd                           0x080025d5   Thumb Code    24  list.o(i.vListInsertEnd)
    vPortEnterCritical                       0x080025ed   Thumb Code    54  port.o(i.vPortEnterCritical)
    vPortExitCritical                        0x0800262d   Thumb Code    34  port.o(i.vPortExitCritical)
    vPortFree                                0x08002655   Thumb Code    94  heap_4.o(i.vPortFree)
    vPortSetupTimerInterrupt                 0x080026b9   Thumb Code    32  port.o(i.vPortSetupTimerInterrupt)
    vPortValidateInterruptPriority           0x080026dd   Thumb Code    74  port.o(i.vPortValidateInterruptPriority)
    vQueueAddToRegistry                      0x08002731   Thumb Code    34  queue.o(i.vQueueAddToRegistry)
    vQueueDelete                             0x08002759   Thumb Code    46  queue.o(i.vQueueDelete)
    vQueueUnregisterQueue                    0x08002789   Thumb Code    36  queue.o(i.vQueueUnregisterQueue)
    vQueueWaitForMessageRestricted           0x080027b1   Thumb Code    68  queue.o(i.vQueueWaitForMessageRestricted)
    vTaskExecute                             0x080027f5   Thumb Code   254  test.o(i.vTaskExecute)
    vTaskInternalSetTimeOutState             0x08002905   Thumb Code    12  tasks.o(i.vTaskInternalSetTimeOutState)
    vTaskMissedYield                         0x08002915   Thumb Code     8  tasks.o(i.vTaskMissedYield)
    vTaskPlaceOnEventList                    0x08002921   Thumb Code    44  tasks.o(i.vTaskPlaceOnEventList)
    vTaskPlaceOnEventListRestricted          0x08002951   Thumb Code    52  tasks.o(i.vTaskPlaceOnEventListRestricted)
    vTaskStartScheduler                      0x08002989   Thumb Code   118  tasks.o(i.vTaskStartScheduler)
    vTaskSuspendAll                          0x08002a11   Thumb Code    10  tasks.o(i.vTaskSuspendAll)
    vTaskSwitchContext                       0x08002a21   Thumb Code    90  tasks.o(i.vTaskSwitchContext)
    xPortStartScheduler                      0x08002a85   Thumb Code   154  port.o(i.xPortStartScheduler)
    xPortSysTickHandler                      0x08002b2d   Thumb Code    38  port.o(i.xPortSysTickHandler)
    xQueueCreateCountingSemaphore            0x08002b59   Thumb Code    58  queue.o(i.xQueueCreateCountingSemaphore)
    xQueueCreateCountingSemaphoreStatic      0x08002b93   Thumb Code    64  queue.o(i.xQueueCreateCountingSemaphoreStatic)
    xQueueCreateMutex                        0x08002bd3   Thumb Code    22  queue.o(i.xQueueCreateMutex)
    xQueueCreateMutexStatic                  0x08002be9   Thumb Code    26  queue.o(i.xQueueCreateMutexStatic)
    xQueueGenericCreate                      0x08002c03   Thumb Code    66  queue.o(i.xQueueGenericCreate)
    xQueueGenericCreateStatic                0x08002c45   Thumb Code   102  queue.o(i.xQueueGenericCreateStatic)
    xQueueGenericReset                       0x08002cad   Thumb Code   132  queue.o(i.xQueueGenericReset)
    xQueueGenericSend                        0x08002d35   Thumb Code   346  queue.o(i.xQueueGenericSend)
    xQueueGenericSendFromISR                 0x08002e95   Thumb Code   190  queue.o(i.xQueueGenericSendFromISR)
    xQueueReceive                            0x08002f55   Thumb Code   308  queue.o(i.xQueueReceive)
    xTaskCheckForTimeOut                     0x0800308d   Thumb Code   112  tasks.o(i.xTaskCheckForTimeOut)
    xTaskCreate                              0x08003101   Thumb Code    90  tasks.o(i.xTaskCreate)
    xTaskCreateStatic                        0x0800315b   Thumb Code    86  tasks.o(i.xTaskCreateStatic)
    xTaskGetSchedulerState                   0x080031b1   Thumb Code    22  tasks.o(i.xTaskGetSchedulerState)
    xTaskGetTickCount                        0x080031cd   Thumb Code     6  tasks.o(i.xTaskGetTickCount)
    xTaskIncrementTick                       0x080031d9   Thumb Code   192  tasks.o(i.xTaskIncrementTick)
    xTaskPriorityDisinherit                  0x080032a1   Thumb Code   118  tasks.o(i.xTaskPriorityDisinherit)
    xTaskRemoveFromEventList                 0x08003321   Thumb Code    98  tasks.o(i.xTaskRemoveFromEventList)
    xTaskResumeAll                           0x08003391   Thumb Code   182  tasks.o(i.xTaskResumeAll)
    xTimerCreateTimerTask                    0x08003455   Thumb Code    78  timers.o(i.xTimerCreateTimerTask)
    xTimerGenericCommand                     0x080034b5   Thumb Code    98  timers.o(i.xTimerGenericCommand)
    c_aucCmdDht11Read                        0x0800351c   Data          12  test.o(.constdata)
    c_aucCmdLedOn0                           0x08003528   Data          10  test.o(.constdata)
    c_aucCmdLedOff0                          0x08003532   Data          11  test.o(.constdata)
    defaultTask_attributes                   0x08003540   Data          36  main.o(.constdata)
    myMutex01_attributes                     0x08003564   Data          16  main.o(.constdata)
    myBinarySem01_attributes                 0x08003574   Data          16  main.o(.constdata)
    myCountingSem01_attributes               0x08003584   Data          16  main.o(.constdata)
    AHBPrescTable                            0x080035a6   Data          16  system_stm32f1xx.o(.constdata)
    APBPrescTable                            0x080035b6   Data           8  system_stm32f1xx.o(.constdata)
    Region$$Table$$Base                      0x080035f8   Number         0  anon$$obj.o(Region$$Table)
    Region$$Table$$Limit                     0x08003618   Number         0  anon$$obj.o(Region$$Table)
    aucAckDht11                              0x20000000   Data          38  test.o(.data)
    defaultTaskHandle                        0x20000028   Data           4  main.o(.data)
    myMutex01Handle                          0x2000002c   Data           4  main.o(.data)
    myBinarySem01Handle                      0x20000030   Data           4  main.o(.data)
    myCountingSem01Handle                    0x20000034   Data           4  main.o(.data)
    uwTickFreq                               0x20000038   Data           1  stm32f1xx_hal.o(.data)
    uwTickPrio                               0x2000003c   Data           4  stm32f1xx_hal.o(.data)
    uwTick                                   0x20000040   Data           4  stm32f1xx_hal.o(.data)
    SystemCoreClock                          0x20000044   Data           4  system_stm32f1xx.o(.data)
    pxCurrentTCB                             0x20000048   Data           4  tasks.o(.data)
    aucUartRxBuffer                          0x200000c8   Data          20  test.o(.bss)
    astDht11DeviceParam                      0x200000dc   Data          40  dht11device.o(.bss)
    astLedDeviceParam                        0x20000104   Data         252  leddevice.o(.bss)
    astRingBufferDeviceParam                 0x20000200   Data          24  ringbufferdevice.o(.bss)
    htim2                                    0x20000218   Data          72  main.o(.bss)
    huart1                                   0x20000260   Data          72  main.o(.bss)
    xQueueRegistry                           0x200002a8   Data          64  queue.o(.bss)
    __initial_sp                             0x20002380   Data           0  startup_stm32f103xb.o(STACK)



==============================================================================

Memory Map of the image

  Image Entry point : 0x080000ed

  Load Region LR_IROM1 (Base: 0x08000000, Size: 0x000036e0, Max: 0x00010000, ABSOLUTE)

    Execution Region ER_IROM1 (Exec base: 0x08000000, Load base: 0x08000000, Size: 0x00003618, Max: 0x00010000, ABSOLUTE)

    Exec Addr    Load Addr    Size         Type   Attr      Idx    E Section Name        Object

    0x08000000   0x08000000   0x000000ec   Data   RO          448    RESET               startup_stm32f103xb.o
    0x080000ec   0x080000ec   0x00000000   Code   RO         4863  * .ARM.Collect$$$$00000000  mc_w.l(entry.o)
    0x080000ec   0x080000ec   0x00000004   Code   RO         4916    .ARM.Collect$$$$00000001  mc_w.l(entry2.o)
    0x080000f0   0x080000f0   0x00000004   Code   RO         4919    .ARM.Collect$$$$00000004  mc_w.l(entry5.o)
    0x080000f4   0x080000f4   0x00000000   Code   RO         4921    .ARM.Collect$$$$00000008  mc_w.l(entry7b.o)
    0x080000f4   0x080000f4   0x00000000   Code   RO         4923    .ARM.Collect$$$$0000000A  mc_w.l(entry8b.o)
    0x080000f4   0x080000f4   0x00000008   Code   RO         4924    .ARM.Collect$$$$0000000B  mc_w.l(entry9a.o)
    0x080000fc   0x080000fc   0x00000000   Code   RO         4926    .ARM.Collect$$$$0000000D  mc_w.l(entry10a.o)
    0x080000fc   0x080000fc   0x00000000   Code   RO         4928    .ARM.Collect$$$$0000000F  mc_w.l(entry11a.o)
    0x080000fc   0x080000fc   0x00000004   Code   RO         4917    .ARM.Collect$$$$00002712  mc_w.l(entry2.o)
    0x08000100   0x08000100   0x00000096   Code   RO         4778    .emb_text           port.o
    0x08000196   0x08000196   0x00000002   PAD
    0x08000198   0x08000198   0x00000024   Code   RO          449    .text               startup_stm32f103xb.o
    0x080001bc   0x080001bc   0x00000024   Code   RO         4868    .text               mc_w.l(memcpya.o)
    0x080001e0   0x080001e0   0x00000024   Code   RO         4872    .text               mc_w.l(memseta.o)
    0x08000204   0x08000204   0x0000001a   Code   RO         4876    .text               mc_w.l(memcmp.o)
    0x0800021e   0x0800021e   0x00000002   PAD
    0x08000220   0x08000220   0x00000024   Code   RO         4944    .text               mc_w.l(init.o)
    0x08000244   0x08000244   0x00000002   Code   RO          581    i.BusFault_Handler  stm32f1xx_it.o
    0x08000246   0x08000246   0x00000002   Code   RO          582    i.DebugMon_Handler  stm32f1xx_it.o
    0x08000248   0x08000248   0x000001e0   Code   RO         1067    i.HAL_GPIO_Init     stm32f1xx_hal_gpio.o
    0x08000428   0x08000428   0x0000000a   Code   RO         1069    i.HAL_GPIO_ReadPin  stm32f1xx_hal_gpio.o
    0x08000432   0x08000432   0x0000000a   Code   RO         1071    i.HAL_GPIO_WritePin  stm32f1xx_hal_gpio.o
    0x0800043c   0x0800043c   0x0000000c   Code   RO          761    i.HAL_GetTick       stm32f1xx_hal.o
    0x08000448   0x08000448   0x00000010   Code   RO          767    i.HAL_IncTick       stm32f1xx_hal.o
    0x08000458   0x08000458   0x00000024   Code   RO          768    i.HAL_Init          stm32f1xx_hal.o
    0x0800047c   0x0800047c   0x00000040   Code   RO          769    i.HAL_InitTick      stm32f1xx_hal.o
    0x080004bc   0x080004bc   0x00000048   Code   RO          666    i.HAL_MspInit       stm32f1xx_hal_msp.o
    0x08000504   0x08000504   0x0000001a   Code   RO         1227    i.HAL_NVIC_EnableIRQ  stm32f1xx_hal_cortex.o
    0x0800051e   0x0800051e   0x00000002   PAD
    0x08000520   0x08000520   0x00000040   Code   RO         1233    i.HAL_NVIC_SetPriority  stm32f1xx_hal_cortex.o
    0x08000560   0x08000560   0x00000024   Code   RO         1234    i.HAL_NVIC_SetPriorityGrouping  stm32f1xx_hal_cortex.o
    0x08000584   0x08000584   0x0000012c   Code   RO          925    i.HAL_RCC_ClockConfig  stm32f1xx_hal_rcc.o
    0x080006b0   0x080006b0   0x00000020   Code   RO          932    i.HAL_RCC_GetPCLK1Freq  stm32f1xx_hal_rcc.o
    0x080006d0   0x080006d0   0x00000020   Code   RO          933    i.HAL_RCC_GetPCLK2Freq  stm32f1xx_hal_rcc.o
    0x080006f0   0x080006f0   0x0000004c   Code   RO          934    i.HAL_RCC_GetSysClockFreq  stm32f1xx_hal_rcc.o
    0x0800073c   0x0800073c   0x00000320   Code   RO          937    i.HAL_RCC_OscConfig  stm32f1xx_hal_rcc.o
    0x08000a5c   0x08000a5c   0x00000028   Code   RO         1238    i.HAL_SYSTICK_Config  stm32f1xx_hal_cortex.o
    0x08000a84   0x08000a84   0x00000002   Code   RO         2433    i.HAL_TIMEx_BreakCallback  stm32f1xx_hal_tim_ex.o
    0x08000a86   0x08000a86   0x00000002   Code   RO         2434    i.HAL_TIMEx_CommutCallback  stm32f1xx_hal_tim_ex.o
    0x08000a88   0x08000a88   0x00000068   Code   RO         2452    i.HAL_TIMEx_MasterConfigSynchronization  stm32f1xx_hal_tim_ex.o
    0x08000af0   0x08000af0   0x0000005a   Code   RO         1729    i.HAL_TIM_Base_Init  stm32f1xx_hal_tim.o
    0x08000b4a   0x08000b4a   0x00000002   PAD
    0x08000b4c   0x08000b4c   0x00000038   Code   RO          668    i.HAL_TIM_Base_MspInit  stm32f1xx_hal_msp.o
    0x08000b84   0x08000b84   0x00000050   Code   RO         1732    i.HAL_TIM_Base_Start  stm32f1xx_hal_tim.o
    0x08000bd4   0x08000bd4   0x000000dc   Code   RO         1738    i.HAL_TIM_ConfigClockSource  stm32f1xx_hal_tim.o
    0x08000cb0   0x08000cb0   0x00000002   Code   RO         1763    i.HAL_TIM_IC_CaptureCallback  stm32f1xx_hal_tim.o
    0x08000cb2   0x08000cb2   0x00000130   Code   RO         1777    i.HAL_TIM_IRQHandler  stm32f1xx_hal_tim.o
    0x08000de2   0x08000de2   0x00000002   Code   RO         1780    i.HAL_TIM_OC_DelayElapsedCallback  stm32f1xx_hal_tim.o
    0x08000de4   0x08000de4   0x00000002   Code   RO         1807    i.HAL_TIM_PWM_PulseFinishedCallback  stm32f1xx_hal_tim.o
    0x08000de6   0x08000de6   0x00000002   Code   RO         1815    i.HAL_TIM_PeriodElapsedCallback  stm32f1xx_hal_tim.o
    0x08000de8   0x08000de8   0x00000002   Code   RO         1820    i.HAL_TIM_TriggerCallback  stm32f1xx_hal_tim.o
    0x08000dea   0x08000dea   0x00000064   Code   RO         2730    i.HAL_UART_Init     stm32f1xx_hal_uart.o
    0x08000e4e   0x08000e4e   0x00000002   PAD
    0x08000e50   0x08000e50   0x00000080   Code   RO          670    i.HAL_UART_MspInit  stm32f1xx_hal_msp.o
    0x08000ed0   0x08000ed0   0x000000a0   Code   RO         2738    i.HAL_UART_Transmit  stm32f1xx_hal_uart.o
    0x08000f70   0x08000f70   0x00000002   Code   RO          583    i.HardFault_Handler  stm32f1xx_it.o
    0x08000f72   0x08000f72   0x00000002   PAD
    0x08000f74   0x08000f74   0x000000ec   Code   RO          457    i.MX_GPIO_Init      main.o
    0x08001060   0x08001060   0x00000064   Code   RO          458    i.MX_TIM2_Init      main.o
    0x080010c4   0x080010c4   0x00000048   Code   RO          459    i.MX_USART1_UART_Init  main.o
    0x0800110c   0x0800110c   0x00000002   Code   RO          584    i.MemManage_Handler  stm32f1xx_it.o
    0x0800110e   0x0800110e   0x00000002   Code   RO          585    i.NMI_Handler       stm32f1xx_it.o
    0x08001110   0x08001110   0x00000006   Code   RO          460    i.StartDefaultTask  main.o
    0x08001116   0x08001116   0x00000018   Code   RO          586    i.SysTick_Handler   stm32f1xx_it.o
    0x0800112e   0x0800112e   0x0000005e   Code   RO          461    i.SystemClock_Config  main.o
    0x0800118c   0x0800118c   0x00000002   Code   RO         3064    i.SystemInit        system_stm32f1xx.o
    0x0800118e   0x0800118e   0x00000002   PAD
    0x08001190   0x08001190   0x00000018   Code   RO          587    i.TIM2_IRQHandler   stm32f1xx_it.o
    0x080011a8   0x080011a8   0x00000078   Code   RO         1822    i.TIM_Base_SetConfig  stm32f1xx_hal_tim.o
    0x08001220   0x08001220   0x00000014   Code   RO         1833    i.TIM_ETR_SetConfig  stm32f1xx_hal_tim.o
    0x08001234   0x08001234   0x00000010   Code   RO         1834    i.TIM_ITRx_SetConfig  stm32f1xx_hal_tim.o
    0x08001244   0x08001244   0x00000022   Code   RO         1840    i.TIM_TI1_ConfigInputStage  stm32f1xx_hal_tim.o
    0x08001266   0x08001266   0x00000024   Code   RO         1842    i.TIM_TI2_ConfigInputStage  stm32f1xx_hal_tim.o
    0x0800128a   0x0800128a   0x0000004e   Code   RO         2753    i.UART_EndRxTransfer  stm32f1xx_hal_uart.o
    0x080012d8   0x080012d8   0x000000b8   Code   RO         2756    i.UART_SetConfig    stm32f1xx_hal_uart.o
    0x08001390   0x08001390   0x00000072   Code   RO         2759    i.UART_WaitOnFlagUntilTimeout  stm32f1xx_hal_uart.o
    0x08001402   0x08001402   0x00000002   PAD
    0x08001404   0x08001404   0x0000001c   Code   RO          588    i.USART1_IRQHandler  stm32f1xx_it.o
    0x08001420   0x08001420   0x00000002   Code   RO          589    i.UsageFault_Handler  stm32f1xx_it.o
    0x08001422   0x08001422   0x00000020   Code   RO         1240    i.__NVIC_SetPriority  stm32f1xx_hal_cortex.o
    0x08001442   0x08001442   0x0000000e   Code   RO         4960    i.__scatterload_copy  mc_w.l(handlers.o)
    0x08001450   0x08001450   0x00000002   Code   RO         4961    i.__scatterload_null  mc_w.l(handlers.o)
    0x08001452   0x08001452   0x0000000e   Code   RO         4962    i.__scatterload_zeroinit  mc_w.l(handlers.o)
    0x08001460   0x08001460   0x00000010   Code   RO          159    i.c_pstGetDht11DeviceParam  dht11device.o
    0x08001470   0x08001470   0x00000010   Code   RO          389    i.c_pstGetRingBufferDeviceParam  ringbufferdevice.o
    0x08001480   0x08001480   0x00000054   Code   RO          390    i.emRingBufferReadSingleElement  ringbufferdevice.o
    0x080014d4   0x080014d4   0x00000084   Code   RO          462    i.main              main.o
    0x08001558   0x08001558   0x00000024   Code   RO         4234    i.osKernelInitialize  cmsis_os2.o
    0x0800157c   0x0800157c   0x00000038   Code   RO         4237    i.osKernelStart     cmsis_os2.o
    0x080015b4   0x080015b4   0x00000068   Code   RO         4260    i.osMutexNew        cmsis_os2.o
    0x0800161c   0x0800161c   0x00000098   Code   RO         4265    i.osSemaphoreNew    cmsis_os2.o
    0x080016b4   0x080016b4   0x0000008a   Code   RO         4279    i.osThreadNew       cmsis_os2.o
    0x0800173e   0x0800173e   0x00000002   PAD
    0x08001740   0x08001740   0x0000005c   Code   RO         3672    i.prvAddCurrentTaskToDelayedList  tasks.o
    0x0800179c   0x0800179c   0x000000d0   Code   RO         3673    i.prvAddNewTaskToReadyList  tasks.o
    0x0800186c   0x0800186c   0x00000058   Code   RO         4048    i.prvCheckForValidListAndQueue  timers.o
    0x080018c4   0x080018c4   0x00000026   Code   RO         3269    i.prvCopyDataFromQueue  queue.o
    0x080018ea   0x080018ea   0x0000006c   Code   RO         3270    i.prvCopyDataToQueue  queue.o
    0x08001956   0x08001956   0x00000034   Code   RO         3674    i.prvDeleteTCB      tasks.o
    0x0800198a   0x0800198a   0x00000002   PAD
    0x0800198c   0x0800198c   0x0000004c   Code   RO         4723    i.prvHeapInit       heap_4.o
    0x080019d8   0x080019d8   0x00000060   Code   RO         3675    i.prvIdleTask       tasks.o
    0x08001a38   0x08001a38   0x00000016   Code   RO         3271    i.prvInitialiseMutex  queue.o
    0x08001a4e   0x08001a4e   0x00000002   PAD
    0x08001a50   0x08001a50   0x00000022   Code   RO         3272    i.prvInitialiseNewQueue  queue.o
    0x08001a72   0x08001a72   0x00000002   PAD
    0x08001a74   0x08001a74   0x000000b0   Code   RO         3676    i.prvInitialiseNewTask  tasks.o
    0x08001b24   0x08001b24   0x0000004c   Code   RO         4724    i.prvInsertBlockIntoFreeList  heap_4.o
    0x08001b70   0x08001b70   0x00000038   Code   RO         4050    i.prvInsertTimerInActiveList  timers.o
    0x08001ba8   0x08001ba8   0x0000001c   Code   RO         3273    i.prvIsQueueEmpty   queue.o
    0x08001bc4   0x08001bc4   0x000000fc   Code   RO         4051    i.prvProcessReceivedCommands  timers.o
    0x08001cc0   0x08001cc0   0x000000c0   Code   RO         4052    i.prvProcessTimerOrBlockTask  timers.o
    0x08001d80   0x08001d80   0x00000020   Code   RO         3678    i.prvResetNextTaskUnblockTime  tasks.o
    0x08001da0   0x08001da0   0x00000028   Code   RO         4053    i.prvSampleTimeNow  timers.o
    0x08001dc8   0x08001dc8   0x0000006c   Code   RO         4054    i.prvSwitchTimerLists  timers.o
    0x08001e34   0x08001e34   0x00000028   Code   RO         4779    i.prvTaskExitError  port.o
    0x08001e5c   0x08001e5c   0x00000024   Code   RO         4055    i.prvTimerTask      timers.o
    0x08001e80   0x08001e80   0x0000006a   Code   RO         3274    i.prvUnlockQueue    queue.o
    0x08001eea   0x08001eea   0x00000002   PAD
    0x08001eec   0x08001eec   0x000000dc   Code   RO         4725    i.pvPortMalloc      heap_4.o
    0x08001fc8   0x08001fc8   0x00000048   Code   RO          392    i.pvRingBufferFindElementFirstPosition  ringbufferdevice.o
    0x08002010   0x08002010   0x00000024   Code   RO         4780    i.pxPortInitialiseStack  port.o
    0x08002034   0x08002034   0x00000026   Code   RO         3229    i.uxListRemove      list.o
    0x0800205a   0x0800205a   0x00000002   PAD
    0x0800205c   0x0800205c   0x00000014   Code   RO         4291    i.vApplicationGetIdleTaskMemory  cmsis_os2.o
    0x08002070   0x08002070   0x00000018   Code   RO         4292    i.vApplicationGetTimerTaskMemory  cmsis_os2.o
    0x08002088   0x08002088   0x00000018   Code   RO          164    i.vDht11DeviceInit  dht11device.o
    0x080020a0   0x080020a0   0x00000040   Code   RO          166    i.vDht11FsmCallback  dht11device.o
    0x080020e0   0x080020e0   0x00000020   Code   RO            4    i.vDht11Init        test.o
    0x08002100   0x08002100   0x00000028   Code   RO          167    i.vDht11SetPinDirInput  dht11device.o
    0x08002128   0x08002128   0x00000028   Code   RO          168    i.vDht11SetPinDirOutput  dht11device.o
    0x08002150   0x08002150   0x00000018   Code   RO          169    i.vDht11SetPinHigh  dht11device.o
    0x08002168   0x08002168   0x00000018   Code   RO          170    i.vDht11SetPinLow   dht11device.o
    0x08002180   0x08002180   0x00000048   Code   RO          172    i.vDht11StatusExecute_Idle  dht11device.o
    0x080021c8   0x080021c8   0x000000ec   Code   RO          173    i.vDht11StatusExecute_Reading  dht11device.o
    0x080022b4   0x080022b4   0x00000034   Code   RO          174    i.vDht11StatusExecute_StartHigh  dht11device.o
    0x080022e8   0x080022e8   0x00000044   Code   RO          175    i.vDht11StatusExecute_StartLow  dht11device.o
    0x0800232c   0x0800232c   0x00000050   Code   RO          176    i.vDht11StatusExecute_WaitAckHigh  dht11device.o
    0x0800237c   0x0800237c   0x00000050   Code   RO          177    i.vDht11StatusExecute_WaitAckLow  dht11device.o
    0x080023cc   0x080023cc   0x00000050   Code   RO          178    i.vDht11StatusExecute_WaitReadStart  dht11device.o
    0x0800241c   0x0800241c   0x00000018   Code   RO          308    i.vLedDeviceInit    leddevice.o
    0x08002434   0x08002434   0x00000018   Code   RO          310    i.vLedDeviceRunningParamInit  leddevice.o
    0x0800244c   0x0800244c   0x000000ec   Code   RO            5    i.vLedInit          test.o
    0x08002538   0x08002538   0x00000014   Code   RO          311    i.vLedOFF           leddevice.o
    0x0800254c   0x0800254c   0x00000014   Code   RO          312    i.vLedOn            leddevice.o
    0x08002560   0x08002560   0x00000028   Code   RO          314    i.vLedUpdatePinLevel  leddevice.o
    0x08002588   0x08002588   0x00000016   Code   RO         3230    i.vListInitialise   list.o
    0x0800259e   0x0800259e   0x00000006   Code   RO         3231    i.vListInitialiseItem  list.o
    0x080025a4   0x080025a4   0x00000030   Code   RO         3232    i.vListInsert       list.o
    0x080025d4   0x080025d4   0x00000018   Code   RO         3233    i.vListInsertEnd    list.o
    0x080025ec   0x080025ec   0x00000040   Code   RO         4782    i.vPortEnterCritical  port.o
    0x0800262c   0x0800262c   0x00000028   Code   RO         4783    i.vPortExitCritical  port.o
    0x08002654   0x08002654   0x00000064   Code   RO         4726    i.vPortFree         heap_4.o
    0x080026b8   0x080026b8   0x00000024   Code   RO         4784    i.vPortSetupTimerInterrupt  port.o
    0x080026dc   0x080026dc   0x00000054   Code   RO         4785    i.vPortValidateInterruptPriority  port.o
    0x08002730   0x08002730   0x00000028   Code   RO         3280    i.vQueueAddToRegistry  queue.o
    0x08002758   0x08002758   0x0000002e   Code   RO         3281    i.vQueueDelete      queue.o
    0x08002786   0x08002786   0x00000002   PAD
    0x08002788   0x08002788   0x00000028   Code   RO         3283    i.vQueueUnregisterQueue  queue.o
    0x080027b0   0x080027b0   0x00000044   Code   RO         3284    i.vQueueWaitForMessageRestricted  queue.o
    0x080027f4   0x080027f4   0x00000110   Code   RO            7    i.vTaskExecute      test.o
    0x08002904   0x08002904   0x00000010   Code   RO         3697    i.vTaskInternalSetTimeOutState  tasks.o
    0x08002914   0x08002914   0x0000000c   Code   RO         3698    i.vTaskMissedYield  tasks.o
    0x08002920   0x08002920   0x00000030   Code   RO         3700    i.vTaskPlaceOnEventList  tasks.o
    0x08002950   0x08002950   0x00000038   Code   RO         3701    i.vTaskPlaceOnEventListRestricted  tasks.o
    0x08002988   0x08002988   0x00000088   Code   RO         3709    i.vTaskStartScheduler  tasks.o
    0x08002a10   0x08002a10   0x00000010   Code   RO         3711    i.vTaskSuspendAll   tasks.o
    0x08002a20   0x08002a20   0x00000064   Code   RO         3712    i.vTaskSwitchContext  tasks.o
    0x08002a84   0x08002a84   0x000000a8   Code   RO         4786    i.xPortStartScheduler  port.o
    0x08002b2c   0x08002b2c   0x0000002c   Code   RO         4787    i.xPortSysTickHandler  port.o
    0x08002b58   0x08002b58   0x0000003a   Code   RO         3285    i.xQueueCreateCountingSemaphore  queue.o
    0x08002b92   0x08002b92   0x00000040   Code   RO         3286    i.xQueueCreateCountingSemaphoreStatic  queue.o
    0x08002bd2   0x08002bd2   0x00000016   Code   RO         3287    i.xQueueCreateMutex  queue.o
    0x08002be8   0x08002be8   0x0000001a   Code   RO         3288    i.xQueueCreateMutexStatic  queue.o
    0x08002c02   0x08002c02   0x00000042   Code   RO         3289    i.xQueueGenericCreate  queue.o
    0x08002c44   0x08002c44   0x00000066   Code   RO         3290    i.xQueueGenericCreateStatic  queue.o
    0x08002caa   0x08002caa   0x00000002   PAD
    0x08002cac   0x08002cac   0x00000088   Code   RO         3291    i.xQueueGenericReset  queue.o
    0x08002d34   0x08002d34   0x00000160   Code   RO         3292    i.xQueueGenericSend  queue.o
    0x08002e94   0x08002e94   0x000000be   Code   RO         3293    i.xQueueGenericSendFromISR  queue.o
    0x08002f52   0x08002f52   0x00000002   PAD
    0x08002f54   0x08002f54   0x00000138   Code   RO         3302    i.xQueueReceive     queue.o
    0x0800308c   0x0800308c   0x00000074   Code   RO         3714    i.xTaskCheckForTimeOut  tasks.o
    0x08003100   0x08003100   0x0000005a   Code   RO         3715    i.xTaskCreate       tasks.o
    0x0800315a   0x0800315a   0x00000056   Code   RO         3716    i.xTaskCreateStatic  tasks.o
    0x080031b0   0x080031b0   0x0000001c   Code   RO         3721    i.xTaskGetSchedulerState  tasks.o
    0x080031cc   0x080031cc   0x0000000c   Code   RO         3722    i.xTaskGetTickCount  tasks.o
    0x080031d8   0x080031d8   0x000000c8   Code   RO         3724    i.xTaskIncrementTick  tasks.o
    0x080032a0   0x080032a0   0x00000080   Code   RO         3727    i.xTaskPriorityDisinherit  tasks.o
    0x08003320   0x08003320   0x00000070   Code   RO         3729    i.xTaskRemoveFromEventList  tasks.o
    0x08003390   0x08003390   0x000000c4   Code   RO         3730    i.xTaskResumeAll    tasks.o
    0x08003454   0x08003454   0x00000060   Code   RO         4064    i.xTimerCreateTimerTask  timers.o
    0x080034b4   0x080034b4   0x00000068   Code   RO         4065    i.xTimerGenericCommand  timers.o
    0x0800351c   0x0800351c   0x00000021   Data   RO            9    .constdata          test.o
    0x0800353d   0x0800353d   0x00000003   PAD
    0x08003540   0x08003540   0x00000054   Data   RO          464    .constdata          main.o
    0x08003594   0x08003594   0x00000012   Data   RO          938    .constdata          stm32f1xx_hal_rcc.o
    0x080035a6   0x080035a6   0x00000010   Data   RO         3065    .constdata          system_stm32f1xx.o
    0x080035b6   0x080035b6   0x00000008   Data   RO         3066    .constdata          system_stm32f1xx.o
    0x080035be   0x080035be   0x00000002   PAD
    0x080035c0   0x080035c0   0x00000038   Data   RO          465    .conststring        main.o
    0x080035f8   0x080035f8   0x00000020   Data   RO         4958    Region$$Table       anon$$obj.o


    Execution Region RW_IRAM1 (Exec base: 0x20000000, Load base: 0x08003618, Size: 0x00002380, Max: 0x00005000, ABSOLUTE)

    Exec Addr    Load Addr    Size         Type   Attr      Idx    E Section Name        Object

    0x20000000   0x08003618   0x00000026   Data   RW           11    .data               test.o
    0x20000026   0x0800363e   0x00000002   PAD
    0x20000028   0x08003640   0x00000010   Data   RW          466    .data               main.o
    0x20000038   0x08003650   0x0000000c   Data   RW          775    .data               stm32f1xx_hal.o
    0x20000044   0x0800365c   0x00000004   Data   RW         3067    .data               system_stm32f1xx.o
    0x20000048   0x08003660   0x0000003c   Data   RW         3733    .data               tasks.o
    0x20000084   0x0800369c   0x00000014   Data   RW         4073    .data               timers.o
    0x20000098   0x080036b0   0x00000004   Data   RW         4294    .data               cmsis_os2.o
    0x2000009c   0x080036b4   0x00000020   Data   RW         4732    .data               heap_4.o
    0x200000bc   0x080036d4   0x0000000c   Data   RW         4788    .data               port.o
    0x200000c8        -       0x00000014   Zero   RW            8    .bss                test.o
    0x200000dc        -       0x00000028   Zero   RW          180    .bss                dht11device.o
    0x20000104        -       0x000000fc   Zero   RW          315    .bss                leddevice.o
    0x20000200        -       0x00000018   Zero   RW          395    .bss                ringbufferdevice.o
    0x20000218        -       0x00000090   Zero   RW          463    .bss                main.o
    0x200002a8        -       0x00000040   Zero   RW         3306    .bss                queue.o
    0x200002e8        -       0x000004c4   Zero   RW         3732    .bss                tasks.o
    0x200007ac        -       0x00000118   Zero   RW         4072    .bss                timers.o
    0x200008c4        -       0x000006b8   Zero   RW         4293    .bss                cmsis_os2.o
    0x20000f7c        -       0x00001000   Zero   RW         4731    .bss                heap_4.o
    0x20001f7c   0x080036e0   0x00000004   PAD
    0x20001f80        -       0x00000400   Zero   RW          446    STACK               startup_stm32f103xb.o


==============================================================================

Image component sizes


      Code (inc. data)   RO Data    RW Data    ZI Data      Debug   Object Name

       530         22          0          4       1720      56613   cmsis_os2.o
       900         74          0          0         40      10648   dht11device.o
         0          0          0          0          0      19596   event_groups.o
       472         24          0         32       4096       4791   heap_4.o
       128         22          0          0        252       4516   leddevice.o
       138          0          0          0          0       3426   list.o
       640         50        140         16        144      15494   main.o
       662         70          0         12          0      10813   port.o
      1858         24          0          0         64      23201   queue.o
       172         16          0          0         24       3962   ringbufferdevice.o
        36          8        236          0       1024        776   startup_stm32f103xb.o
       128         24          0         12          0       5341   stm32f1xx_hal.o
       198         14          0          0          0      28967   stm32f1xx_hal_cortex.o
       500         34          0          0          0       3535   stm32f1xx_hal_gpio.o
       256         28          0          0          0       2200   stm32f1xx_hal_msp.o
      1240         84         18          0          0       5148   stm32f1xx_hal_rcc.o
       930         26          0          0          0      10454   stm32f1xx_hal_tim.o
       108         12          0          0          0       2425   stm32f1xx_hal_tim_ex.o
       636          6          0          0          0       4672   stm32f1xx_hal_uart.o
        88         12          0          0          0       9481   stm32f1xx_it.o
         0          0          0          0          0        380   stream_buffer.o
         2          0         24          4          0       1131   system_stm32f1xx.o
      2008        158          0         60       1220      25571   tasks.o
       540         38         33         38         20     431016   test.o
       972         80          0         20        280      29595   timers.o

    ----------------------------------------------------------------------
     13174        826        488        200       8888     713752   Object Totals
         0          0         32          0          0          0   (incl. Generated)
        32          0          5          2          4          0   (incl. Padding)

    ----------------------------------------------------------------------

      Code (inc. data)   RO Data    RW Data    ZI Data      Debug   Library Member Name

         0          0          0          0          0          0   entry.o
         0          0          0          0          0          0   entry10a.o
         0          0          0          0          0          0   entry11a.o
         8          4          0          0          0          0   entry2.o
         4          0          0          0          0          0   entry5.o
         0          0          0          0          0          0   entry7b.o
         0          0          0          0          0          0   entry8b.o
         8          4          0          0          0          0   entry9a.o
        30          0          0          0          0          0   handlers.o
        36          8          0          0          0         68   init.o
        26          0          0          0          0         80   memcmp.o
        36          0          0          0          0         68   memcpya.o
        36          0          0          0          0        108   memseta.o

    ----------------------------------------------------------------------
       186         16          0          0          0        324   Library Totals
         2          0          0          0          0          0   (incl. Padding)

    ----------------------------------------------------------------------

      Code (inc. data)   RO Data    RW Data    ZI Data      Debug   Library Name

       184         16          0          0          0        324   mc_w.l

    ----------------------------------------------------------------------
       186         16          0          0          0        324   Library Totals

    ----------------------------------------------------------------------

==============================================================================


      Code (inc. data)   RO Data    RW Data    ZI Data      Debug   

     13360        842        488        200       8888     706116   Grand Totals
     13360        842        488        200       8888     706116   ELF Image Totals
     13360        842        488        200          0          0   ROM Totals

==============================================================================

    Total RO  Size (Code + RO Data)                13848 (  13.52kB)
    Total RW  Size (RW Data + ZI Data)              9088 (   8.88kB)
    Total ROM Size (Code + RO Data + RW Data)      14048 (  13.72kB)

==============================================================================

