<html>
<body>
<pre>
<h1>�Vision Build Log</h1>
<h2>Tool Versions:</h2>
IDE-Version: ��Vision V5.24.2.0
Copyright (C) 2017 ARM Ltd and ARM Germany GmbH. All rights reserved.
License Information: jk admin, yg, LIC=----
 
Tool Versions:
Toolchain:       MDK-Lite  Version: 5.24.1
Toolchain Path:  D:\32\ARM\ARMCC\Bin
C Compiler:      Armcc.exe V5.06 update 5 (build 528)
Assembler:       Armasm.exe V5.06 update 5 (build 528)
Linker/Locator:  ArmLink.exe V5.06 update 5 (build 528)
Library Manager: ArmAr.exe V5.06 update 5 (build 528)
Hex Converter:   FromElf.exe V5.06 update 5 (build 528)
CPU DLL:         SARMCM3.DLL V5.24.1
Dialog DLL:      DCM.DLL V1.16.0.0
Target DLL:      STLink\ST-LINKIII-KEIL_SWO.dll V3.0.1.0
Dialog DLL:      TCM.DLL V1.32.0.0
 
<h2>Project:</h2>
D:\zhuomian\32project\CubeMXTest\FreeRTOSLearn15_UARTTest\MDK-ARM\FreeRTOSLearn15_UARTTest.uvprojx
Project File Date:  09/26/2026

<h2>Output:</h2>
*** Using Compiler 'V5.06 update 5 (build 528)', folder: 'D:\32\ARM\ARMCC\Bin'
Build target 'FreeRTOSLearn15_UARTTest'
compiling stm32f1xx_it.c...
../Core/Src/stm32f1xx_it.c(242): warning:  #111-D: statement is unreachable
    HAL_UART_IRQHandler(&huart1);
../Core/Src/stm32f1xx_it.c(215): warning:  #550-D: variable "ucRxData"  was set but never used
  	uint8_t ucRxData;					//存当前接收数�?
../Core/Src/stm32f1xx_it.c(216): warning:  #177-D: variable "s_ucCount"  was declared but never referenced
  	static uint8_t s_ucCount;		//存储计数	
../Core/Src/stm32f1xx_it.c: 3 warnings, 0 errors
compiling main.c...
../Core/Src/main.c(109): warning:  #223-D: function "vLedInit" declared implicitly
  	vLedInit();
../Core/Src/main.c(110): warning:  #223-D: function "vDht11Init" declared implicitly
  	vDht11Init();
../Core/Src/main.c(111): warning:  #188-D: enumerated type mixed with another type
  	vLedOFF(0);//板载LED好闪眼睛。。�?
../Core/Src/main.c(392): warning:  #223-D: function "vTaskExecute" declared implicitly
  		vTaskExecute();
../Core/Src/main.c: 4 warnings, 0 errors
linking...
Program Size: Code=13360 RO-data=488 RW-data=200 ZI-data=8888  
FromELF: creating hex file...
"FreeRTOSLearn15_UARTTest\FreeRTOSLearn15_UARTTest.axf" - 0 Error(s), 7 Warning(s).

<h2>Software Packages used:</h2>

Package Vendor: ARM
                http://www.keil.com/pack/ARM.CMSIS.5.0.1.pack
                ARM.CMSIS.5.0.1
                CMSIS (Cortex Microcontroller Software Interface Standard)
   * Component: CORE Version: 5.0.1

Package Vendor: Keil
                http://www.keil.com/pack/Keil.STM32F1xx_DFP.2.2.0.pack
                Keil.STM32F1xx_DFP.2.2.0
                STMicroelectronics STM32F1 Series Device Support, Drivers and Examples

<h2>Collection of Component include folders:</h2>
  .\RTE\_FreeRTOSLearn15_UARTTest
  D:\32\ARM\PACK\ARM\CMSIS\5.0.1\CMSIS\Include
  D:\32\ARM\PACK\Keil\STM32F1xx_DFP\2.2.0\Device\Include

<h2>Collection of Component Files used:</h2>

   * Component: ARM::CMSIS:CORE:5.0.1
Build Time Elapsed:  00:00:01
</pre>
</body>
</html>
