Component: ARM Compiler 5.06 update 5 (build 528) Tool: armlink [4d35e2]

==============================================================================

Section Cross References

    usertask.o(i.fputc) refers to main.o(.bss) for huart1
    usertask.o(i.func1) refers to memseta.o(.text) for __aeabi_memclr4
    usertask.o(i.func1) refers to usertask.o(i.func2) for func2
    usertask.o(i.func2) refers to memseta.o(.text) for __aeabi_memclr4
    usertask.o(i.vPrintTaskInfor) refers to tasks.o(i.xTaskGetHandle) for xTaskGetHandle
    usertask.o(i.vPrintTaskInfor) refers to tasks.o(i.vTaskGetInfo) for vTaskGetInfo
    usertask.o(i.vPrintTaskInfor) refers to printf5.o(i.__0printf$5) for __2printf
    startup_stm32f103xb.o(RESET) refers to startup_stm32f103xb.o(STACK) for __initial_sp
    startup_stm32f103xb.o(RESET) refers to startup_stm32f103xb.o(.text) for Reset_Handler
    startup_stm32f103xb.o(RESET) refers to stm32f1xx_it.o(i.NMI_Handler) for NMI_Handler
    startup_stm32f103xb.o(RESET) refers to stm32f1xx_it.o(i.HardFault_Handler) for HardFault_Handler
    startup_stm32f103xb.o(RESET) refers to stm32f1xx_it.o(i.MemManage_Handler) for MemManage_Handler
    startup_stm32f103xb.o(RESET) refers to stm32f1xx_it.o(i.BusFault_Handler) for BusFault_Handler
    startup_stm32f103xb.o(RESET) refers to stm32f1xx_it.o(i.UsageFault_Handler) for UsageFault_Handler
    startup_stm32f103xb.o(RESET) refers to port.o(.emb_text) for SVC_Handler
    startup_stm32f103xb.o(RESET) refers to stm32f1xx_it.o(i.DebugMon_Handler) for DebugMon_Handler
    startup_stm32f103xb.o(RESET) refers to stm32f1xx_it.o(i.SysTick_Handler) for SysTick_Handler
    startup_stm32f103xb.o(RESET) refers to stm32f1xx_it.o(i.TIM1_UP_IRQHandler) for TIM1_UP_IRQHandler
    startup_stm32f103xb.o(.text) refers to system_stm32f1xx.o(i.SystemInit) for SystemInit
    startup_stm32f103xb.o(.text) refers to entry.o(.ARM.Collect$$$$00000000) for __main
    main.o(i.MX_GPIO_Init) refers to stm32f1xx_hal_gpio.o(i.HAL_GPIO_WritePin) for HAL_GPIO_WritePin
    main.o(i.MX_GPIO_Init) refers to stm32f1xx_hal_gpio.o(i.HAL_GPIO_Init) for HAL_GPIO_Init
    main.o(i.MX_TIM1_Init) refers to stm32f1xx_hal_tim.o(i.HAL_TIM_Base_Init) for HAL_TIM_Base_Init
    main.o(i.MX_TIM1_Init) refers to stm32f1xx_hal_tim.o(i.HAL_TIM_ConfigClockSource) for HAL_TIM_ConfigClockSource
    main.o(i.MX_TIM1_Init) refers to stm32f1xx_hal_tim_ex.o(i.HAL_TIMEx_MasterConfigSynchronization) for HAL_TIMEx_MasterConfigSynchronization
    main.o(i.MX_TIM1_Init) refers to stm32f1xx_hal_tim.o(i.HAL_TIM_Base_Start) for HAL_TIM_Base_Start
    main.o(i.MX_TIM1_Init) refers to main.o(.bss) for .bss
    main.o(i.StartDefaultTask) refers to memseta.o(.text) for __aeabi_memclr4
    main.o(i.StartDefaultTask) refers to usertask.o(i.vPrintTaskInfor) for vPrintTaskInfor
    main.o(i.StartDefaultTask) refers to tasks.o(i.vTaskDelay) for vTaskDelay
    main.o(i.SystemClock_Config) refers to memseta.o(.text) for __aeabi_memclr4
    main.o(i.SystemClock_Config) refers to stm32f1xx_hal_rcc.o(i.HAL_RCC_OscConfig) for HAL_RCC_OscConfig
    main.o(i.SystemClock_Config) refers to stm32f1xx_hal_rcc.o(i.HAL_RCC_ClockConfig) for HAL_RCC_ClockConfig
    main.o(i.main) refers to stm32f1xx_hal.o(i.HAL_Init) for HAL_Init
    main.o(i.main) refers to main.o(i.SystemClock_Config) for SystemClock_Config
    main.o(i.main) refers to main.o(i.MX_GPIO_Init) for MX_GPIO_Init
    main.o(i.main) refers to stm32f1xx_hal_uart.o(i.HAL_UART_Init) for HAL_UART_Init
    main.o(i.main) refers to main.o(i.MX_TIM1_Init) for MX_TIM1_Init
    main.o(i.main) refers to cmsis_os2.o(i.osKernelInitialize) for osKernelInitialize
    main.o(i.main) refers to cmsis_os2.o(i.osThreadNew) for osThreadNew
    main.o(i.main) refers to cmsis_os2.o(i.osKernelStart) for osKernelStart
    main.o(i.main) refers to main.o(.bss) for .bss
    main.o(i.main) refers to main.o(.constdata) for .constdata
    main.o(i.main) refers to main.o(i.StartDefaultTask) for StartDefaultTask
    main.o(i.main) refers to main.o(.data) for .data
    main.o(i.main) refers to main.o(i.StartTask02) for StartTask02
    main.o(i.main) refers to main.o(i.StartTask03) for StartTask03
    main.o(i.main) refers to main.o(i.StartTask01) for StartTask01
    main.o(.constdata) refers to main.o(.conststring) for .conststring
    stm32f1xx_it.o(i.SysTick_Handler) refers to stm32f1xx_hal.o(i.HAL_IncTick) for HAL_IncTick
    stm32f1xx_it.o(i.SysTick_Handler) refers to tasks.o(i.xTaskGetSchedulerState) for xTaskGetSchedulerState
    stm32f1xx_it.o(i.SysTick_Handler) refers to port.o(i.xPortSysTickHandler) for xPortSysTickHandler
    stm32f1xx_it.o(i.TIM1_UP_IRQHandler) refers to stm32f1xx_hal_tim.o(i.HAL_TIM_IRQHandler) for HAL_TIM_IRQHandler
    stm32f1xx_it.o(i.TIM1_UP_IRQHandler) refers to stm32f1xx_it.o(.data) for .data
    stm32f1xx_it.o(i.TIM1_UP_IRQHandler) refers to main.o(.bss) for htim1
[...]
    Removing cmsis_os2.o(i.osDelay), (26 bytes).
    Removing cmsis_os2.o(i.osDelayUntil), (46 bytes).
    Removing cmsis_os2.o(i.osEventFlagsClear), (62 bytes).
    Removing cmsis_os2.o(i.osEventFlagsDelete), (32 bytes).
    Removing cmsis_os2.o(i.osEventFlagsGet), (22 bytes).
    Removing cmsis_os2.o(i.osEventFlagsNew), (44 bytes).
    Removing cmsis_os2.o(i.osEventFlagsSet), (84 bytes).
    Removing cmsis_os2.o(i.osEventFlagsWait), (98 bytes).
    Removing cmsis_os2.o(i.osKernelGetInfo), (60 bytes).
    Removing cmsis_os2.o(i.osKernelGetState), (32 bytes).
    Removing cmsis_os2.o(i.osKernelGetSysTimerCount), (66 bytes).
    Removing cmsis_os2.o(i.osKernelGetSysTimerFreq), (12 bytes).
    Removing cmsis_os2.o(i.osKernelGetTickCount), (14 bytes).
    Removing cmsis_os2.o(i.osKernelGetTickFreq), (6 bytes).
    Removing cmsis_os2.o(i.osKernelLock), (42 bytes).
    Removing cmsis_os2.o(i.osKernelRestoreLock), (66 bytes).
    Removing cmsis_os2.o(i.osKernelUnlock), (58 bytes).
    Removing cmsis_os2.o(i.osMemoryPoolAlloc), (144 bytes).
    Removing cmsis_os2.o(i.osMemoryPoolDelete), (96 bytes).
    Removing cmsis_os2.o(i.osMemoryPoolFree), (184 bytes).
    Removing cmsis_os2.o(i.osMemoryPoolGetBlockSize), (24 bytes).
    Removing cmsis_os2.o(i.osMemoryPoolGetCapacity), (24 bytes).
    Removing cmsis_os2.o(i.osMemoryPoolGetCount), (52 bytes).
    Removing cmsis_os2.o(i.osMemoryPoolGetName), (18 bytes).
    Removing cmsis_os2.o(i.osMemoryPoolGetSpace), (40 bytes).
    Removing cmsis_os2.o(i.osMemoryPoolNew), (228 bytes).
    Removing cmsis_os2.o(i.osMessageQueueDelete), (42 bytes).
    Removing cmsis_os2.o(i.osMessageQueueGet), (100 bytes).
    Removing cmsis_os2.o(i.osMessageQueueGetCapacity), (8 bytes).
    Removing cmsis_os2.o(i.osMessageQueueGetCount), (20 bytes).
    Removing cmsis_os2.o(i.osMessageQueueGetMsgSize), (8 bytes).
    Removing cmsis_os2.o(i.osMessageQueueGetSpace), (44 bytes).
    Removing cmsis_os2.o(i.osMessageQueueNew), (88 bytes).
    Removing cmsis_os2.o(i.osMessageQueuePut), (104 bytes).
    Removing cmsis_os2.o(i.osMessageQueueReset), (34 bytes).
    Removing cmsis_os2.o(i.osMutexAcquire), (82 bytes).
    Removing cmsis_os2.o(i.osMutexDelete), (44 bytes).
    Removing cmsis_os2.o(i.osMutexGetOwner), (20 bytes).
    Removing cmsis_os2.o(i.osMutexNew), (104 bytes).
    Removing cmsis_os2.o(i.osMutexRelease), (66 bytes).
    Removing cmsis_os2.o(i.osSemaphoreAcquire), (92 bytes).
    Removing cmsis_os2.o(i.osSemaphoreDelete), (42 bytes).
    Removing cmsis_os2.o(i.osSemaphoreGetCount), (20 bytes).
    Removing cmsis_os2.o(i.osSemaphoreNew), (152 bytes).
    Removing cmsis_os2.o(i.osSemaphoreRelease), (88 bytes).
    Removing cmsis_os2.o(i.osThreadEnumerate), (98 bytes).
    Removing cmsis_os2.o(i.osThreadExit), (8 bytes).
    Removing cmsis_os2.o(i.osThreadFlagsClear), (78 bytes).
    Removing cmsis_os2.o(i.osThreadFlagsGet), (44 bytes).
    Removing cmsis_os2.o(i.osThreadFlagsSet), (116 bytes).
    Removing cmsis_os2.o(i.osThreadFlagsWait), (150 bytes).
    Removing cmsis_os2.o(i.osThreadGetCount), (14 bytes).
    Removing cmsis_os2.o(i.osThreadGetId), (4 bytes).
    Removing cmsis_os2.o(i.osThreadGetName), (16 bytes).
    Removing cmsis_os2.o(i.osThreadGetPriority), (18 bytes).
    Removing cmsis_os2.o(i.osThreadGetStackSpace), (22 bytes).
    Removing cmsis_os2.o(i.osThreadGetState), (54 bytes).
    Removing cmsis_os2.o(i.osThreadResume), (32 bytes).
    Removing cmsis_os2.o(i.osThreadSetPriority), (40 bytes).
    Removing cmsis_os2.o(i.osThreadSuspend), (32 bytes).
    Removing cmsis_os2.o(i.osThreadTerminate), (52 bytes).
    Removing cmsis_os2.o(i.osThreadYield), (36 bytes).
    Removing cmsis_os2.o(i.osTimerDelete), (68 bytes).
    Removing cmsis_os2.o(i.osTimerGetName), (16 bytes).
    Removing cmsis_os2.o(i.osTimerIsRunning), (16 bytes).
    Removing cmsis_os2.o(i.osTimerNew), (120 bytes).
    Removing cmsis_os2.o(i.osTimerStart), (50 bytes).
    Removing cmsis_os2.o(i.osTimerStop), (68 bytes).
    Removing heap_4.o(i.vPortGetHeapStats), (108 bytes).
    Removing heap_4.o(i.vPortInitialiseBlocks), (2 bytes).
    Removing heap_4.o(i.xPortGetFreeHeapSize), (12 bytes).
    Removing heap_4.o(i.xPortGetMinimumEverFreeHeapSize), (12 bytes).
    Removing port.o(i.vPortEndScheduler), (32 bytes).
    Removing dadd.o(.text), (334 bytes).
    Removing dmul.o(.text), (228 bytes).
    Removing ddiv.o(.text), (222 bytes).
    Removing dfixul.o(.text), (48 bytes).
    Removing cdrcmple.o(.text), (48 bytes).
    Removing depilogue.o(.text), (186 bytes).

593 unused section(s) (total 40582 bytes) removed from the image.

==============================================================================

Image Symbol Table

    Local Symbols

    Symbol Name                              Value     Ov Type        Size  Object(Section)

    ../Core/Src/freertos.c                   0x00000000   Number         0  freertos.o ABSOLUTE
    ../Core/Src/main.c                       0x00000000   Number         0  main.o ABSOLUTE
    ../Core/Src/stm32f1xx_hal_msp.c          0x00000000   Number         0  stm32f1xx_hal_msp.o ABSOLUTE
    ../Core/Src/stm32f1xx_it.c               0x00000000   Number         0  stm32f1xx_it.o ABSOLUTE
    ../Core/Src/system_stm32f1xx.c           0x00000000   Number         0  system_stm32f1xx.o ABSOLUTE
    ../Drivers/STM32F1xx_HAL_Driver/Src/stm32f1xx_hal.c 0x00000000   Number         0  stm32f1xx_hal.o ABSOLUTE
    ../Drivers/STM32F1xx_HAL_Driver/Src/stm32f1xx_hal_cortex.c 0x00000000   Number         0  stm32f1xx_hal_cortex.o ABSOLUTE
    ../Drivers/STM32F1xx_HAL_Driver/Src/stm32f1xx_hal_dma.c 0x00000000   Number         0  stm32f1xx_hal_dma.o ABSOLUTE
    ../Drivers/STM32F1xx_HAL_Driver/Src/stm32f1xx_hal_exti.c 0x00000000   Number         0  stm32f1xx_hal_exti.o ABSOLUTE
    ../Drivers/STM32F1xx_HAL_Driver/Src/stm32f1xx_hal_flash.c 0x00000000   Number         0  stm32f1xx_hal_flash.o ABSOLUTE
    ../Drivers/STM32F1xx_HAL_Driver/Src/stm32f1xx_hal_flash_ex.c 0x00000000   Number         0  stm32f1xx_hal_flash_ex.o ABSOLUTE
    ../Drivers/STM32F1xx_HAL_Driver/Src/stm32f1xx_hal_gpio.c 0x00000000   Number         0  stm32f1xx_hal_gpio.o ABSOLUTE
    ../Drivers/STM32F1xx_HAL_Driver/Src/stm32f1xx_hal_gpio_ex.c 0x00000000   Number         0  stm32f1xx_hal_gpio_ex.o ABSOLUTE
    ../Drivers/STM32F1xx_HAL_Driver/Src/stm32f1xx_hal_pwr.c 0x00000000   Number         0  stm32f1xx_hal_pwr.o ABSOLUTE
    ../Drivers/STM32F1xx_HAL_Driver/Src/stm32f1xx_hal_rcc.c 0x00000000   Number         0  stm32f1xx_hal_rcc.o ABSOLUTE
    ../Drivers/STM32F1xx_HAL_Driver/Src/stm32f1xx_hal_rcc_ex.c 0x00000000   Number         0  stm32f1xx_hal_rcc_ex.o ABSOLUTE
    ../Drivers/STM32F1xx_HAL_Driver/Src/stm32f1xx_hal_tim.c 0x00000000   Number         0  stm32f1xx_hal_tim.o ABSOLUTE
    ../Drivers/STM32F1xx_HAL_Driver/Src/stm32f1xx_hal_tim_ex.c 0x00000000   Number         0  stm32f1xx_hal_tim_ex.o ABSOLUTE
    ../Drivers/STM32F1xx_HAL_Driver/Src/stm32f1xx_hal_uart.c 0x00000000   Number         0  stm32f1xx_hal_uart.o ABSOLUTE
    ../Middlewares/Third_Party/FreeRTOS/Source/CMSIS_RTOS_V2/cmsis_os2.c 0x00000000   Number         0  cmsis_os2.o ABSOLUTE
    ../Middlewares/Third_Party/FreeRTOS/Source/croutine.c 0x00000000   Number         0  croutine.o ABSOLUTE
    ../Middlewares/Third_Party/FreeRTOS/Source/event_groups.c 0x00000000   Number         0  event_groups.o ABSOLUTE
    ../Middlewares/Third_Party/FreeRTOS/Source/list.c 0x00000000   Number         0  list.o ABSOLUTE
    ../Middlewares/Third_Party/FreeRTOS/Source/portable/MemMang/heap_4.c 0x00000000   Number         0  heap_4.o ABSOLUTE
    ../Middlewares/Third_Party/FreeRTOS/Source/portable/RVDS/ARM_CM3/port.c 0x00000000   Number         0  port.o ABSOLUTE
    ../Middlewares/Third_Party/FreeRTOS/Source/queue.c 0x00000000   Number         0  queue.o ABSOLUTE
    ../Middlewares/Third_Party/FreeRTOS/Source/stream_buffer.c 0x00000000   Number         0  stream_buffer.o ABSOLUTE
    ../Middlewares/Third_Party/FreeRTOS/Source/tasks.c 0x00000000   Number         0  tasks.o ABSOLUTE
    ../Middlewares/Third_Party/FreeRTOS/Source/timers.c 0x00000000   Number         0  timers.o ABSOLUTE
    ../clib/microlib/division.c              0x00000000   Number         0  uldiv.o ABSOLUTE
    ../clib/microlib/division.c              0x00000000   Number         0  uidiv.o ABSOLUTE
    ../clib/microlib/init/entry.s            0x00000000   Number         0  entry8a.o ABSOLUTE
    ../clib/microlib/init/entry.s            0x00000000   Number         0  entry11b.o ABSOLUTE
    ../clib/microlib/init/entry.s            0x00000000   Number         0  entry11a.o ABSOLUTE
    ../clib/microlib/init/entry.s            0x00000000   Number         0  entry10a.o ABSOLUTE
    ../clib/microlib/init/entry.s            0x00000000   Number         0  entry10b.o ABSOLUTE
    ../clib/microlib/init/entry.s            0x00000000   Number         0  entry8b.o ABSOLUTE
    ../clib/microlib/init/entry.s            0x00000000   Number         0  entry9b.o ABSOLUTE
    ../clib/microlib/init/entry.s            0x00000000   Number         0  entry.o ABSOLUTE
    ../clib/microlib/init/entry.s            0x00000000   Number         0  entry2.o ABSOLUTE
    ../clib/microlib/init/entry.s            0x00000000   Number         0  entry9a.o ABSOLUTE
    ../clib/microlib/init/entry.s            0x00000000   Number         0  entry5.o ABSOLUTE
    ../clib/microlib/init/entry.s            0x00000000   Number         0  entry7a.o ABSOLUTE
    ../clib/microlib/init/entry.s            0x00000000   Number         0  entry7b.o ABSOLUTE
    ../clib/microlib/longlong.c              0x00000000   Number         0  llushr.o ABSOLUTE
    ../clib/microlib/longlong.c              0x00000000   Number         0  llshl.o ABSOLUTE
    ../clib/microlib/longlong.c              0x00000000   Number         0  llsshr.o ABSOLUTE
    ../clib/microlib/printf/printf.c         0x00000000   Number         0  printf2.o ABSOLUTE
    ../clib/microlib/printf/printf.c         0x00000000   Number         0  printf8.o ABSOLUTE
    ../clib/microlib/printf/printf.c         0x00000000   Number         0  printf0.o ABSOLUTE
    ../clib/microlib/printf/printf.c         0x00000000   Number         0  printf1.o ABSOLUTE
    ../clib/microlib/printf/printf.c         0x00000000   Number         0  printfb.o ABSOLUTE
    ../clib/microlib/printf/printf.c         0x00000000   Number         0  printfa.o ABSOLUTE
    ../clib/microlib/printf/printf.c         0x00000000   Number         0  printf7.o ABSOLUTE
    ../clib/microlib/printf/printf.c         0x00000000   Number         0  printf6.o ABSOLUTE
    ../clib/microlib/printf/printf.c         0x00000000   Number         0  printf3.o ABSOLUTE
    ../clib/microlib/printf/printf.c         0x00000000   Number         0  printf4.o ABSOLUTE
    ../clib/microlib/printf/printf.c         0x00000000   Number         0  printf5.o ABSOLUTE
    ../clib/microlib/printf/stubs.s          0x00000000   Number         0  stubs.o ABSOLUTE
    ../clib/microlib/stdio/streams.c         0x00000000   Number         0  stdout.o ABSOLUTE
    ../clib/microlib/string/memcpy.c         0x00000000   Number         0  memcpyb.o ABSOLUTE
    ../clib/microlib/string/memcpy.c         0x00000000   Number         0  memcpya.o ABSOLUTE
    ../clib/microlib/string/memset.c         0x00000000   Number         0  memseta.o ABSOLUTE
    ../clib/microlib/string/memset.c         0x00000000   Number         0  memset.o ABSOLUTE
    ../clib/microlib/string/strlen.c         0x00000000   Number         0  strlen.o ABSOLUTE
    ../clib/microlib/stubs.s                 0x00000000   Number         0  iusefp.o ABSOLUTE
    ../fplib/microlib/fpadd.c                0x00000000   Number         0  dadd.o ABSOLUTE
    ../fplib/microlib/fpdiv.c                0x00000000   Number         0  ddiv.o ABSOLUTE
    ../fplib/microlib/fpepilogue.c           0x00000000   Number         0  depilogue.o ABSOLUTE
    ../fplib/microlib/fpfix.c                0x00000000   Number         0  dfixul.o ABSOLUTE
    ../fplib/microlib/fpmul.c                0x00000000   Number         0  dmul.o ABSOLUTE
    ..\Core\Src\freertos.c                   0x00000000   Number         0  freertos.o ABSOLUTE
    ..\Core\Src\main.c                       0x00000000   Number         0  main.o ABSOLUTE
    ..\Core\Src\stm32f1xx_hal_msp.c          0x00000000   Number         0  stm32f1xx_hal_msp.o ABSOLUTE
    ..\Core\Src\stm32f1xx_it.c               0x00000000   Number         0  stm32f1xx_it.o ABSOLUTE
    ..\Core\Src\system_stm32f1xx.c           0x00000000   Number         0  system_stm32f1xx.o ABSOLUTE
    ..\Drivers\STM32F1xx_HAL_Driver\Src\stm32f1xx_hal.c 0x00000000   Number         0  stm32f1xx_hal.o ABSOLUTE
    ..\Drivers\STM32F1xx_HAL_Driver\Src\stm32f1xx_hal_cortex.c 0x00000000   Number         0  stm32f1xx_hal_cortex.o ABSOLUTE
    ..\Drivers\STM32F1xx_HAL_Driver\Src\stm32f1xx_hal_dma.c 0x00000000   Number         0  stm32f1xx_hal_dma.o ABSOLUTE
    ..\Drivers\STM32F1xx_HAL_Driver\Src\stm32f1xx_hal_exti.c 0x00000000   Number         0  stm32f1xx_hal_exti.o ABSOLUTE
    ..\Drivers\STM32F1xx_HAL_Driver\Src\stm32f1xx_hal_flash.c 0x00000000   Number         0  stm32f1xx_hal_flash.o ABSOLUTE
    ..\Drivers\STM32F1xx_HAL_Driver\Src\stm32f1xx_hal_flash_ex.c 0x00000000   Number         0  stm32f1xx_hal_flash_ex.o ABSOLUTE
    ..\Drivers\STM32F1xx_HAL_Driver\Src\stm32f1xx_hal_gpio.c 0x00000000   Number         0  stm32f1xx_hal_gpio.o ABSOLUTE
    ..\Drivers\STM32F1xx_HAL_Driver\Src\stm32f1xx_hal_gpio_ex.c 0x00000000   Number         0  stm32f1xx_hal_gpio_ex.o ABSOLUTE
    ..\Drivers\STM32F1xx_HAL_Driver\Src\stm32f1xx_hal_pwr.c 0x00000000   Number         0  stm32f1xx_hal_pwr.o ABSOLUTE
    ..\Drivers\STM32F1xx_HAL_Driver\Src\stm32f1xx_hal_rcc.c 0x00000000   Number         0  stm32f1xx_hal_rcc.o ABSOLUTE
    ..\Drivers\STM32F1xx_HAL_Driver\Src\stm32f1xx_hal_rcc_ex.c 0x00000000   Number         0  stm32f1xx_hal_rcc_ex.o ABSOLUTE
    ..\Drivers\STM32F1xx_HAL_Driver\Src\stm32f1xx_hal_tim.c 0x00000000   Number         0  stm32f1xx_hal_tim.o ABSOLUTE
    ..\Drivers\STM32F1xx_HAL_Driver\Src\stm32f1xx_hal_tim_ex.c 0x00000000   Number         0  stm32f1xx_hal_tim_ex.o ABSOLUTE
    ..\Drivers\STM32F1xx_HAL_Driver\Src\stm32f1xx_hal_uart.c 0x00000000   Number         0  stm32f1xx_hal_uart.o ABSOLUTE
    ..\Middlewares\Third_Party\FreeRTOS\Source\CMSIS_RTOS_V2\cmsis_os2.c 0x00000000   Number         0  cmsis_os2.o ABSOLUTE
    ..\Middlewares\Third_Party\FreeRTOS\Source\portable\RVDS\ARM_CM3\port.c 0x00000000   Number         0  port.o ABSOLUTE
    ..\User\UserTask.c                       0x00000000   Number         0  usertask.o ABSOLUTE
    ..\\User\\UserTask.c                     0x00000000   Number         0  usertask.o ABSOLUTE
    cdrcmple.s                               0x00000000   Number         0  cdrcmple.o ABSOLUTE
    dc.s                                     0x00000000   Number         0  dc.o ABSOLUTE
    handlers.s                               0x00000000   Number         0  handlers.o ABSOLUTE
    init.s                                   0x00000000   Number         0  init.o ABSOLUTE
    startup_stm32f103xb.s                    0x00000000   Number         0  startup_stm32f103xb.o ABSOLUTE
    RESET                                    0x08000000   Section      236  startup_stm32f103xb.o(RESET)
    .ARM.Collect$$$$00000000                 0x080000ec   Section        0  entry.o(.ARM.Collect$$$$00000000)
    .ARM.Collect$$$$00000001                 0x080000ec   Section        4  entry2.o(.ARM.Collect$$$$00000001)
    .ARM.Collect$$$$00000004                 0x080000f0   Section        4  entry5.o(.ARM.Collect$$$$00000004)
    .ARM.Collect$$$$00000008                 0x080000f4   Section        0  entry7b.o(.ARM.Collect$$$$00000008)
    .ARM.Collect$$$$0000000A                 0x080000f4   Section        0  entry8b.o(.ARM.Collect$$$$0000000A)
    .ARM.Collect$$$$0000000B                 0x080000f4   Section        8  entry9a.o(.ARM.Collect$$$$0000000B)
    .ARM.Collect$$$$0000000D                 0x080000fc   Section        0  entry10a.o(.ARM.Collect$$$$0000000D)
    .ARM.Collect$$$$0000000F                 0x080000fc   Section        0  entry11a.o(.ARM.Collect$$$$0000000F)
    .ARM.Collect$$$$00002712                 0x080000fc   Section        4  entry2.o(.ARM.Collect$$$$00002712)
    __lit__00000000                          0x080000fc   Data           4  entry2.o(.ARM.Collect$$$$00002712)
    .emb_text                                0x08000100   Section      150  port.o(.emb_text)
    .text                                    0x08000198   Section       36  startup_stm32f103xb.o(.text)
    .text                                    0x080001bc   Section        0  llushr.o(.text)
    .text                                    0x080001dc   Section        0  memcpya.o(.text)
    .text                                    0x08000200   Section        0  memseta.o(.text)
    .text                                    0x08000224   Section        0  strlen.o(.text)
    .text                                    0x08000232   Section        0  uldiv.o(.text)
    .text                                    0x08000294   Section       36  init.o(.text)
    .text                                    0x080002b8   Section        0  llshl.o(.text)
    i.BusFault_Handler                       0x080002d6   Section        0  stm32f1xx_it.o(i.BusFault_Handler)
    i.DebugMon_Handler                       0x080002d8   Section        0  stm32f1xx_it.o(i.DebugMon_Handler)
    i.HAL_GPIO_Init                          0x080002dc   Section        0  stm32f1xx_hal_gpio.o(i.HAL_GPIO_Init)
    i.HAL_GPIO_WritePin                      0x080004bc   Section        0  stm32f1xx_hal_gpio.o(i.HAL_GPIO_WritePin)
    i.HAL_GetTick                            0x080004c8   Section        0  stm32f1xx_hal.o(i.HAL_GetTick)
    i.HAL_IncTick                            0x080004d4   Section        0  stm32f1xx_hal.o(i.HAL_IncTick)
    i.HAL_Init                               0x080004e4   Section        0  stm32f1xx_hal.o(i.HAL_Init)
    i.HAL_InitTick                           0x08000508   Section        0  stm32f1xx_hal.o(i.HAL_InitTick)
    i.HAL_MspInit                            0x08000548   Section        0  stm32f1xx_hal_msp.o(i.HAL_MspInit)
    i.HAL_NVIC_EnableIRQ                     0x08000590   Section        0  stm32f1xx_hal_cortex.o(i.HAL_NVIC_EnableIRQ)
    i.HAL_NVIC_SetPriority                   0x080005ac   Section        0  stm32f1xx_hal_cortex.o(i.HAL_NVIC_SetPriority)
    i.HAL_NVIC_SetPriorityGrouping           0x080005ec   Section        0  stm32f1xx_hal_cortex.o(i.HAL_NVIC_SetPriorityGrouping)
    i.HAL_RCC_ClockConfig                    0x08000610   Section        0  stm32f1xx_hal_rcc.o(i.HAL_RCC_ClockConfig)
    i.HAL_RCC_GetPCLK1Freq                   0x0800073c   Section        0  stm32f1xx_hal_rcc.o(i.HAL_RCC_GetPCLK1Freq)
    i.HAL_RCC_GetPCLK2Freq                   0x0800075c   Section        0  stm32f1xx_hal_rcc.o(i.HAL_RCC_GetPCLK2Freq)
    i.HAL_RCC_GetSysClockFreq                0x0800077c   Section        0  stm32f1xx_hal_rcc.o(i.HAL_RCC_GetSysClockFreq)
    i.HAL_RCC_OscConfig                      0x080007c8   Section        0  stm32f1xx_hal_rcc.o(i.HAL_RCC_OscConfig)
    i.HAL_SYSTICK_Config                     0x08000ae8   Section        0  stm32f1xx_hal_cortex.o(i.HAL_SYSTICK_Config)
    i.HAL_TIMEx_BreakCallback                0x08000b10   Section        0  stm32f1xx_hal_tim_ex.o(i.HAL_TIMEx_BreakCallback)
    i.HAL_TIMEx_CommutCallback               0x08000b12   Section        0  stm32f1xx_hal_tim_ex.o(i.HAL_TIMEx_CommutCallback)
    i.HAL_TIMEx_MasterConfigSynchronization  0x08000b14   Section        0  stm32f1xx_hal_tim_ex.o(i.HAL_TIMEx_MasterConfigSynchronization)
    i.HAL_TIM_Base_Init                      0x08000b7c   Section        0  stm32f1xx_hal_tim.o(i.HAL_TIM_Base_Init)
    i.HAL_TIM_Base_MspInit                   0x08000bd8   Section        0  stm32f1xx_hal_msp.o(i.HAL_TIM_Base_MspInit)
    i.HAL_TIM_Base_Start                     0x08000c14   Section        0  stm32f1xx_hal_tim.o(i.HAL_TIM_Base_Start)
    i.HAL_TIM_ConfigClockSource              0x08000c64   Section        0  stm32f1xx_hal_tim.o(i.HAL_TIM_ConfigClockSource)
    i.HAL_TIM_IC_CaptureCallback             0x08000d40   Section        0  stm32f1xx_hal_tim.o(i.HAL_TIM_IC_CaptureCallback)
    i.HAL_TIM_IRQHandler                     0x08000d42   Section        0  stm32f1xx_hal_tim.o(i.HAL_TIM_IRQHandler)
    i.HAL_TIM_OC_DelayElapsedCallback        0x08000e72   Section        0  stm32f1xx_hal_tim.o(i.HAL_TIM_OC_DelayElapsedCallback)
    i.HAL_TIM_PWM_PulseFinishedCallback      0x08000e74   Section        0  stm32f1xx_hal_tim.o(i.HAL_TIM_PWM_PulseFinishedCallback)
    i.HAL_TIM_PeriodElapsedCallback          0x08000e76   Section        0  stm32f1xx_hal_tim.o(i.HAL_TIM_PeriodElapsedCallback)
    i.HAL_TIM_TriggerCallback                0x08000e78   Section        0  stm32f1xx_hal_tim.o(i.HAL_TIM_TriggerCallback)
    i.HAL_UART_Init                          0x08000e7a   Section        0  stm32f1xx_hal_uart.o(i.HAL_UART_Init)
    i.HAL_UART_MspInit                       0x08000ee0   Section        0  stm32f1xx_hal_msp.o(i.HAL_UART_MspInit)
    i.HardFault_Handler                      0x08000f50   Section        0  stm32f1xx_it.o(i.HardFault_Handler)
    i.MX_GPIO_Init                           0x08000f54   Section        0  main.o(i.MX_GPIO_Init)
    MX_GPIO_Init                             0x08000f55   Thumb Code   118  main.o(i.MX_GPIO_Init)
    i.MX_TIM1_Init                           0x08000fd8   Section        0  main.o(i.MX_TIM1_Init)
    MX_TIM1_Init                             0x08000fd9   Thumb Code   112  main.o(i.MX_TIM1_Init)
    i.MemManage_Handler                      0x08001050   Section        0  stm32f1xx_it.o(i.MemManage_Handler)
    i.NMI_Handler                            0x08001052   Section        0  stm32f1xx_it.o(i.NMI_Handler)
    i.StartDefaultTask                       0x08001054   Section        0  main.o(i.StartDefaultTask)
    i.StartTask01                            0x080010e4   Section        0  main.o(i.StartTask01)
    i.StartTask02                            0x080010e6   Section        0  main.o(i.StartTask02)
    i.StartTask03                            0x080010e8   Section        0  main.o(i.StartTask03)
    i.SysTick_Handler                        0x080010ea   Section        0  stm32f1xx_it.o(i.SysTick_Handler)
    i.SystemClock_Config                     0x08001102   Section        0  main.o(i.SystemClock_Config)
    i.SystemInit                             0x08001160   Section        0  system_stm32f1xx.o(i.SystemInit)
    i.TIM1_UP_IRQHandler                     0x08001164   Section        0  stm32f1xx_it.o(i.TIM1_UP_IRQHandler)
    i.TIM_Base_SetConfig                     0x080011ac   Section        0  stm32f1xx_hal_tim.o(i.TIM_Base_SetConfig)
    i.TIM_ETR_SetConfig                      0x08001224   Section        0  stm32f1xx_hal_tim.o(i.TIM_ETR_SetConfig)
    i.TIM_ITRx_SetConfig                     0x08001238   Section        0  stm32f1xx_hal_tim.o(i.TIM_ITRx_SetConfig)
    TIM_ITRx_SetConfig                       0x08001239   Thumb Code    16  stm32f1xx_hal_tim.o(i.TIM_ITRx_SetConfig)
    i.TIM_TI1_ConfigInputStage               0x08001248   Section        0  stm32f1xx_hal_tim.o(i.TIM_TI1_ConfigInputStage)
    TIM_TI1_ConfigInputStage                 0x08001249   Thumb Code    34  stm32f1xx_hal_tim.o(i.TIM_TI1_ConfigInputStage)
    i.TIM_TI2_ConfigInputStage               0x0800126a   Section        0  stm32f1xx_hal_tim.o(i.TIM_TI2_ConfigInputStage)
    TIM_TI2_ConfigInputStage                 0x0800126b   Thumb Code    36  stm32f1xx_hal_tim.o(i.TIM_TI2_ConfigInputStage)
    i.UART_SetConfig                         0x08001290   Section        0  stm32f1xx_hal_uart.o(i.UART_SetConfig)
    UART_SetConfig                           0x08001291   Thumb Code   178  stm32f1xx_hal_uart.o(i.UART_SetConfig)
    i.UsageFault_Handler                     0x08001348   Section        0  stm32f1xx_it.o(i.UsageFault_Handler)
    i.__0printf$5                            0x0800134c   Section        0  printf5.o(i.__0printf$5)
    i.__NVIC_SetPriority                     0x0800136c   Section        0  stm32f1xx_hal_cortex.o(i.__NVIC_SetPriority)
    __NVIC_SetPriority                       0x0800136d   Thumb Code    32  stm32f1xx_hal_cortex.o(i.__NVIC_SetPriority)
    i.__scatterload_copy                     0x0800138c   Section       14  handlers.o(i.__scatterload_copy)
    i.__scatterload_null                     0x0800139a   Section        2  handlers.o(i.__scatterload_null)
    i.__scatterload_zeroinit                 0x0800139c   Section       14  handlers.o(i.__scatterload_zeroinit)
    i._printf_core                           0x080013ac   Section        0  printf5.o(i._printf_core)
    _printf_core                             0x080013ad   Thumb Code   658  printf5.o(i._printf_core)
    i.eTaskGetState                          0x0800166c   Section        0  tasks.o(i.eTaskGetState)
    i.fputc                                  0x080016e0   Section        0  usertask.o(i.fputc)
    i.main                                   0x080016f4   Section        0  main.o(i.main)
    i.osKernelInitialize                     0x0800178c   Section        0  cmsis_os2.o(i.osKernelInitialize)
    i.osKernelStart                          0x080017b0   Section        0  cmsis_os2.o(i.osKernelStart)
    i.osThreadNew                            0x080017e8   Section        0  cmsis_os2.o(i.osThreadNew)
    i.prvAddCurrentTaskToDelayedList         0x08001874   Section        0  tasks.o(i.prvAddCurrentTaskToDelayedList)
    prvAddCurrentTaskToDelayedList           0x08001875   Thumb Code    84  tasks.o(i.prvAddCurrentTaskToDelayedList)
    i.prvAddNewTaskToReadyList               0x080018d0   Section        0  tasks.o(i.prvAddNewTaskToReadyList)
    prvAddNewTaskToReadyList                 0x080018d1   Thumb Code   190  tasks.o(i.prvAddNewTaskToReadyList)
    i.prvCheckForValidListAndQueue           0x080019a0   Section        0  timers.o(i.prvCheckForValidListAndQueue)
    prvCheckForValidListAndQueue             0x080019a1   Thumb Code    72  timers.o(i.prvCheckForValidListAndQueue)
    i.prvCopyDataFromQueue                   0x080019f8   Section        0  queue.o(i.prvCopyDataFromQueue)
    prvCopyDataFromQueue                     0x080019f9   Thumb Code    38  queue.o(i.prvCopyDataFromQueue)
    i.prvCopyDataToQueue                     0x08001a1e   Section        0  queue.o(i.prvCopyDataToQueue)
    prvCopyDataToQueue                       0x08001a1f   Thumb Code   108  queue.o(i.prvCopyDataToQueue)
    i.prvDeleteTCB                           0x08001a8a   Section        0  tasks.o(i.prvDeleteTCB)
    prvDeleteTCB                             0x08001a8b   Thumb Code    52  tasks.o(i.prvDeleteTCB)
    i.prvHeapInit                            0x08001ac0   Section        0  heap_4.o(i.prvHeapInit)
    prvHeapInit                              0x08001ac1   Thumb Code    66  heap_4.o(i.prvHeapInit)
    i.prvIdleTask                            0x08001b0c   Section        0  tasks.o(i.prvIdleTask)
    prvIdleTask                              0x08001b0d   Thumb Code    82  tasks.o(i.prvIdleTask)
    i.prvInitialiseNewQueue                  0x08001b6c   Section        0  queue.o(i.prvInitialiseNewQueue)
    prvInitialiseNewQueue                    0x08001b6d   Thumb Code    34  queue.o(i.prvInitialiseNewQueue)
    i.prvInitialiseNewTask                   0x08001b90   Section        0  tasks.o(i.prvInitialiseNewTask)
    prvInitialiseNewTask                     0x08001b91   Thumb Code   176  tasks.o(i.prvInitialiseNewTask)
    i.prvInsertBlockIntoFreeList             0x08001c40   Section        0  heap_4.o(i.prvInsertBlockIntoFreeList)
    prvInsertBlockIntoFreeList               0x08001c41   Thumb Code    72  heap_4.o(i.prvInsertBlockIntoFreeList)
    i.prvInsertTimerInActiveList             0x08001c8c   Section        0  timers.o(i.prvInsertTimerInActiveList)
    prvInsertTimerInActiveList               0x08001c8d   Thumb Code    52  timers.o(i.prvInsertTimerInActiveList)
    i.prvIsQueueEmpty                        0x08001cc4   Section        0  queue.o(i.prvIsQueueEmpty)
    prvIsQueueEmpty                          0x08001cc5   Thumb Code    28  queue.o(i.prvIsQueueEmpty)
    i.prvProcessReceivedCommands             0x08001ce0   Section        0  timers.o(i.prvProcessReceivedCommands)
    prvProcessReceivedCommands               0x08001ce1   Thumb Code   248  timers.o(i.prvProcessReceivedCommands)
    i.prvProcessTimerOrBlockTask             0x08001ddc   Section        0  timers.o(i.prvProcessTimerOrBlockTask)
    prvProcessTimerOrBlockTask               0x08001ddd   Thumb Code   182  timers.o(i.prvProcessTimerOrBlockTask)
    i.prvResetNextTaskUnblockTime            0x08001e9c   Section        0  tasks.o(i.prvResetNextTaskUnblockTime)
    prvResetNextTaskUnblockTime              0x08001e9d   Thumb Code    26  tasks.o(i.prvResetNextTaskUnblockTime)
    i.prvSampleTimeNow                       0x08001ebc   Section        0  timers.o(i.prvSampleTimeNow)
    prvSampleTimeNow                         0x08001ebd   Thumb Code    36  timers.o(i.prvSampleTimeNow)
    i.prvSearchForNameWithinSingleList       0x08001ee4   Section        0  tasks.o(i.prvSearchForNameWithinSingleList)
    prvSearchForNameWithinSingleList         0x08001ee5   Thumb Code    88  tasks.o(i.prvSearchForNameWithinSingleList)
    i.prvSwitchTimerLists                    0x08001f3c   Section        0  timers.o(i.prvSwitchTimerLists)
    prvSwitchTimerLists                      0x08001f3d   Thumb Code   104  timers.o(i.prvSwitchTimerLists)
    i.prvTaskCheckFreeStackSpace             0x08001fa8   Section        0  tasks.o(i.prvTaskCheckFreeStackSpace)
    prvTaskCheckFreeStackSpace               0x08001fa9   Thumb Code    20  tasks.o(i.prvTaskCheckFreeStackSpace)
    i.prvTaskExitError                       0x08001fbc   Section        0  port.o(i.prvTaskExitError)
    prvTaskExitError                         0x08001fbd   Thumb Code    36  port.o(i.prvTaskExitError)
    i.prvTimerTask                           0x08001fe4   Section        0  timers.o(i.prvTimerTask)
    prvTimerTask                             0x08001fe5   Thumb Code    32  timers.o(i.prvTimerTask)
    i.prvUnlockQueue                         0x08002008   Section        0  queue.o(i.prvUnlockQueue)
    prvUnlockQueue                           0x08002009   Thumb Code   106  queue.o(i.prvUnlockQueue)
    i.pvPortMalloc                           0x08002074   Section        0  heap_4.o(i.pvPortMalloc)
    i.pxPortInitialiseStack                  0x08002150   Section        0  port.o(i.pxPortInitialiseStack)
    i.uxListRemove                           0x08002174   Section        0  list.o(i.uxListRemove)
    i.vApplicationGetIdleTaskMemory          0x0800219c   Section        0  cmsis_os2.o(i.vApplicationGetIdleTaskMemory)
    i.vApplicationGetTimerTaskMemory         0x080021b0   Section        0  cmsis_os2.o(i.vApplicationGetTimerTaskMemory)
    i.vListInitialise                        0x080021c8   Section        0  list.o(i.vListInitialise)
    i.vListInitialiseItem                    0x080021de   Section        0  list.o(i.vListInitialiseItem)
    i.vListInsert                            0x080021e4   Section        0  list.o(i.vListInsert)
    i.vListInsertEnd                         0x08002214   Section        0  list.o(i.vListInsertEnd)
    i.vPortEnterCritical                     0x0800222c   Section        0  port.o(i.vPortEnterCritical)
    i.vPortExitCritical                      0x0800226c   Section        0  port.o(i.vPortExitCritical)
    i.vPortFree                              0x08002294   Section        0  heap_4.o(i.vPortFree)
    i.vPortSetupTimerInterrupt               0x080022f8   Section        0  port.o(i.vPortSetupTimerInterrupt)
    i.vPortValidateInterruptPriority         0x0800231c   Section        0  port.o(i.vPortValidateInterruptPriority)
    i.vPrintTaskInfor                        0x08002370   Section        0  usertask.o(i.vPrintTaskInfor)
    i.vQueueAddToRegistry                    0x08002488   Section        0  queue.o(i.vQueueAddToRegistry)
    i.vQueueWaitForMessageRestricted         0x080024b0   Section        0  queue.o(i.vQueueWaitForMessageRestricted)
    i.vTaskDelay                             0x080024f4   Section        0  tasks.o(i.vTaskDelay)
    i.vTaskGetInfo                           0x08002540   Section        0  tasks.o(i.vTaskGetInfo)
    i.vTaskInternalSetTimeOutState           0x080025b4   Section        0  tasks.o(i.vTaskInternalSetTimeOutState)
    i.vTaskMissedYield                       0x080025c4   Section        0  tasks.o(i.vTaskMissedYield)
    i.vTaskPlaceOnEventList                  0x080025d0   Section        0  tasks.o(i.vTaskPlaceOnEventList)
    i.vTaskPlaceOnEventListRestricted        0x08002600   Section        0  tasks.o(i.vTaskPlaceOnEventListRestricted)
    i.vTaskStartScheduler                    0x08002638   Section        0  tasks.o(i.vTaskStartScheduler)
    i.vTaskSuspendAll                        0x080026c0   Section        0  tasks.o(i.vTaskSuspendAll)
    i.vTaskSwitchContext                     0x080026d0   Section        0  tasks.o(i.vTaskSwitchContext)
    i.xPortStartScheduler                    0x08002734   Section        0  port.o(i.xPortStartScheduler)
    i.xPortSysTickHandler                    0x080027dc   Section        0  port.o(i.xPortSysTickHandler)
    i.xQueueGenericCreateStatic              0x08002808   Section        0  queue.o(i.xQueueGenericCreateStatic)
    i.xQueueGenericReset                     0x08002870   Section        0  queue.o(i.xQueueGenericReset)
    i.xQueueGenericSend                      0x080028f8   Section        0  queue.o(i.xQueueGenericSend)
    i.xQueueGenericSendFromISR               0x08002a58   Section        0  queue.o(i.xQueueGenericSendFromISR)
    i.xQueueReceive                          0x08002b18   Section        0  queue.o(i.xQueueReceive)
    i.xTaskCheckForTimeOut                   0x08002c50   Section        0  tasks.o(i.xTaskCheckForTimeOut)
    i.xTaskCreate                            0x08002cc4   Section        0  tasks.o(i.xTaskCreate)
    i.xTaskCreateStatic                      0x08002d1e   Section        0  tasks.o(i.xTaskCreateStatic)
    i.xTaskGetHandle                         0x08002d74   Section        0  tasks.o(i.xTaskGetHandle)
    i.xTaskGetSchedulerState                 0x08002dfc   Section        0  tasks.o(i.xTaskGetSchedulerState)
    i.xTaskGetTickCount                      0x08002e18   Section        0  tasks.o(i.xTaskGetTickCount)
    i.xTaskIncrementTick                     0x08002e24   Section        0  tasks.o(i.xTaskIncrementTick)
    i.xTaskPriorityDisinherit                0x08002eec   Section        0  tasks.o(i.xTaskPriorityDisinherit)
    i.xTaskRemoveFromEventList               0x08002f6c   Section        0  tasks.o(i.xTaskRemoveFromEventList)
    i.xTaskResumeAll                         0x08002fdc   Section        0  tasks.o(i.xTaskResumeAll)
    i.xTimerCreateTimerTask                  0x080030a0   Section        0  timers.o(i.xTimerCreateTimerTask)
    i.xTimerGenericCommand                   0x08003100   Section        0  timers.o(i.xTimerGenericCommand)
    .constdata                               0x08003168   Section      144  main.o(.constdata)
    .constdata                               0x080031f8   Section       18  stm32f1xx_hal_rcc.o(.constdata)
    aPredivFactorTable                       0x080031f8   Data           2  stm32f1xx_hal_rcc.o(.constdata)
    aPLLMULFactorTable                       0x080031fa   Data          16  stm32f1xx_hal_rcc.o(.constdata)
    .constdata                               0x0800320a   Section       16  system_stm32f1xx.o(.constdata)
    .constdata                               0x0800321a   Section        8  system_stm32f1xx.o(.constdata)
    .conststring                             0x08003224   Section       48  main.o(.conststring)
    .data                                    0x20000000   Section       16  main.o(.data)
    .data                                    0x20000010   Section       16  stm32f1xx_it.o(.data)
    .data                                    0x20000020   Section       12  stm32f1xx_hal.o(.data)
    .data                                    0x2000002c   Section        4  system_stm32f1xx.o(.data)
    .data                                    0x20000030   Section       60  tasks.o(.data)
    uxDeletedTasksWaitingCleanUp             0x20000034   Data           4  tasks.o(.data)
    uxCurrentNumberOfTasks                   0x20000038   Data           4  tasks.o(.data)
    xTickCount                               0x2000003c   Data           4  tasks.o(.data)
    uxTopReadyPriority                       0x20000040   Data           4  tasks.o(.data)
    xSchedulerRunning                        0x20000044   Data           4  tasks.o(.data)
    xPendedTicks                             0x20000048   Data           4  tasks.o(.data)
    xYieldPending                            0x2000004c   Data           4  tasks.o(.data)
    xNumOfOverflows                          0x20000050   Data           4  tasks.o(.data)
    uxTaskNumber                             0x20000054   Data           4  tasks.o(.data)
    xNextTaskUnblockTime                     0x20000058   Data           4  tasks.o(.data)
    xIdleTaskHandle                          0x2000005c   Data           4  tasks.o(.data)
    uxSchedulerSuspended                     0x20000060   Data           4  tasks.o(.data)
    pxDelayedTaskList                        0x20000064   Data           4  tasks.o(.data)
    pxOverflowDelayedTaskList                0x20000068   Data           4  tasks.o(.data)
    .data                                    0x2000006c   Section       20  timers.o(.data)
    xTimerQueue                              0x2000006c   Data           4  timers.o(.data)
    xTimerTaskHandle                         0x20000070   Data           4  timers.o(.data)
    xLastTime                                0x20000074   Data           4  timers.o(.data)
    pxCurrentTimerList                       0x20000078   Data           4  timers.o(.data)
    pxOverflowTimerList                      0x2000007c   Data           4  timers.o(.data)
    .data                                    0x20000080   Section        4  cmsis_os2.o(.data)
    KernelState                              0x20000080   Data           4  cmsis_os2.o(.data)
    .data                                    0x20000084   Section       32  heap_4.o(.data)
    pxEnd                                    0x20000084   Data           4  heap_4.o(.data)
    xFreeBytesRemaining                      0x20000088   Data           4  heap_4.o(.data)
    xMinimumEverFreeBytesRemaining           0x2000008c   Data           4  heap_4.o(.data)
    xNumberOfSuccessfulAllocations           0x20000090   Data           4  heap_4.o(.data)
    xNumberOfSuccessfulFrees                 0x20000094   Data           4  heap_4.o(.data)
    xBlockAllocatedBit                       0x20000098   Data           4  heap_4.o(.data)
    xStart                                   0x2000009c   Data           8  heap_4.o(.data)
    .data                                    0x200000a4   Section       12  port.o(.data)
    ucMaxSysCallPriority                     0x200000a4   Data           1  port.o(.data)
    uxCriticalNesting                        0x200000a8   Data           4  port.o(.data)
    ulMaxPRIGROUPValue                       0x200000ac   Data           4  port.o(.data)
    .data                                    0x200000b0   Section        4  stdout.o(.data)
    .bss                                     0x200000b4   Section      144  main.o(.bss)
    .bss                                     0x20000144   Section       64  queue.o(.bss)
    .bss                                     0x20000184   Section     1220  tasks.o(.bss)
    pxReadyTasksLists                        0x20000184   Data        1120  tasks.o(.bss)
    xDelayedTaskList1                        0x200005e4   Data          20  tasks.o(.bss)
    xDelayedTaskList2                        0x200005f8   Data          20  tasks.o(.bss)
    xPendingReadyList                        0x2000060c   Data          20  tasks.o(.bss)
    xTasksWaitingTermination                 0x20000620   Data          20  tasks.o(.bss)
    xSuspendedTaskList                       0x20000634   Data          20  tasks.o(.bss)
    .bss                                     0x20000648   Section      280  timers.o(.bss)
    xStaticTimerQueue                        0x20000648   Data          80  timers.o(.bss)
    ucStaticTimerQueueStorage                0x20000698   Data         160  timers.o(.bss)
    xActiveTimerList1                        0x20000738   Data          20  timers.o(.bss)
    xActiveTimerList2                        0x2000074c   Data          20  timers.o(.bss)
    .bss                                     0x20000760   Section     1720  cmsis_os2.o(.bss)
    Idle_TCB                                 0x20000760   Data          92  cmsis_os2.o(.bss)
    Idle_Stack                               0x200007bc   Data         512  cmsis_os2.o(.bss)
    Timer_TCB                                0x200009bc   Data          92  cmsis_os2.o(.bss)
    Timer_Stack                              0x20000a18   Data        1024  cmsis_os2.o(.bss)
    .bss                                     0x20000e18   Section     3072  heap_4.o(.bss)
    ucHeap                                   0x20000e18   Data        3072  heap_4.o(.bss)
    STACK                                    0x20001a18   Section     1024  startup_stm32f103xb.o(STACK)

    Global Symbols

    Symbol Name                              Value     Ov Type        Size  Object(Section)

    BuildAttributes$$THM_ISAv4$P$D$K$B$S$PE$A:L22UL41UL21$X:L11$S22US41US21$IEEE1$IW$USESV6$~STKCKD$USESV7$~SHL$OSPACE$ROPI$EBA8$MICROLIB$REQ8$PRES8$EABIv2 0x00000000   Number         0  anon$$obj.o ABSOLUTE
    __ARM_use_no_argv                        0x00000000   Number         0  main.o ABSOLUTE
    _printf_a                                0x00000000   Number         0  stubs.o ABSOLUTE
    _printf_c                                0x00000000   Number         0  stubs.o ABSOLUTE
    _printf_charcount                        0x00000000   Number         0  stubs.o ABSOLUTE
    _printf_d                                0x00000000   Number         0  stubs.o ABSOLUTE
    _printf_e                                0x00000000   Number         0  stubs.o ABSOLUTE
    _printf_f                                0x00000000   Number         0  stubs.o ABSOLUTE
    _printf_flags                            0x00000000   Number         0  stubs.o ABSOLUTE
    _printf_fp_dec                           0x00000000   Number         0  stubs.o ABSOLUTE
    _printf_fp_hex                           0x00000000   Number         0  stubs.o ABSOLUTE
    _printf_g                                0x00000000   Number         0  stubs.o ABSOLUTE
    _printf_i                                0x00000000   Number         0  stubs.o ABSOLUTE
    _printf_int_dec                          0x00000000   Number         0  stubs.o ABSOLUTE
    _printf_l                                0x00000000   Number         0  stubs.o ABSOLUTE
    _printf_lc                               0x00000000   Number         0  stubs.o ABSOLUTE
    _printf_ll                               0x00000000   Number         0  stubs.o ABSOLUTE
    _printf_lld                              0x00000000   Number         0  stubs.o ABSOLUTE
    _printf_lli                              0x00000000   Number         0  stubs.o ABSOLUTE
    _printf_llo                              0x00000000   Number         0  stubs.o ABSOLUTE
    _printf_llu                              0x00000000   Number         0  stubs.o ABSOLUTE
    _printf_llx                              0x00000000   Number         0  stubs.o ABSOLUTE
    _printf_longlong_dec                     0x00000000   Number         0  stubs.o ABSOLUTE
    _printf_longlong_hex                     0x00000000   Number         0  stubs.o ABSOLUTE
    _printf_longlong_oct                     0x00000000   Number         0  stubs.o ABSOLUTE
    _printf_ls                               0x00000000   Number         0  stubs.o ABSOLUTE
    _printf_mbtowc                           0x00000000   Number         0  stubs.o ABSOLUTE
    _printf_n                                0x00000000   Number         0  stubs.o ABSOLUTE
    _printf_o                                0x00000000   Number         0  stubs.o ABSOLUTE
    _printf_p                                0x00000000   Number         0  stubs.o ABSOLUTE
    _printf_percent                          0x00000000   Number         0  stubs.o ABSOLUTE
    _printf_pre_padding                      0x00000000   Number         0  stubs.o ABSOLUTE
    _printf_return_value                     0x00000000   Number         0  stubs.o ABSOLUTE
    _printf_s                                0x00000000   Number         0  stubs.o ABSOLUTE
    _printf_sizespec                         0x00000000   Number         0  stubs.o ABSOLUTE
    _printf_str                              0x00000000   Number         0  stubs.o ABSOLUTE
    _printf_truncate_signed                  0x00000000   Number         0  stubs.o ABSOLUTE
    _printf_truncate_unsigned                0x00000000   Number         0  stubs.o ABSOLUTE
    _printf_u                                0x00000000   Number         0  stubs.o ABSOLUTE
    _printf_wc                               0x00000000   Number         0  stubs.o ABSOLUTE
    _printf_wctomb                           0x00000000   Number         0  stubs.o ABSOLUTE
    _printf_widthprec                        0x00000000   Number         0  stubs.o ABSOLUTE
    _printf_x                                0x00000000   Number         0  stubs.o ABSOLUTE
    __cpp_initialize__aeabi_                  - Undefined Weak Reference
    __cxa_finalize                            - Undefined Weak Reference
    __decompress                              - Undefined Weak Reference
    _clock_init                               - Undefined Weak Reference
    _microlib_exit                            - Undefined Weak Reference
    __Vectors_Size                           0x000000ec   Number         0  startup_stm32f103xb.o ABSOLUTE
    __Vectors                                0x08000000   Data           4  startup_stm32f103xb.o(RESET)
    __Vectors_End                            0x080000ec   Data           0  startup_stm32f103xb.o(RESET)
    __main                                   0x080000ed   Thumb Code     0  entry.o(.ARM.Collect$$$$00000000)
    _main_stk                                0x080000ed   Thumb Code     0  entry2.o(.ARM.Collect$$$$00000001)
    _main_scatterload                        0x080000f1   Thumb Code     0  entry5.o(.ARM.Collect$$$$00000004)
    __main_after_scatterload                 0x080000f5   Thumb Code     0  entry5.o(.ARM.Collect$$$$00000004)
    _main_clock                              0x080000f5   Thumb Code     0  entry7b.o(.ARM.Collect$$$$00000008)
    _main_cpp_init                           0x080000f5   Thumb Code     0  entry8b.o(.ARM.Collect$$$$0000000A)
    _main_init                               0x080000f5   Thumb Code     0  entry9a.o(.ARM.Collect$$$$0000000B)
    __rt_final_cpp                           0x080000fd   Thumb Code     0  entry10a.o(.ARM.Collect$$$$0000000D)
    __rt_final_exit                          0x080000fd   Thumb Code     0  entry11a.o(.ARM.Collect$$$$0000000F)
    SVC_Handler                              0x08000101   Thumb Code    32  port.o(.emb_text)
    __asm___6_port_c_39a90d8d__prvStartFirstTask 0x08000125   Thumb Code    28  port.o(.emb_text)
    PendSV_Handler                           0x08000145   Thumb Code    72  port.o(.emb_text)
    vPortGetIPSR                             0x08000191   Thumb Code     6  port.o(.emb_text)
    Reset_Handler                            0x08000199   Thumb Code     8  startup_stm32f103xb.o(.text)
    ADC1_2_IRQHandler                        0x080001b3   Thumb Code     0  startup_stm32f103xb.o(.text)
    CAN1_RX1_IRQHandler                      0x080001b3   Thumb Code     0  startup_stm32f103xb.o(.text)
    CAN1_SCE_IRQHandler                      0x080001b3   Thumb Code     0  startup_stm32f103xb.o(.text)
    DMA1_Channel1_IRQHandler                 0x080001b3   Thumb Code     0  startup_stm32f103xb.o(.text)
    DMA1_Channel2_IRQHandler                 0x080001b3   Thumb Code     0  startup_stm32f103xb.o(.text)
    DMA1_Channel3_IRQHandler                 0x080001b3   Thumb Code     0  startup_stm32f103xb.o(.text)
    DMA1_Channel4_IRQHandler                 0x080001b3   Thumb Code     0  startup_stm32f103xb.o(.text)
    DMA1_Channel5_IRQHandler                 0x080001b3   Thumb Code     0  startup_stm32f103xb.o(.text)
    DMA1_Channel6_IRQHandler                 0x080001b3   Thumb Code     0  startup_stm32f103xb.o(.text)
    DMA1_Channel7_IRQHandler                 0x080001b3   Thumb Code     0  startup_stm32f103xb.o(.text)
    EXTI0_IRQHandler                         0x080001b3   Thumb Code     0  startup_stm32f103xb.o(.text)
    EXTI15_10_IRQHandler                     0x080001b3   Thumb Code     0  startup_stm32f103xb.o(.text)
    EXTI1_IRQHandler                         0x080001b3   Thumb Code     0  startup_stm32f103xb.o(.text)
    EXTI2_IRQHandler                         0x080001b3   Thumb Code     0  startup_stm32f103xb.o(.text)
    EXTI3_IRQHandler                         0x080001b3   Thumb Code     0  startup_stm32f103xb.o(.text)
    EXTI4_IRQHandler                         0x080001b3   Thumb Code     0  startup_stm32f103xb.o(.text)
    EXTI9_5_IRQHandler                       0x080001b3   Thumb Code     0  startup_stm32f103xb.o(.text)
    FLASH_IRQHandler                         0x080001b3   Thumb Code     0  startup_stm32f103xb.o(.text)
    I2C1_ER_IRQHandler                       0x080001b3   Thumb Code     0  startup_stm32f103xb.o(.text)
    I2C1_EV_IRQHandler                       0x080001b3   Thumb Code     0  startup_stm32f103xb.o(.text)
    I2C2_ER_IRQHandler                       0x080001b3   Thumb Code     0  startup_stm32f103xb.o(.text)
    I2C2_EV_IRQHandler                       0x080001b3   Thumb Code     0  startup_stm32f103xb.o(.text)
    PVD_IRQHandler                           0x080001b3   Thumb Code     0  startup_stm32f103xb.o(.text)
    RCC_IRQHandler                           0x080001b3   Thumb Code     0  startup_stm32f103xb.o(.text)
    RTC_Alarm_IRQHandler                     0x080001b3   Thumb Code     0  startup_stm32f103xb.o(.text)
    RTC_IRQHandler                           0x080001b3   Thumb Code     0  startup_stm32f103xb.o(.text)
    SPI1_IRQHandler                          0x080001b3   Thumb Code     0  startup_stm32f103xb.o(.text)
    SPI2_IRQHandler                          0x080001b3   Thumb Code     0  startup_stm32f103xb.o(.text)
    TAMPER_IRQHandler                        0x080001b3   Thumb Code     0  startup_stm32f103xb.o(.text)
    TIM1_BRK_IRQHandler                      0x080001b3   Thumb Code     0  startup_stm32f103xb.o(.text)
    TIM1_CC_IRQHandler                       0x080001b3   Thumb Code     0  startup_stm32f103xb.o(.text)
    TIM1_TRG_COM_IRQHandler                  0x080001b3   Thumb Code     0  startup_stm32f103xb.o(.text)
    TIM2_IRQHandler                          0x080001b3   Thumb Code     0  startup_stm32f103xb.o(.text)
    TIM3_IRQHandler                          0x080001b3   Thumb Code     0  startup_stm32f103xb.o(.text)
    TIM4_IRQHandler                          0x080001b3   Thumb Code     0  startup_stm32f103xb.o(.text)
    USART1_IRQHandler                        0x080001b3   Thumb Code     0  startup_stm32f103xb.o(.text)
    USART2_IRQHandler                        0x080001b3   Thumb Code     0  startup_stm32f103xb.o(.text)
    USART3_IRQHandler                        0x080001b3   Thumb Code     0  startup_stm32f103xb.o(.text)
    USBWakeUp_IRQHandler                     0x080001b3   Thumb Code     0  startup_stm32f103xb.o(.text)
    USB_HP_CAN1_TX_IRQHandler                0x080001b3   Thumb Code     0  startup_stm32f103xb.o(.text)
    USB_LP_CAN1_RX0_IRQHandler               0x080001b3   Thumb Code     0  startup_stm32f103xb.o(.text)
    WWDG_IRQHandler                          0x080001b3   Thumb Code     0  startup_stm32f103xb.o(.text)
    __aeabi_llsr                             0x080001bd   Thumb Code    32  llushr.o(.text)
    _ll_ushift_r                             0x080001bd   Thumb Code     0  llushr.o(.text)
    __aeabi_memcpy                           0x080001dd   Thumb Code    36  memcpya.o(.text)
    __aeabi_memcpy4                          0x080001dd   Thumb Code     0  memcpya.o(.text)
    __aeabi_memcpy8                          0x080001dd   Thumb Code     0  memcpya.o(.text)
    __aeabi_memset                           0x08000201   Thumb Code    14  memseta.o(.text)
    __aeabi_memset4                          0x08000201   Thumb Code     0  memseta.o(.text)
    __aeabi_memset8                          0x08000201   Thumb Code     0  memseta.o(.text)
    __aeabi_memclr                           0x0800020f   Thumb Code     4  memseta.o(.text)
    __aeabi_memclr4                          0x0800020f   Thumb Code     0  memseta.o(.text)
    __aeabi_memclr8                          0x0800020f   Thumb Code     0  memseta.o(.text)
    memset                                   0x08000213   Thumb Code    18  memseta.o(.text)
    strlen                                   0x08000225   Thumb Code    14  strlen.o(.text)
    __aeabi_uldivmod                         0x08000233   Thumb Code    98  uldiv.o(.text)
    __scatterload                            0x08000295   Thumb Code    28  init.o(.text)
    __scatterload_rt2                        0x08000295   Thumb Code     0  init.o(.text)
    __aeabi_llsl                             0x080002b9   Thumb Code    30  llshl.o(.text)
    _ll_shift_l                              0x080002b9   Thumb Code     0  llshl.o(.text)
    BusFault_Handler                         0x080002d7   Thumb Code     2  stm32f1xx_it.o(i.BusFault_Handler)
    DebugMon_Handler                         0x080002d9   Thumb Code     2  stm32f1xx_it.o(i.DebugMon_Handler)
    HAL_GPIO_Init                            0x080002dd   Thumb Code   446  stm32f1xx_hal_gpio.o(i.HAL_GPIO_Init)
    HAL_GPIO_WritePin                        0x080004bd   Thumb Code    10  stm32f1xx_hal_gpio.o(i.HAL_GPIO_WritePin)
    HAL_GetTick                              0x080004c9   Thumb Code     6  stm32f1xx_hal.o(i.HAL_GetTick)
    HAL_IncTick                              0x080004d5   Thumb Code    12  stm32f1xx_hal.o(i.HAL_IncTick)
    HAL_Init                                 0x080004e5   Thumb Code    32  stm32f1xx_hal.o(i.HAL_Init)
    HAL_InitTick                             0x08000509   Thumb Code    54  stm32f1xx_hal.o(i.HAL_InitTick)
    HAL_MspInit                              0x08000549   Thumb Code    62  stm32f1xx_hal_msp.o(i.HAL_MspInit)
    HAL_NVIC_EnableIRQ                       0x08000591   Thumb Code    26  stm32f1xx_hal_cortex.o(i.HAL_NVIC_EnableIRQ)
    HAL_NVIC_SetPriority                     0x080005ad   Thumb Code    60  stm32f1xx_hal_cortex.o(i.HAL_NVIC_SetPriority)
    HAL_NVIC_SetPriorityGrouping             0x080005ed   Thumb Code    26  stm32f1xx_hal_cortex.o(i.HAL_NVIC_SetPriorityGrouping)
    HAL_RCC_ClockConfig                      0x08000611   Thumb Code   280  stm32f1xx_hal_rcc.o(i.HAL_RCC_ClockConfig)
    HAL_RCC_GetPCLK1Freq                     0x0800073d   Thumb Code    20  stm32f1xx_hal_rcc.o(i.HAL_RCC_GetPCLK1Freq)
    HAL_RCC_GetPCLK2Freq                     0x0800075d   Thumb Code    20  stm32f1xx_hal_rcc.o(i.HAL_RCC_GetPCLK2Freq)
    HAL_RCC_GetSysClockFreq                  0x0800077d   Thumb Code    58  stm32f1xx_hal_rcc.o(i.HAL_RCC_GetSysClockFreq)
    HAL_RCC_OscConfig                        0x080007c9   Thumb Code   778  stm32f1xx_hal_rcc.o(i.HAL_RCC_OscConfig)
    HAL_SYSTICK_Config                       0x08000ae9   Thumb Code    40  stm32f1xx_hal_cortex.o(i.HAL_SYSTICK_Config)
    HAL_TIMEx_BreakCallback                  0x08000b11   Thumb Code     2  stm32f1xx_hal_tim_ex.o(i.HAL_TIMEx_BreakCallback)
    HAL_TIMEx_CommutCallback                 0x08000b13   Thumb Code     2  stm32f1xx_hal_tim_ex.o(i.HAL_TIMEx_CommutCallback)
    HAL_TIMEx_MasterConfigSynchronization    0x08000b15   Thumb Code    92  stm32f1xx_hal_tim_ex.o(i.HAL_TIMEx_MasterConfigSynchronization)
    HAL_TIM_Base_Init                        0x08000b7d   Thumb Code    90  stm32f1xx_hal_tim.o(i.HAL_TIM_Base_Init)
    HAL_TIM_Base_MspInit                     0x08000bd9   Thumb Code    50  stm32f1xx_hal_msp.o(i.HAL_TIM_Base_MspInit)
    HAL_TIM_Base_Start                       0x08000c15   Thumb Code    66  stm32f1xx_hal_tim.o(i.HAL_TIM_Base_Start)
    HAL_TIM_ConfigClockSource                0x08000c65   Thumb Code   220  stm32f1xx_hal_tim.o(i.HAL_TIM_ConfigClockSource)
    HAL_TIM_IC_CaptureCallback               0x08000d41   Thumb Code     2  stm32f1xx_hal_tim.o(i.HAL_TIM_IC_CaptureCallback)
    HAL_TIM_IRQHandler                       0x08000d43   Thumb Code   304  stm32f1xx_hal_tim.o(i.HAL_TIM_IRQHandler)
    HAL_TIM_OC_DelayElapsedCallback          0x08000e73   Thumb Code     2  stm32f1xx_hal_tim.o(i.HAL_TIM_OC_DelayElapsedCallback)
    HAL_TIM_PWM_PulseFinishedCallback        0x08000e75   Thumb Code     2  stm32f1xx_hal_tim.o(i.HAL_TIM_PWM_PulseFinishedCallback)
    HAL_TIM_PeriodElapsedCallback            0x08000e77   Thumb Code     2  stm32f1xx_hal_tim.o(i.HAL_TIM_PeriodElapsedCallback)
    HAL_TIM_TriggerCallback                  0x08000e79   Thumb Code     2  stm32f1xx_hal_tim.o(i.HAL_TIM_TriggerCallback)
    HAL_UART_Init                            0x08000e7b   Thumb Code   100  stm32f1xx_hal_uart.o(i.HAL_UART_Init)
    HAL_UART_MspInit                         0x08000ee1   Thumb Code   100  stm32f1xx_hal_msp.o(i.HAL_UART_MspInit)
    HardFault_Handler                        0x08000f51   Thumb Code     2  stm32f1xx_it.o(i.HardFault_Handler)
    MemManage_Handler                        0x08001051   Thumb Code     2  stm32f1xx_it.o(i.MemManage_Handler)
    NMI_Handler                              0x08001053   Thumb Code     2  stm32f1xx_it.o(i.NMI_Handler)
    StartDefaultTask                         0x08001055   Thumb Code    94  main.o(i.StartDefaultTask)
    StartTask01                              0x080010e5   Thumb Code     2  main.o(i.StartTask01)
    StartTask02                              0x080010e7   Thumb Code     2  main.o(i.StartTask02)
    StartTask03                              0x080010e9   Thumb Code     2  main.o(i.StartTask03)
    SysTick_Handler                          0x080010eb   Thumb Code    24  stm32f1xx_it.o(i.SysTick_Handler)
    SystemClock_Config                       0x08001103   Thumb Code    94  main.o(i.SystemClock_Config)
    SystemInit                               0x08001161   Thumb Code     2  system_stm32f1xx.o(i.SystemInit)
    TIM1_UP_IRQHandler                       0x08001165   Thumb Code    62  stm32f1xx_it.o(i.TIM1_UP_IRQHandler)
    TIM_Base_SetConfig                       0x080011ad   Thumb Code   108  stm32f1xx_hal_tim.o(i.TIM_Base_SetConfig)
    TIM_ETR_SetConfig                        0x08001225   Thumb Code    20  stm32f1xx_hal_tim.o(i.TIM_ETR_SetConfig)
    UsageFault_Handler                       0x08001349   Thumb Code     2  stm32f1xx_it.o(i.UsageFault_Handler)
    __0printf$5                              0x0800134d   Thumb Code    22  printf5.o(i.__0printf$5)
    __1printf$5                              0x0800134d   Thumb Code     0  printf5.o(i.__0printf$5)
    __2printf                                0x0800134d   Thumb Code     0  printf5.o(i.__0printf$5)
    __scatterload_copy                       0x0800138d   Thumb Code    14  handlers.o(i.__scatterload_copy)
    __scatterload_null                       0x0800139b   Thumb Code     2  handlers.o(i.__scatterload_null)
    __scatterload_zeroinit                   0x0800139d   Thumb Code    14  handlers.o(i.__scatterload_zeroinit)
    eTaskGetState                            0x0800166d   Thumb Code   106  tasks.o(i.eTaskGetState)
    fputc                                    0x080016e1   Thumb Code    16  usertask.o(i.fputc)
    main                                     0x080016f5   Thumb Code   120  main.o(i.main)
    osKernelInitialize                       0x0800178d   Thumb Code    32  cmsis_os2.o(i.osKernelInitialize)
    osKernelStart                            0x080017b1   Thumb Code    48  cmsis_os2.o(i.osKernelStart)
    osThreadNew                              0x080017e9   Thumb Code   138  cmsis_os2.o(i.osThreadNew)
    pvPortMalloc                             0x08002075   Thumb Code   216  heap_4.o(i.pvPortMalloc)
    pxPortInitialiseStack                    0x08002151   Thumb Code    32  port.o(i.pxPortInitialiseStack)
    uxListRemove                             0x08002175   Thumb Code    38  list.o(i.uxListRemove)
    vApplicationGetIdleTaskMemory            0x0800219d   Thumb Code    16  cmsis_os2.o(i.vApplicationGetIdleTaskMemory)
    vApplicationGetTimerTaskMemory           0x080021b1   Thumb Code    18  cmsis_os2.o(i.vApplicationGetTimerTaskMemory)
    vListInitialise                          0x080021c9   Thumb Code    22  list.o(i.vListInitialise)
    vListInitialiseItem                      0x080021df   Thumb Code     6  list.o(i.vListInitialiseItem)
    vListInsert                              0x080021e5   Thumb Code    48  list.o(i.vListInsert)
    vListInsertEnd                           0x08002215   Thumb Code    24  list.o(i.vListInsertEnd)
    vPortEnterCritical                       0x0800222d   Thumb Code    54  port.o(i.vPortEnterCritical)
    vPortExitCritical                        0x0800226d   Thumb Code    34  port.o(i.vPortExitCritical)
    vPortFree                                0x08002295   Thumb Code    94  heap_4.o(i.vPortFree)
    vPortSetupTimerInterrupt                 0x080022f9   Thumb Code    32  port.o(i.vPortSetupTimerInterrupt)
    vPortValidateInterruptPriority           0x0800231d   Thumb Code    74  port.o(i.vPortValidateInterruptPriority)
    vPrintTaskInfor                          0x08002371   Thumb Code    88  usertask.o(i.vPrintTaskInfor)
    vQueueAddToRegistry                      0x08002489   Thumb Code    34  queue.o(i.vQueueAddToRegistry)
    vQueueWaitForMessageRestricted           0x080024b1   Thumb Code    68  queue.o(i.vQueueWaitForMessageRestricted)
    vTaskDelay                               0x080024f5   Thumb Code    66  tasks.o(i.vTaskDelay)
    vTaskGetInfo                             0x08002541   Thumb Code   112  tasks.o(i.vTaskGetInfo)
    vTaskInternalSetTimeOutState             0x080025b5   Thumb Code    12  tasks.o(i.vTaskInternalSetTimeOutState)
    vTaskMissedYield                         0x080025c5   Thumb Code     8  tasks.o(i.vTaskMissedYield)
    vTaskPlaceOnEventList                    0x080025d1   Thumb Code    44  tasks.o(i.vTaskPlaceOnEventList)
    vTaskPlaceOnEventListRestricted          0x08002601   Thumb Code    52  tasks.o(i.vTaskPlaceOnEventListRestricted)
    vTaskStartScheduler                      0x08002639   Thumb Code   118  tasks.o(i.vTaskStartScheduler)
    vTaskSuspendAll                          0x080026c1   Thumb Code    10  tasks.o(i.vTaskSuspendAll)
    vTaskSwitchContext                       0x080026d1   Thumb Code    90  tasks.o(i.vTaskSwitchContext)
    xPortStartScheduler                      0x08002735   Thumb Code   154  port.o(i.xPortStartScheduler)
    xPortSysTickHandler                      0x080027dd   Thumb Code    38  port.o(i.xPortSysTickHandler)
    xQueueGenericCreateStatic                0x08002809   Thumb Code   102  queue.o(i.xQueueGenericCreateStatic)
    xQueueGenericReset                       0x08002871   Thumb Code   132  queue.o(i.xQueueGenericReset)
    xQueueGenericSend                        0x080028f9   Thumb Code   346  queue.o(i.xQueueGenericSend)
    xQueueGenericSendFromISR                 0x08002a59   Thumb Code   190  queue.o(i.xQueueGenericSendFromISR)
    xQueueReceive                            0x08002b19   Thumb Code   308  queue.o(i.xQueueReceive)
    xTaskCheckForTimeOut                     0x08002c51   Thumb Code   112  tasks.o(i.xTaskCheckForTimeOut)
    xTaskCreate                              0x08002cc5   Thumb Code    90  tasks.o(i.xTaskCreate)
    xTaskCreateStatic                        0x08002d1f   Thumb Code    86  tasks.o(i.xTaskCreateStatic)
    xTaskGetHandle                           0x08002d75   Thumb Code   122  tasks.o(i.xTaskGetHandle)
    xTaskGetSchedulerState                   0x08002dfd   Thumb Code    22  tasks.o(i.xTaskGetSchedulerState)
    xTaskGetTickCount                        0x08002e19   Thumb Code     6  tasks.o(i.xTaskGetTickCount)
    xTaskIncrementTick                       0x08002e25   Thumb Code   192  tasks.o(i.xTaskIncrementTick)
    xTaskPriorityDisinherit                  0x08002eed   Thumb Code   118  tasks.o(i.xTaskPriorityDisinherit)
    xTaskRemoveFromEventList                 0x08002f6d   Thumb Code    98  tasks.o(i.xTaskRemoveFromEventList)
    xTaskResumeAll                           0x08002fdd   Thumb Code   182  tasks.o(i.xTaskResumeAll)
    xTimerCreateTimerTask                    0x080030a1   Thumb Code    78  timers.o(i.xTimerCreateTimerTask)
    xTimerGenericCommand                     0x08003101   Thumb Code    98  timers.o(i.xTimerGenericCommand)
    defaultTask_attributes                   0x08003168   Data          36  main.o(.constdata)
    myTask02_attributes                      0x0800318c   Data          36  main.o(.constdata)
    myTask03_attributes                      0x080031b0   Data          36  main.o(.constdata)
    myTask01_attributes                      0x080031d4   Data          36  main.o(.constdata)
    AHBPrescTable                            0x0800320a   Data          16  system_stm32f1xx.o(.constdata)
    APBPrescTable                            0x0800321a   Data           8  system_stm32f1xx.o(.constdata)
    Region$$Table$$Base                      0x08003254   Number         0  anon$$obj.o(Region$$Table)
    Region$$Table$$Limit                     0x08003274   Number         0  anon$$obj.o(Region$$Table)
    defaultTaskHandle                        0x20000000   Data           4  main.o(.data)
    myTask02Handle                           0x20000004   Data           4  main.o(.data)
    myTask03Handle                           0x20000008   Data           4  main.o(.data)
    myTask01Handle                           0x2000000c   Data           4  main.o(.data)
    ucButtonFlag                             0x20000010   Data           1  stm32f1xx_it.o(.data)
    ucUartFlag                               0x20000011   Data           1  stm32f1xx_it.o(.data)
    ucAdcFlag                                0x20000012   Data           1  stm32f1xx_it.o(.data)
    ulButtonCount                            0x20000014   Data           4  stm32f1xx_it.o(.data)
    ulUartCount                              0x20000018   Data           4  stm32f1xx_it.o(.data)
    ulAdcCount                               0x2000001c   Data           4  stm32f1xx_it.o(.data)
    uwTickFreq                               0x20000020   Data           1  stm32f1xx_hal.o(.data)
    uwTickPrio                               0x20000024   Data           4  stm32f1xx_hal.o(.data)
    uwTick                                   0x20000028   Data           4  stm32f1xx_hal.o(.data)
    SystemCoreClock                          0x2000002c   Data           4  system_stm32f1xx.o(.data)
    pxCurrentTCB                             0x20000030   Data           4  tasks.o(.data)
    __stdout                                 0x200000b0   Data           4  stdout.o(.data)
    htim1                                    0x200000b4   Data          72  main.o(.bss)
    huart1                                   0x200000fc   Data          72  main.o(.bss)
    xQueueRegistry                           0x20000144   Data          64  queue.o(.bss)
    __initial_sp                             0x20001e18   Data           0  startup_stm32f103xb.o(STACK)



==============================================================================

Memory Map of the image

  Image Entry point : 0x080000ed

  Load Region LR_IROM1 (Base: 0x08000000, Size: 0x00003328, Max: 0x00010000, ABSOLUTE)

    Execution Region ER_IROM1 (Exec base: 0x08000000, Load base: 0x08000000, Size: 0x00003274, Max: 0x00010000, ABSOLUTE)

    Exec Addr    Load Addr    Size         Type   Attr      Idx    E Section Name        Object

    0x08000000   0x08000000   0x000000ec   Data   RO          163    RESET               startup_stm32f103xb.o
    0x080000ec   0x080000ec   0x00000000   Code   RO         4559  * .ARM.Collect$$$$00000000  mc_w.l(entry.o)
    0x080000ec   0x080000ec   0x00000004   Code   RO         4835    .ARM.Collect$$$$00000001  mc_w.l(entry2.o)
    0x080000f0   0x080000f0   0x00000004   Code   RO         4838    .ARM.Collect$$$$00000004  mc_w.l(entry5.o)
    0x080000f4   0x080000f4   0x00000000   Code   RO         4840    .ARM.Collect$$$$00000008  mc_w.l(entry7b.o)
    0x080000f4   0x080000f4   0x00000000   Code   RO         4842    .ARM.Collect$$$$0000000A  mc_w.l(entry8b.o)
    0x080000f4   0x080000f4   0x00000008   Code   RO         4843    .ARM.Collect$$$$0000000B  mc_w.l(entry9a.o)
    0x080000fc   0x080000fc   0x00000000   Code   RO         4845    .ARM.Collect$$$$0000000D  mc_w.l(entry10a.o)
    0x080000fc   0x080000fc   0x00000000   Code   RO         4847    .ARM.Collect$$$$0000000F  mc_w.l(entry11a.o)
    0x080000fc   0x080000fc   0x00000004   Code   RO         4836    .ARM.Collect$$$$00002712  mc_w.l(entry2.o)
    0x08000100   0x08000100   0x00000096   Code   RO         4482    .emb_text           port.o
    0x08000196   0x08000196   0x00000002   PAD
    0x08000198   0x08000198   0x00000024   Code   RO          164    .text               startup_stm32f103xb.o
    0x080001bc   0x080001bc   0x00000020   Code   RO         4562    .text               mc_w.l(llushr.o)
    0x080001dc   0x080001dc   0x00000024   Code   RO         4564    .text               mc_w.l(memcpya.o)
    0x08000200   0x08000200   0x00000024   Code   RO         4568    .text               mc_w.l(memseta.o)
    0x08000224   0x08000224   0x0000000e   Code   RO         4570    .text               mc_w.l(strlen.o)
    0x08000232   0x08000232   0x00000062   Code   RO         4852    .text               mc_w.l(uldiv.o)
    0x08000294   0x08000294   0x00000024   Code   RO         4865    .text               mc_w.l(init.o)
    0x080002b8   0x080002b8   0x0000001e   Code   RO         4867    .text               mc_w.l(llshl.o)
    0x080002d6   0x080002d6   0x00000002   Code   RO          288    i.BusFault_Handler  stm32f1xx_it.o
    0x080002d8   0x080002d8   0x00000002   Code   RO          289    i.DebugMon_Handler  stm32f1xx_it.o
    0x080002da   0x080002da   0x00000002   PAD
    0x080002dc   0x080002dc   0x000001e0   Code   RO          765    i.HAL_GPIO_Init     stm32f1xx_hal_gpio.o
    0x080004bc   0x080004bc   0x0000000a   Code   RO          769    i.HAL_GPIO_WritePin  stm32f1xx_hal_gpio.o
    0x080004c6   0x080004c6   0x00000002   PAD
    0x080004c8   0x080004c8   0x0000000c   Code   RO          459    i.HAL_GetTick       stm32f1xx_hal.o
    0x080004d4   0x080004d4   0x00000010   Code   RO          465    i.HAL_IncTick       stm32f1xx_hal.o
    0x080004e4   0x080004e4   0x00000024   Code   RO          466    i.HAL_Init          stm32f1xx_hal.o
    0x08000508   0x08000508   0x00000040   Code   RO          467    i.HAL_InitTick      stm32f1xx_hal.o
    0x08000548   0x08000548   0x00000048   Code   RO          364    i.HAL_MspInit       stm32f1xx_hal_msp.o
    0x08000590   0x08000590   0x0000001a   Code   RO          925    i.HAL_NVIC_EnableIRQ  stm32f1xx_hal_cortex.o
    0x080005aa   0x080005aa   0x00000002   PAD
    0x080005ac   0x080005ac   0x00000040   Code   RO          931    i.HAL_NVIC_SetPriority  stm32f1xx_hal_cortex.o
    0x080005ec   0x080005ec   0x00000024   Code   RO          932    i.HAL_NVIC_SetPriorityGrouping  stm32f1xx_hal_cortex.o
    0x08000610   0x08000610   0x0000012c   Code   RO          623    i.HAL_RCC_ClockConfig  stm32f1xx_hal_rcc.o
    0x0800073c   0x0800073c   0x00000020   Code   RO          630    i.HAL_RCC_GetPCLK1Freq  stm32f1xx_hal_rcc.o
    0x0800075c   0x0800075c   0x00000020   Code   RO          631    i.HAL_RCC_GetPCLK2Freq  stm32f1xx_hal_rcc.o
    0x0800077c   0x0800077c   0x0000004c   Code   RO          632    i.HAL_RCC_GetSysClockFreq  stm32f1xx_hal_rcc.o
    0x080007c8   0x080007c8   0x00000320   Code   RO          635    i.HAL_RCC_OscConfig  stm32f1xx_hal_rcc.o
    0x08000ae8   0x08000ae8   0x00000028   Code   RO          936    i.HAL_SYSTICK_Config  stm32f1xx_hal_cortex.o
    0x08000b10   0x08000b10   0x00000002   Code   RO         2131    i.HAL_TIMEx_BreakCallback  stm32f1xx_hal_tim_ex.o
    0x08000b12   0x08000b12   0x00000002   Code   RO         2132    i.HAL_TIMEx_CommutCallback  stm32f1xx_hal_tim_ex.o
    0x08000b14   0x08000b14   0x00000068   Code   RO         2150    i.HAL_TIMEx_MasterConfigSynchronization  stm32f1xx_hal_tim_ex.o
    0x08000b7c   0x08000b7c   0x0000005a   Code   RO         1427    i.HAL_TIM_Base_Init  stm32f1xx_hal_tim.o
    0x08000bd6   0x08000bd6   0x00000002   PAD
    0x08000bd8   0x08000bd8   0x0000003c   Code   RO          366    i.HAL_TIM_Base_MspInit  stm32f1xx_hal_msp.o
    0x08000c14   0x08000c14   0x00000050   Code   RO         1430    i.HAL_TIM_Base_Start  stm32f1xx_hal_tim.o
    0x08000c64   0x08000c64   0x000000dc   Code   RO         1436    i.HAL_TIM_ConfigClockSource  stm32f1xx_hal_tim.o
    0x08000d40   0x08000d40   0x00000002   Code   RO         1461    i.HAL_TIM_IC_CaptureCallback  stm32f1xx_hal_tim.o
    0x08000d42   0x08000d42   0x00000130   Code   RO         1475    i.HAL_TIM_IRQHandler  stm32f1xx_hal_tim.o
    0x08000e72   0x08000e72   0x00000002   Code   RO         1478    i.HAL_TIM_OC_DelayElapsedCallback  stm32f1xx_hal_tim.o
    0x08000e74   0x08000e74   0x00000002   Code   RO         1505    i.HAL_TIM_PWM_PulseFinishedCallback  stm32f1xx_hal_tim.o
    0x08000e76   0x08000e76   0x00000002   Code   RO         1513    i.HAL_TIM_PeriodElapsedCallback  stm32f1xx_hal_tim.o
    0x08000e78   0x08000e78   0x00000002   Code   RO         1518    i.HAL_TIM_TriggerCallback  stm32f1xx_hal_tim.o
    0x08000e7a   0x08000e7a   0x00000064   Code   RO         2428    i.HAL_UART_Init     stm32f1xx_hal_uart.o
    0x08000ede   0x08000ede   0x00000002   PAD
    0x08000ee0   0x08000ee0   0x00000070   Code   RO          368    i.HAL_UART_MspInit  stm32f1xx_hal_msp.o
    0x08000f50   0x08000f50   0x00000002   Code   RO          290    i.HardFault_Handler  stm32f1xx_it.o
    0x08000f52   0x08000f52   0x00000002   PAD
    0x08000f54   0x08000f54   0x00000084   Code   RO          172    i.MX_GPIO_Init      main.o
    0x08000fd8   0x08000fd8   0x00000078   Code   RO          173    i.MX_TIM1_Init      main.o
    0x08001050   0x08001050   0x00000002   Code   RO          291    i.MemManage_Handler  stm32f1xx_it.o
    0x08001052   0x08001052   0x00000002   Code   RO          292    i.NMI_Handler       stm32f1xx_it.o
    0x08001054   0x08001054   0x00000090   Code   RO          174    i.StartDefaultTask  main.o
    0x080010e4   0x080010e4   0x00000002   Code   RO          175    i.StartTask01       main.o
    0x080010e6   0x080010e6   0x00000002   Code   RO          176    i.StartTask02       main.o
    0x080010e8   0x080010e8   0x00000002   Code   RO          177    i.StartTask03       main.o
    0x080010ea   0x080010ea   0x00000018   Code   RO          293    i.SysTick_Handler   stm32f1xx_it.o
    0x08001102   0x08001102   0x0000005e   Code   RO          178    i.SystemClock_Config  main.o
    0x08001160   0x08001160   0x00000002   Code   RO         2762    i.SystemInit        system_stm32f1xx.o
    0x08001162   0x08001162   0x00000002   PAD
    0x08001164   0x08001164   0x00000048   Code   RO          294    i.TIM1_UP_IRQHandler  stm32f1xx_it.o
    0x080011ac   0x080011ac   0x00000078   Code   RO         1520    i.TIM_Base_SetConfig  stm32f1xx_hal_tim.o
    0x08001224   0x08001224   0x00000014   Code   RO         1531    i.TIM_ETR_SetConfig  stm32f1xx_hal_tim.o
    0x08001238   0x08001238   0x00000010   Code   RO         1532    i.TIM_ITRx_SetConfig  stm32f1xx_hal_tim.o
    0x08001248   0x08001248   0x00000022   Code   RO         1538    i.TIM_TI1_ConfigInputStage  stm32f1xx_hal_tim.o
    0x0800126a   0x0800126a   0x00000024   Code   RO         1540    i.TIM_TI2_ConfigInputStage  stm32f1xx_hal_tim.o
    0x0800128e   0x0800128e   0x00000002   PAD
    0x08001290   0x08001290   0x000000b8   Code   RO         2454    i.UART_SetConfig    stm32f1xx_hal_uart.o
    0x08001348   0x08001348   0x00000002   Code   RO          295    i.UsageFault_Handler  stm32f1xx_it.o
    0x0800134a   0x0800134a   0x00000002   PAD
    0x0800134c   0x0800134c   0x00000020   Code   RO         4707    i.__0printf$5       mc_w.l(printf5.o)
    0x0800136c   0x0800136c   0x00000020   Code   RO          938    i.__NVIC_SetPriority  stm32f1xx_hal_cortex.o
    0x0800138c   0x0800138c   0x0000000e   Code   RO         4875    i.__scatterload_copy  mc_w.l(handlers.o)
    0x0800139a   0x0800139a   0x00000002   Code   RO         4876    i.__scatterload_null  mc_w.l(handlers.o)
    0x0800139c   0x0800139c   0x0000000e   Code   RO         4877    i.__scatterload_zeroinit  mc_w.l(handlers.o)
    0x080013aa   0x080013aa   0x00000002   PAD
    0x080013ac   0x080013ac   0x000002c0   Code   RO         4714    i._printf_core      mc_w.l(printf5.o)
    0x0800166c   0x0800166c   0x00000074   Code   RO         3368    i.eTaskGetState     tasks.o
    0x080016e0   0x080016e0   0x00000014   Code   RO            4    i.fputc             usertask.o
    0x080016f4   0x080016f4   0x00000098   Code   RO          179    i.main              main.o
    0x0800178c   0x0800178c   0x00000024   Code   RO         3935    i.osKernelInitialize  cmsis_os2.o
    0x080017b0   0x080017b0   0x00000038   Code   RO         3938    i.osKernelStart     cmsis_os2.o
    0x080017e8   0x080017e8   0x0000008a   Code   RO         3980    i.osThreadNew       cmsis_os2.o
    0x08001872   0x08001872   0x00000002   PAD
    0x08001874   0x08001874   0x0000005c   Code   RO         3370    i.prvAddCurrentTaskToDelayedList  tasks.o
    0x080018d0   0x080018d0   0x000000d0   Code   RO         3371    i.prvAddNewTaskToReadyList  tasks.o
    0x080019a0   0x080019a0   0x00000058   Code   RO         3746    i.prvCheckForValidListAndQueue  timers.o
    0x080019f8   0x080019f8   0x00000026   Code   RO         2967    i.prvCopyDataFromQueue  queue.o
    0x08001a1e   0x08001a1e   0x0000006c   Code   RO         2968    i.prvCopyDataToQueue  queue.o
    0x08001a8a   0x08001a8a   0x00000034   Code   RO         3372    i.prvDeleteTCB      tasks.o
    0x08001abe   0x08001abe   0x00000002   PAD
    0x08001ac0   0x08001ac0   0x0000004c   Code   RO         4427    i.prvHeapInit       heap_4.o
    0x08001b0c   0x08001b0c   0x00000060   Code   RO         3373    i.prvIdleTask       tasks.o
    0x08001b6c   0x08001b6c   0x00000022   Code   RO         2970    i.prvInitialiseNewQueue  queue.o
    0x08001b8e   0x08001b8e   0x00000002   PAD
    0x08001b90   0x08001b90   0x000000b0   Code   RO         3374    i.prvInitialiseNewTask  tasks.o
    0x08001c40   0x08001c40   0x0000004c   Code   RO         4428    i.prvInsertBlockIntoFreeList  heap_4.o
    0x08001c8c   0x08001c8c   0x00000038   Code   RO         3748    i.prvInsertTimerInActiveList  timers.o
    0x08001cc4   0x08001cc4   0x0000001c   Code   RO         2971    i.prvIsQueueEmpty   queue.o
    0x08001ce0   0x08001ce0   0x000000fc   Code   RO         3749    i.prvProcessReceivedCommands  timers.o
    0x08001ddc   0x08001ddc   0x000000c0   Code   RO         3750    i.prvProcessTimerOrBlockTask  timers.o
    0x08001e9c   0x08001e9c   0x00000020   Code   RO         3376    i.prvResetNextTaskUnblockTime  tasks.o
    0x08001ebc   0x08001ebc   0x00000028   Code   RO         3751    i.prvSampleTimeNow  timers.o
    0x08001ee4   0x08001ee4   0x00000058   Code   RO         3377    i.prvSearchForNameWithinSingleList  tasks.o
    0x08001f3c   0x08001f3c   0x0000006c   Code   RO         3752    i.prvSwitchTimerLists  timers.o
    0x08001fa8   0x08001fa8   0x00000014   Code   RO         3378    i.prvTaskCheckFreeStackSpace  tasks.o
    0x08001fbc   0x08001fbc   0x00000028   Code   RO         4483    i.prvTaskExitError  port.o
    0x08001fe4   0x08001fe4   0x00000024   Code   RO         3753    i.prvTimerTask      timers.o
    0x08002008   0x08002008   0x0000006a   Code   RO         2972    i.prvUnlockQueue    queue.o
    0x08002072   0x08002072   0x00000002   PAD
    0x08002074   0x08002074   0x000000dc   Code   RO         4429    i.pvPortMalloc      heap_4.o
    0x08002150   0x08002150   0x00000024   Code   RO         4484    i.pxPortInitialiseStack  port.o
    0x08002174   0x08002174   0x00000026   Code   RO         2927    i.uxListRemove      list.o
    0x0800219a   0x0800219a   0x00000002   PAD
    0x0800219c   0x0800219c   0x00000014   Code   RO         3992    i.vApplicationGetIdleTaskMemory  cmsis_os2.o
    0x080021b0   0x080021b0   0x00000018   Code   RO         3993    i.vApplicationGetTimerTaskMemory  cmsis_os2.o
    0x080021c8   0x080021c8   0x00000016   Code   RO         2928    i.vListInitialise   list.o
    0x080021de   0x080021de   0x00000006   Code   RO         2929    i.vListInitialiseItem  list.o
    0x080021e4   0x080021e4   0x00000030   Code   RO         2930    i.vListInsert       list.o
    0x08002214   0x08002214   0x00000018   Code   RO         2931    i.vListInsertEnd    list.o
    0x0800222c   0x0800222c   0x00000040   Code   RO         4486    i.vPortEnterCritical  port.o
    0x0800226c   0x0800226c   0x00000028   Code   RO         4487    i.vPortExitCritical  port.o
    0x08002294   0x08002294   0x00000064   Code   RO         4430    i.vPortFree         heap_4.o
    0x080022f8   0x080022f8   0x00000024   Code   RO         4488    i.vPortSetupTimerInterrupt  port.o
    0x0800231c   0x0800231c   0x00000054   Code   RO         4489    i.vPortValidateInterruptPriority  port.o
    0x08002370   0x08002370   0x00000118   Code   RO            7    i.vPrintTaskInfor   usertask.o
    0x08002488   0x08002488   0x00000028   Code   RO         2978    i.vQueueAddToRegistry  queue.o
    0x080024b0   0x080024b0   0x00000044   Code   RO         2982    i.vQueueWaitForMessageRestricted  queue.o
    0x080024f4   0x080024f4   0x0000004c   Code   RO         3390    i.vTaskDelay        tasks.o
    0x08002540   0x08002540   0x00000074   Code   RO         3394    i.vTaskGetInfo      tasks.o
    0x080025b4   0x080025b4   0x00000010   Code   RO         3395    i.vTaskInternalSetTimeOutState  tasks.o
    0x080025c4   0x080025c4   0x0000000c   Code   RO         3396    i.vTaskMissedYield  tasks.o
    0x080025d0   0x080025d0   0x00000030   Code   RO         3398    i.vTaskPlaceOnEventList  tasks.o
    0x08002600   0x08002600   0x00000038   Code   RO         3399    i.vTaskPlaceOnEventListRestricted  tasks.o
    0x08002638   0x08002638   0x00000088   Code   RO         3407    i.vTaskStartScheduler  tasks.o
    0x080026c0   0x080026c0   0x00000010   Code   RO         3409    i.vTaskSuspendAll   tasks.o
    0x080026d0   0x080026d0   0x00000064   Code   RO         3410    i.vTaskSwitchContext  tasks.o
    0x08002734   0x08002734   0x000000a8   Code   RO         4490    i.xPortStartScheduler  port.o
    0x080027dc   0x080027dc   0x0000002c   Code   RO         4491    i.xPortSysTickHandler  port.o
    0x08002808   0x08002808   0x00000066   Code   RO         2988    i.xQueueGenericCreateStatic  queue.o
    0x0800286e   0x0800286e   0x00000002   PAD
    0x08002870   0x08002870   0x00000088   Code   RO         2989    i.xQueueGenericReset  queue.o
    0x080028f8   0x080028f8   0x00000160   Code   RO         2990    i.xQueueGenericSend  queue.o
    0x08002a58   0x08002a58   0x000000be   Code   RO         2991    i.xQueueGenericSendFromISR  queue.o
    0x08002b16   0x08002b16   0x00000002   PAD
    0x08002b18   0x08002b18   0x00000138   Code   RO         3000    i.xQueueReceive     queue.o
    0x08002c50   0x08002c50   0x00000074   Code   RO         3412    i.xTaskCheckForTimeOut  tasks.o
    0x08002cc4   0x08002cc4   0x0000005a   Code   RO         3413    i.xTaskCreate       tasks.o
    0x08002d1e   0x08002d1e   0x00000056   Code   RO         3414    i.xTaskCreateStatic  tasks.o
    0x08002d74   0x08002d74   0x00000088   Code   RO         3418    i.xTaskGetHandle    tasks.o
    0x08002dfc   0x08002dfc   0x0000001c   Code   RO         3419    i.xTaskGetSchedulerState  tasks.o
    0x08002e18   0x08002e18   0x0000000c   Code   RO         3420    i.xTaskGetTickCount  tasks.o
    0x08002e24   0x08002e24   0x000000c8   Code   RO         3422    i.xTaskIncrementTick  tasks.o
    0x08002eec   0x08002eec   0x00000080   Code   RO         3425    i.xTaskPriorityDisinherit  tasks.o
    0x08002f6c   0x08002f6c   0x00000070   Code   RO         3427    i.xTaskRemoveFromEventList  tasks.o
    0x08002fdc   0x08002fdc   0x000000c4   Code   RO         3428    i.xTaskResumeAll    tasks.o
    0x080030a0   0x080030a0   0x00000060   Code   RO         3762    i.xTimerCreateTimerTask  timers.o
    0x08003100   0x08003100   0x00000068   Code   RO         3763    i.xTimerGenericCommand  timers.o
    0x08003168   0x08003168   0x00000090   Data   RO          181    .constdata          main.o
    0x080031f8   0x080031f8   0x00000012   Data   RO          636    .constdata          stm32f1xx_hal_rcc.o
    0x0800320a   0x0800320a   0x00000010   Data   RO         2763    .constdata          system_stm32f1xx.o
    0x0800321a   0x0800321a   0x00000008   Data   RO         2764    .constdata          system_stm32f1xx.o
    0x08003222   0x08003222   0x00000002   PAD
    0x08003224   0x08003224   0x00000030   Data   RO          182    .conststring        main.o
    0x08003254   0x08003254   0x00000020   Data   RO         4873    Region$$Table       anon$$obj.o


    Execution Region RW_IRAM1 (Exec base: 0x20000000, Load base: 0x08003274, Size: 0x00001e18, Max: 0x00005000, ABSOLUTE)

    Exec Addr    Load Addr    Size         Type   Attr      Idx    E Section Name        Object

    0x20000000   0x08003274   0x00000010   Data   RW          183    .data               main.o
    0x20000010   0x08003284   0x00000010   Data   RW          299    .data               stm32f1xx_it.o
    0x20000020   0x08003294   0x0000000c   Data   RW          473    .data               stm32f1xx_hal.o
    0x2000002c   0x080032a0   0x00000004   Data   RW         2765    .data               system_stm32f1xx.o
    0x20000030   0x080032a4   0x0000003c   Data   RW         3431    .data               tasks.o
    0x2000006c   0x080032e0   0x00000014   Data   RW         3771    .data               timers.o
    0x20000080   0x080032f4   0x00000004   Data   RW         3995    .data               cmsis_os2.o
    0x20000084   0x080032f8   0x00000020   Data   RW         4436    .data               heap_4.o
    0x200000a4   0x08003318   0x0000000c   Data   RW         4492    .data               port.o
    0x200000b0   0x08003324   0x00000004   Data   RW         4849    .data               mc_w.l(stdout.o)
    0x200000b4        -       0x00000090   Zero   RW          180    .bss                main.o
    0x20000144        -       0x00000040   Zero   RW         3004    .bss                queue.o
    0x20000184        -       0x000004c4   Zero   RW         3430    .bss                tasks.o
    0x20000648        -       0x00000118   Zero   RW         3770    .bss                timers.o
    0x20000760        -       0x000006b8   Zero   RW         3994    .bss                cmsis_os2.o
    0x20000e18        -       0x00000c00   Zero   RW         4435    .bss                heap_4.o
    0x20001a18        -       0x00000400   Zero   RW          161    STACK               startup_stm32f103xb.o


==============================================================================

Image component sizes


      Code (inc. data)   RO Data    RW Data    ZI Data      Debug   Object Name

       274         22          0          4       1720      57515   cmsis_os2.o
         0          0          0          0          0      19632   event_groups.o
       472         24          0         32       3072       4835   heap_4.o
       138          0          0          0          0       3470   list.o
       648        104        192         16        144       9418   main.o
       662         70          0         12          0      10881   port.o
      1514         20          0          0         64      17232   queue.o
        36          8        236          0       1024        784   startup_stm32f103xb.o
       128         24          0         12          0       5389   stm32f1xx_hal.o
       198         14          0          0          0      29015   stm32f1xx_hal_cortex.o
       490         34          0          0          0       2928   stm32f1xx_hal_gpio.o
       244         32          0          0          0       2224   stm32f1xx_hal_msp.o
      1240         84         18          0          0       5188   stm32f1xx_hal_rcc.o
       930         26          0          0          0      10558   stm32f1xx_hal_tim.o
       108         12          0          0          0       2453   stm32f1xx_hal_tim_ex.o
       284          6          0          0          0       1972   stm32f1xx_hal_uart.o
       108         10          0         16          0       4843   stm32f1xx_it.o
         0          0          0          0          0        380   stream_buffer.o
         2          0         24          4          0       1155   system_stm32f1xx.o
      2560        196          0         60       1220      31040   tasks.o
       972         80          0         20        280      32207   timers.o
       300        196          0          0          0     438909   usertask.o

    ----------------------------------------------------------------------
     11342        962        504        176       7524     692028   Object Totals
         0          0         32          0          0          0   (incl. Generated)
        34          0          2          0          0          0   (incl. Padding)

    ----------------------------------------------------------------------

      Code (inc. data)   RO Data    RW Data    ZI Data      Debug   Library Member Name

         0          0          0          0          0          0   entry.o
         0          0          0          0          0          0   entry10a.o
         0          0          0          0          0          0   entry11a.o
         8          4          0          0          0          0   entry2.o
         4          0          0          0          0          0   entry5.o
         0          0          0          0          0          0   entry7b.o
         0          0          0          0          0          0   entry8b.o
         8          4          0          0          0          0   entry9a.o
        30          0          0          0          0          0   handlers.o
        36          8          0          0          0         68   init.o
        30          0          0          0          0         68   llshl.o
        32          0          0          0          0         68   llushr.o
        36          0          0          0          0         68   memcpya.o
        36          0          0          0          0        108   memseta.o
       736         56          0          0          0        184   printf5.o
         0          0          0          4          0          0   stdout.o
        14          0          0          0          0         68   strlen.o
        98          0          0          0          0         92   uldiv.o

    ----------------------------------------------------------------------
      1070         72          0          4          0        724   Library Totals
         2          0          0          0          0          0   (incl. Padding)

    ----------------------------------------------------------------------

      Code (inc. data)   RO Data    RW Data    ZI Data      Debug   Library Name

      1068         72          0          4          0        724   mc_w.l

    ----------------------------------------------------------------------
      1070         72          0          4          0        724   Library Totals

    ----------------------------------------------------------------------

==============================================================================


      Code (inc. data)   RO Data    RW Data    ZI Data      Debug   

     12412       1034        504        180       7524     686092   Grand Totals
     12412       1034        504        180       7524     686092   ELF Image Totals
     12412       1034        504        180          0          0   ROM Totals

==============================================================================

    Total RO  Size (Code + RO Data)                12916 (  12.61kB)
    Total RW  Size (RW Data + ZI Data)              7704 (   7.52kB)
    Total ROM Size (Code + RO Data + RW Data)      13096 (  12.79kB)

==============================================================================

